Archive member included to satisfy reference by file (symbol)

/usr/local/Cellar/arm-none-eabi-gcc/10.3-2021.07/gcc/bin/../lib/gcc/arm-none-eabi/10.3.1/thumb/v6-m/nofp/libgcc.a(_dvmd_tls.o)
                              CMakeFiles/silnik.dir/Users/jakubkloczko/pico/pico-sdk/src/rp2_common/pico_divider/divider.S.obj (__aeabi_idiv0)
/usr/local/Cellar/arm-none-eabi-gcc/10.3-2021.07/gcc/bin/../lib/gcc/arm-none-eabi/10.3.1/../../../../arm-none-eabi/lib/thumb/v6-m/nofp/libg.a(lib_a-calloc.o)
                              CMakeFiles/silnik.dir/Users/jakubkloczko/pico/pico-sdk/src/rp2_common/pico_malloc/pico_malloc.c.obj (calloc)
/usr/local/Cellar/arm-none-eabi-gcc/10.3-2021.07/gcc/bin/../lib/gcc/arm-none-eabi/10.3.1/../../../../arm-none-eabi/lib/thumb/v6-m/nofp/libg.a(lib_a-callocr.o)
                              /usr/local/Cellar/arm-none-eabi-gcc/10.3-2021.07/gcc/bin/../lib/gcc/arm-none-eabi/10.3.1/../../../../arm-none-eabi/lib/thumb/v6-m/nofp/libg.a(lib_a-calloc.o) (_calloc_r)
/usr/local/Cellar/arm-none-eabi-gcc/10.3-2021.07/gcc/bin/../lib/gcc/arm-none-eabi/10.3.1/../../../../arm-none-eabi/lib/thumb/v6-m/nofp/libg.a(lib_a-errno.o)
                              /usr/local/Cellar/arm-none-eabi-gcc/10.3-2021.07/gcc/bin/../lib/gcc/arm-none-eabi/10.3.1/../../../../arm-none-eabi/lib/thumb/v6-m/nofp/libg.a(lib_a-callocr.o) (__errno)
/usr/local/Cellar/arm-none-eabi-gcc/10.3-2021.07/gcc/bin/../lib/gcc/arm-none-eabi/10.3.1/../../../../arm-none-eabi/lib/thumb/v6-m/nofp/libg.a(lib_a-impure.o)
                              /usr/local/Cellar/arm-none-eabi-gcc/10.3-2021.07/gcc/bin/../lib/gcc/arm-none-eabi/10.3.1/../../../../arm-none-eabi/lib/thumb/v6-m/nofp/libg.a(lib_a-calloc.o) (_impure_ptr)
/usr/local/Cellar/arm-none-eabi-gcc/10.3-2021.07/gcc/bin/../lib/gcc/arm-none-eabi/10.3.1/../../../../arm-none-eabi/lib/thumb/v6-m/nofp/libg.a(lib_a-init.o)
                              /usr/local/Cellar/arm-none-eabi-gcc/10.3-2021.07/gcc/bin/../lib/gcc/arm-none-eabi/10.3.1/../../../../arm-none-eabi/lib/thumb/v6-m/nofp/crt0.o (__libc_init_array)
/usr/local/Cellar/arm-none-eabi-gcc/10.3-2021.07/gcc/bin/../lib/gcc/arm-none-eabi/10.3.1/../../../../arm-none-eabi/lib/thumb/v6-m/nofp/libg.a(lib_a-malloc.o)
                              CMakeFiles/silnik.dir/Users/jakubkloczko/pico/pico-sdk/src/rp2_common/pico_malloc/pico_malloc.c.obj (malloc)
/usr/local/Cellar/arm-none-eabi-gcc/10.3-2021.07/gcc/bin/../lib/gcc/arm-none-eabi/10.3.1/../../../../arm-none-eabi/lib/thumb/v6-m/nofp/libg.a(lib_a-mallocr.o)
                              /usr/local/Cellar/arm-none-eabi-gcc/10.3-2021.07/gcc/bin/../lib/gcc/arm-none-eabi/10.3.1/../../../../arm-none-eabi/lib/thumb/v6-m/nofp/libg.a(lib_a-callocr.o) (_malloc_r)
/usr/local/Cellar/arm-none-eabi-gcc/10.3-2021.07/gcc/bin/../lib/gcc/arm-none-eabi/10.3.1/../../../../arm-none-eabi/lib/thumb/v6-m/nofp/libg.a(lib_a-mlock.o)
                              /usr/local/Cellar/arm-none-eabi-gcc/10.3-2021.07/gcc/bin/../lib/gcc/arm-none-eabi/10.3.1/../../../../arm-none-eabi/lib/thumb/v6-m/nofp/libg.a(lib_a-mallocr.o) (__malloc_lock)
/usr/local/Cellar/arm-none-eabi-gcc/10.3-2021.07/gcc/bin/../lib/gcc/arm-none-eabi/10.3.1/../../../../arm-none-eabi/lib/thumb/v6-m/nofp/libg.a(lib_a-realloc.o)
                              CMakeFiles/silnik.dir/Users/jakubkloczko/pico/pico-sdk/src/rp2_common/pico_malloc/pico_malloc.c.obj (realloc)
/usr/local/Cellar/arm-none-eabi-gcc/10.3-2021.07/gcc/bin/../lib/gcc/arm-none-eabi/10.3.1/../../../../arm-none-eabi/lib/thumb/v6-m/nofp/libg.a(lib_a-reallocr.o)
                              /usr/local/Cellar/arm-none-eabi-gcc/10.3-2021.07/gcc/bin/../lib/gcc/arm-none-eabi/10.3.1/../../../../arm-none-eabi/lib/thumb/v6-m/nofp/libg.a(lib_a-realloc.o) (_realloc_r)
/usr/local/Cellar/arm-none-eabi-gcc/10.3-2021.07/gcc/bin/../lib/gcc/arm-none-eabi/10.3.1/../../../../arm-none-eabi/lib/thumb/v6-m/nofp/libg.a(lib_a-sbrkr.o)
                              /usr/local/Cellar/arm-none-eabi-gcc/10.3-2021.07/gcc/bin/../lib/gcc/arm-none-eabi/10.3.1/../../../../arm-none-eabi/lib/thumb/v6-m/nofp/libg.a(lib_a-mallocr.o) (_sbrk_r)
/usr/local/Cellar/arm-none-eabi-gcc/10.3-2021.07/gcc/bin/../lib/gcc/arm-none-eabi/10.3.1/../../../../arm-none-eabi/lib/thumb/v6-m/nofp/libg.a(lib_a-strlen-stub.o)
                              CMakeFiles/silnik.dir/Users/jakubkloczko/pico/pico-sdk/src/rp2_common/pico_stdio/stdio.c.obj (strlen)
/usr/local/Cellar/arm-none-eabi-gcc/10.3-2021.07/gcc/bin/../lib/gcc/arm-none-eabi/10.3.1/../../../../arm-none-eabi/lib/thumb/v6-m/nofp/libg.a(lib_a-freer.o)
                              /usr/local/Cellar/arm-none-eabi-gcc/10.3-2021.07/gcc/bin/../lib/gcc/arm-none-eabi/10.3.1/../../../../arm-none-eabi/lib/thumb/v6-m/nofp/libg.a(lib_a-malloc.o) (_free_r)
/usr/local/Cellar/arm-none-eabi-gcc/10.3-2021.07/gcc/bin/../lib/gcc/arm-none-eabi/10.3.1/../../../../arm-none-eabi/lib/thumb/v6-m/nofp/libg.a(lib_a-lock.o)
[...]
Memory Configuration

Name             Origin             Length             Attributes
FLASH            0x0000000010000000 0x0000000000200000 xr
RAM              0x0000000020000000 0x0000000000040000 xrw
SCRATCH_X        0x0000000020040000 0x0000000000001000 xrw
SCRATCH_Y        0x0000000020041000 0x0000000000001000 xrw
*default*        0x0000000000000000 0xffffffffffffffff

Linker script and memory map

LOAD /usr/local/Cellar/arm-none-eabi-gcc/10.3-2021.07/gcc/bin/../lib/gcc/arm-none-eabi/10.3.1/thumb/v6-m/nofp/crti.o
LOAD /usr/local/Cellar/arm-none-eabi-gcc/10.3-2021.07/gcc/bin/../lib/gcc/arm-none-eabi/10.3.1/thumb/v6-m/nofp/crtbegin.o
LOAD /usr/local/Cellar/arm-none-eabi-gcc/10.3-2021.07/gcc/bin/../lib/gcc/arm-none-eabi/10.3.1/../../../../arm-none-eabi/lib/thumb/v6-m/nofp/crt0.o

.flash_begin    0x0000000010000000        0x0
                0x0000000010000000                __flash_binary_start = .

.boot2          0x0000000010000000      0x100
                0x0000000010000000                __boot2_start__ = .
 *(.boot2)
 .boot2         0x0000000010000000      0x100 /var/folders/43/k18r8kw12vzb9bsxvpkvt5s80000gn/T//cc3X0FtF.o
                0x0000000010000100                __boot2_end__ = .
                0x0000000000000001                ASSERT (((__boot2_end__ - __boot2_start__) == 0x100), ERROR: Pico second stage bootloader must be 256 bytes in size)

.text           0x0000000010000100     0x7008
                0x0000000010000100                __logical_binary_start = .
 *(.vectors)
 .vectors       0x0000000010000100       0xd4 CMakeFiles/silnik.dir/Users/jakubkloczko/pico/pico-sdk/src/rp2_common/pico_standard_link/crt0.S.obj
                0x0000000010000100                __VECTOR_TABLE
                0x0000000010000100                __vectors
                0x00000000100001c0                __default_isrs_start
                0x00000000100001c0                isr_invalid
                0x00000000100001c2                isr_nmi
                0x00000000100001c4                isr_hardfault
                0x00000000100001c6                isr_svcall
                0x00000000100001c8                isr_pendsv
                0x00000000100001ca                isr_systick
                0x00000000100001cc                isr_irq28
                0x00000000100001cc                isr_irq19
                0x00000000100001cc                isr_irq0
                0x00000000100001cc                isr_irq6
                0x00000000100001cc                isr_irq22
                0x00000000100001cc                isr_irq17
                0x00000000100001cc                isr_irq14
                0x00000000100001cc                isr_irq2
                0x00000000100001cc                isr_irq10
                0x00000000100001cc                isr_irq8
                0x00000000100001cc                isr_irq24
                0x00000000100001cc                isr_irq1
                0x00000000100001cc                isr_irq7
                0x00000000100001cc                isr_irq21
                0x00000000100001cc                isr_irq20
                0x00000000100001cc                isr_irq15
                0x00000000100001cc                isr_irq25
                0x00000000100001cc                isr_irq4
                0x00000000100001cc                isr_irq16
                0x00000000100001cc                isr_irq29
                0x00000000100001cc                isr_irq26
                0x00000000100001cc                __default_isrs_end
                0x00000000100001cc                isr_irq3
                0x00000000100001cc                isr_irq9
                0x00000000100001cc                __unhandled_user_irq
                0x00000000100001cc                isr_irq13
                0x00000000100001cc                isr_irq27
                0x00000000100001cc                isr_irq31
                0x00000000100001cc                isr_irq5
                0x00000000100001cc                isr_irq11
                0x00000000100001cc                isr_irq23
                0x00000000100001cc                isr_irq18
                0x00000000100001cc                isr_irq30
                0x00000000100001cc                isr_irq12
                0x00000000100001d2                unhandled_user_irq_num_in_r0
 *(.binary_info_header)
 .binary_info_header
                0x00000000100001d4       0x14 CMakeFiles/silnik.dir/Users/jakubkloczko/pico/pico-sdk/src/rp2_common/pico_standard_link/crt0.S.obj
                0x00000000100001e8                __binary_info_header_end = .
 *(.reset)
 .reset         0x00000000100001e8       0xa0 CMakeFiles/silnik.dir/Users/jakubkloczko/pico/pico-sdk/src/rp2_common/pico_standard_link/crt0.S.obj
                0x00000000100001e8                _entry_point
 .reset         0x0000000010000288       0x30 CMakeFiles/silnik.dir/Users/jakubkloczko/pico/pico-sdk/src/rp2_common/pico_standard_link/binary_info.c.obj
 *(.init)
 .init          0x00000000100002b8        0x4 /usr/local/Cellar/arm-none-eabi-gcc/10.3-2021.07/gcc/bin/../lib/gcc/arm-none-eabi/10.3.1/thumb/v6-m/nofp/crti.o
                0x00000000100002b8                _init
 *(EXCLUDE_FILE(*libm.a: *libc.a:*lib_a-mem*.o *libgcc.a:) .text*)
 .text          0x00000000100002bc       0x48 /usr/local/Cellar/arm-none-eabi-gcc/10.3-2021.07/gcc/bin/../lib/gcc/arm-none-eabi/10.3.1/thumb/v6-m/nofp/crtbegin.o
 .text.enable_pins
                0x0000000010000304       0x30 CMakeFiles/silnik.dir/main.c.obj
                0x0000000010000304                enable_pins
 .text.main     0x0000000010000334       0x42 CMakeFiles/silnik.dir/main.c.obj
                0x0000000010000334                main
 *fill*         0x0000000010000376        0x2 
 .text.gpio_set_function
                0x0000000010000378       0x30 CMakeFiles/silnik.dir/Users/jakubkloczko/pico/pico-sdk/src/rp2_common/hardware_gpio/gpio.c.obj
                0x0000000010000378                gpio_set_function
 .text.gpio_init
                0x00000000100003a8       0x16 CMakeFiles/silnik.dir/Users/jakubkloczko/pico/pico-sdk/src/rp2_common/hardware_gpio/gpio.c.obj
                0x00000000100003a8                gpio_init
 *fill*         0x00000000100003be        0x2 
 .text.running_on_fpga
                0x00000000100003c0       0x14 CMakeFiles/silnik.dir/Users/jakubkloczko/pico/pico-sdk/src/rp2_common/pico_platform/platform.c.obj
                0x00000000100003c0                running_on_fpga
 .text.hw_claim_lock
                0x00000000100003d4       0x18 CMakeFiles/silnik.dir/Users/jakubkloczko/pico/pico-sdk/src/rp2_common/hardware_claim/claim.c.obj
                0x00000000100003d4                hw_claim_lock
 .text.hw_claim_unlock
                0x00000000100003ec       0x14 CMakeFiles/silnik.dir/Users/jakubkloczko/pico/pico-sdk/src/rp2_common/hardware_claim/claim.c.obj
                0x00000000100003ec                hw_claim_unlock
 .text.hw_claim_or_assert
                0x0000000010000400       0x32 CMakeFiles/silnik.dir/Users/jakubkloczko/pico/pico-sdk/src/rp2_common/hardware_claim/claim.c.obj
                0x0000000010000400                hw_claim_or_assert
 .text.hw_claim_unused_from_range
                0x0000000010000432       0x50 CMakeFiles/silnik.dir/Users/jakubkloczko/pico/pico-sdk/src/rp2_common/hardware_claim/claim.c.obj
                0x0000000010000432                hw_claim_unused_from_range
 *fill*         0x0000000010000482        0x2 
 .text.spin_locks_reset
                0x0000000010000484       0x20 CMakeFiles/silnik.dir/Users/jakubkloczko/pico/pico-sdk/src/rp2_common/hardware_sync/sync.c.obj
                0x0000000010000484                spin_locks_reset
 .text.next_striped_spin_lock_num
                0x00000000100004a4       0x1c CMakeFiles/silnik.dir/Users/jakubkloczko/pico/pico-sdk/src/rp2_common/hardware_sync/sync.c.obj
                0x00000000100004a4                next_striped_spin_lock_num
 .text.spin_lock_claim_unused
                0x00000000100004c0       0x20 CMakeFiles/silnik.dir/Users/jakubkloczko/pico/pico-sdk/src/rp2_common/hardware_sync/sync.c.obj
                0x00000000100004c0                spin_lock_claim_unused
 .text.set_raw_irq_handler_and_unlock
                0x00000000100004e0       0x28 CMakeFiles/silnik.dir/Users/jakubkloczko/pico/pico-sdk/src/rp2_common/hardware_irq/irq.c.obj
 .text.make_branch
                0x0000000010000508       0x48 CMakeFiles/silnik.dir/Users/jakubkloczko/pico/pico-sdk/src/rp2_common/hardware_irq/irq.c.obj
 .text.insert_branch_and_link
                0x0000000010000550       0x40 CMakeFiles/silnik.dir/Users/jakubkloczko/pico/pico-sdk/src/rp2_common/hardware_irq/irq.c.obj
 .text.irq_is_enabled
                0x0000000010000590       0x18 CMakeFiles/silnik.dir/Users/jakubkloczko/pico/pico-sdk/src/rp2_common/hardware_irq/irq.c.obj
                0x0000000010000590                irq_is_enabled
 .text.irq_set_mask_enabled
                0x00000000100005a8       0x20 CMakeFiles/silnik.dir/Users/jakubkloczko/pico/pico-sdk/src/rp2_common/hardware_irq/irq.c.obj
                0x00000000100005a8                irq_set_mask_enabled
 .text.irq_set_enabled
                0x00000000100005c8        0xe CMakeFiles/silnik.dir/Users/jakubkloczko/pico/pico-sdk/src/rp2_common/hardware_irq/irq.c.obj
                0x00000000100005c8                irq_set_enabled
 *fill*         0x00000000100005d6        0x2 
 .text.irq_set_pending
                0x00000000100005d8       0x10 CMakeFiles/silnik.dir/Users/jakubkloczko/pico/pico-sdk/src/rp2_common/hardware_irq/irq.c.obj
                0x00000000100005d8                irq_set_pending
 .text.irq_get_vtable_handler
                0x00000000100005e8       0x10 CMakeFiles/silnik.dir/Users/jakubkloczko/pico/pico-sdk/src/rp2_common/hardware_irq/irq.c.obj
                0x00000000100005e8                irq_get_vtable_handler
 .text.irq_has_shared_handler
                0x00000000100005f8       0x24 CMakeFiles/silnik.dir/Users/jakubkloczko/pico/pico-sdk/src/rp2_common/hardware_irq/irq.c.obj
                0x00000000100005f8                irq_has_shared_handler
 .text.irq_set_exclusive_handler
                0x000000001000061c       0x54 CMakeFiles/silnik.dir/Users/jakubkloczko/pico/pico-sdk/src/rp2_common/hardware_irq/irq.c.obj
                0x000000001000061c                irq_set_exclusive_handler
 .text.irq_add_shared_handler
                0x0000000010000670      0x234 CMakeFiles/silnik.dir/Users/jakubkloczko/pico/pico-sdk/src/rp2_common/hardware_irq/irq.c.obj
                0x0000000010000670                irq_add_shared_handler
 .text.irq_remove_handler
                0x00000000100008a4      0x1ac CMakeFiles/silnik.dir/Users/jakubkloczko/pico/pico-sdk/src/rp2_common/hardware_irq/irq.c.obj
                0x00000000100008a4                irq_remove_handler
 .text.irq_add_tail_to_free_list
                0x0000000010000a50       0xf0 CMakeFiles/silnik.dir/Users/jakubkloczko/pico/pico-sdk/src/rp2_common/hardware_irq/irq.c.obj
                0x0000000010000a50                irq_add_tail_to_free_list
 .text.irq_init_priorities
                0x0000000010000b40       0x1c CMakeFiles/silnik.dir/Users/jakubkloczko/pico/pico-sdk/src/rp2_common/hardware_irq/irq.c.obj
                0x0000000010000b40                irq_init_priorities
 .text.user_irq_claim_unused
                0x0000000010000b5c       0x28 CMakeFiles/silnik.dir/Users/jakubkloczko/pico/pico-sdk/src/rp2_common/hardware_irq/irq.c.obj
                0x0000000010000b5c                user_irq_claim_unused
 .text.lock_init
                0x0000000010000b84       0x10 CMakeFiles/silnik.dir/Users/jakubkloczko/pico/pico-sdk/src/common/pico_sync/lock_core.c.obj
                0x0000000010000b84                lock_init
 .text.mutex_init
                0x0000000010000b94       0x1a CMakeFiles/silnik.dir/Users/jakubkloczko/pico/pico-sdk/src/common/pico_sync/mutex.c.obj
                0x0000000010000b94                mutex_init
 .text.recursive_mutex_init
                0x0000000010000bae       0x1e CMakeFiles/silnik.dir/Users/jakubkloczko/pico/pico-sdk/src/common/pico_sync/mutex.c.obj
                0x0000000010000bae                recursive_mutex_init
 .text.critical_section_init_with_lock_num
                0x0000000010000bcc       0x14 CMakeFiles/silnik.dir/Users/jakubkloczko/pico/pico-sdk/src/common/pico_sync/critical_section.c.obj
                0x0000000010000bcc                critical_section_init_with_lock_num
 .text.critical_section_init
                0x0000000010000be0       0x14 CMakeFiles/silnik.dir/Users/jakubkloczko/pico/pico-sdk/src/common/pico_sync/critical_section.c.obj
                0x0000000010000be0                critical_section_init
 .text.alarm_pool_post_alloc_init
                0x0000000010000bf4       0x40 CMakeFiles/silnik.dir/Users/jakubkloczko/pico/pico-sdk/src/common/pico_time/time.c.obj
 .text.sleep_until_callback
                0x0000000010000c34       0x30 CMakeFiles/silnik.dir/Users/jakubkloczko/pico/pico-sdk/src/common/pico_time/time.c.obj
 .text.timer_pool_entry_comparator
                0x0000000010000c64       0x7c CMakeFiles/silnik.dir/Users/jakubkloczko/pico/pico-sdk/src/common/pico_time/time.c.obj
                0x0000000010000c64                timer_pool_entry_comparator
 .text.ph_add_child_node
                0x0000000010000ce0       0xa4 CMakeFiles/silnik.dir/Users/jakubkloczko/pico/pico-sdk/src/common/pico_time/time.c.obj
 .text.ph_merge_nodes
                0x0000000010000d84       0x3e CMakeFiles/silnik.dir/Users/jakubkloczko/pico/pico-sdk/src/common/pico_time/time.c.obj
 *fill*         0x0000000010000dc2        0x2 
 .text.add_alarm_under_lock
                0x0000000010000dc4      0x174 CMakeFiles/silnik.dir/Users/jakubkloczko/pico/pico-sdk/src/common/pico_time/time.c.obj
 .text.alarm_pool_alarm_callback
                0x0000000010000f38      0x33c CMakeFiles/silnik.dir/Users/jakubkloczko/pico/pico-sdk/src/common/pico_time/time.c.obj
 .text.alarm_pool_init_default
                0x0000000010001274       0x40 CMakeFiles/silnik.dir/Users/jakubkloczko/pico/pico-sdk/src/common/pico_time/time.c.obj
                0x0000000010001274                alarm_pool_init_default
 .text.alarm_pool_get_default
                0x00000000100012b4       0x2c CMakeFiles/silnik.dir/Users/jakubkloczko/pico/pico-sdk/src/common/pico_time/time.c.obj
                0x00000000100012b4                alarm_pool_get_default
 .text.alarm_pool_add_alarm_at
                0x00000000100012e0      0x168 CMakeFiles/silnik.dir/Users/jakubkloczko/pico/pico-sdk/src/common/pico_time/time.c.obj
                0x00000000100012e0                alarm_pool_add_alarm_at
 .text.alarm_pool_cancel_alarm
                0x0000000010001448       0xf0 CMakeFiles/silnik.dir/Users/jakubkloczko/pico/pico-sdk/src/common/pico_time/time.c.obj
                0x0000000010001448                alarm_pool_cancel_alarm
 .text.alarm_pool_core_num
                0x0000000010001538        0x4 CMakeFiles/silnik.dir/Users/jakubkloczko/pico/pico-sdk/src/common/pico_time/time.c.obj
                0x0000000010001538                alarm_pool_core_num
 .text.sleep_until
                0x000000001000153c       0xfc CMakeFiles/silnik.dir/Users/jakubkloczko/pico/pico-sdk/src/common/pico_time/time.c.obj
                0x000000001000153c                sleep_until
 .text.sleep_us
                0x0000000010001638       0x58 CMakeFiles/silnik.dir/Users/jakubkloczko/pico/pico-sdk/src/common/pico_time/time.c.obj
                0x0000000010001638                sleep_us
 .text.sleep_ms
                0x0000000010001690       0x14 CMakeFiles/silnik.dir/Users/jakubkloczko/pico/pico-sdk/src/common/pico_time/time.c.obj
                0x0000000010001690                sleep_ms
 .text.best_effort_wfe_or_timeout
                0x00000000100016a4       0xac CMakeFiles/silnik.dir/Users/jakubkloczko/pico/pico-sdk/src/common/pico_time/time.c.obj
                0x00000000100016a4                best_effort_wfe_or_timeout
 .text.hardware_alarm_irq_handler
                0x0000000010001750       0x90 CMakeFiles/silnik.dir/Users/jakubkloczko/pico/pico-sdk/src/rp2_common/hardware_timer/timer.c.obj
 .text.hardware_alarm_claim
                0x00000000100017e0       0x18 CMakeFiles/silnik.dir/Users/jakubkloczko/pico/pico-sdk/src/rp2_common/hardware_timer/timer.c.obj
                0x00000000100017e0                hardware_alarm_claim
 .text.time_us_64
                0x00000000100017f8       0x18 CMakeFiles/silnik.dir/Users/jakubkloczko/pico/pico-sdk/src/rp2_common/hardware_timer/timer.c.obj
                0x00000000100017f8                time_us_64
 .text.busy_wait_until
                0x0000000010001810       0x28 CMakeFiles/silnik.dir/Users/jakubkloczko/pico/pico-sdk/src/rp2_common/hardware_timer/timer.c.obj
                0x0000000010001810                busy_wait_until
 .text.hardware_alarm_set_callback
                0x0000000010001838       0x90 CMakeFiles/silnik.dir/Users/jakubkloczko/pico/pico-sdk/src/rp2_common/hardware_timer/timer.c.obj
                0x0000000010001838                hardware_alarm_set_callback
 .text.hardware_alarm_set_target
                0x00000000100018c8       0xe8 CMakeFiles/silnik.dir/Users/jakubkloczko/pico/pico-sdk/src/rp2_common/hardware_timer/timer.c.obj
                0x00000000100018c8                hardware_alarm_set_target
 .text.hardware_alarm_cancel
                0x00000000100019b0       0x40 CMakeFiles/silnik.dir/Users/jakubkloczko/pico/pico-sdk/src/rp2_common/hardware_timer/timer.c.obj
                0x00000000100019b0                hardware_alarm_cancel
 .text.ph_add_child_node
                0x00000000100019f0       0xa4 CMakeFiles/silnik.dir/Users/jakubkloczko/pico/pico-sdk/src/common/pico_util/pheap.c.obj
 .text.ph_merge_nodes
                0x0000000010001a94       0x3e CMakeFiles/silnik.dir/Users/jakubkloczko/pico/pico-sdk/src/common/pico_util/pheap.c.obj
 *fill*         0x0000000010001ad2        0x2 
 .text.ph_clear
                0x0000000010001ad4       0x70 CMakeFiles/silnik.dir/Users/jakubkloczko/pico/pico-sdk/src/common/pico_util/pheap.c.obj
                0x0000000010001ad4                ph_clear
 .text.ph_post_alloc_init
                0x0000000010001b44        0xe CMakeFiles/silnik.dir/Users/jakubkloczko/pico/pico-sdk/src/common/pico_util/pheap.c.obj
                0x0000000010001b44                ph_post_alloc_init
 *fill*         0x0000000010001b52        0x2 
 .text.ph_merge_two_pass
                0x0000000010001b54       0xa8 CMakeFiles/silnik.dir/Users/jakubkloczko/pico/pico-sdk/src/common/pico_util/pheap.c.obj
                0x0000000010001b54                ph_merge_two_pass
 .text.ph_remove_any_head
                0x0000000010001bfc      0x128 CMakeFiles/silnik.dir/Users/jakubkloczko/pico/pico-sdk/src/common/pico_util/pheap.c.obj
 .text.ph_remove_head
                0x0000000010001d24       0x14 CMakeFiles/silnik.dir/Users/jakubkloczko/pico/pico-sdk/src/common/pico_util/pheap.c.obj
                0x0000000010001d24                ph_remove_head
 .text.ph_remove_and_free_node
                0x0000000010001d38       0xf8 CMakeFiles/silnik.dir/Users/jakubkloczko/pico/pico-sdk/src/common/pico_util/pheap.c.obj
                0x0000000010001d38                ph_remove_and_free_node
 .text.uart_set_baudrate
                0x0000000010001e30       0x5c CMakeFiles/silnik.dir/Users/jakubkloczko/pico/pico-sdk/src/rp2_common/hardware_uart/uart.c.obj
                0x0000000010001e30                uart_set_baudrate
 .text.uart_set_translate_crlf
                0x0000000010001e8c       0x28 CMakeFiles/silnik.dir/Users/jakubkloczko/pico/pico-sdk/src/rp2_common/hardware_uart/uart.c.obj
                0x0000000010001e8c                uart_set_translate_crlf
 .text.uart_init
                0x0000000010001eb4       0x80 CMakeFiles/silnik.dir/Users/jakubkloczko/pico/pico-sdk/src/rp2_common/hardware_uart/uart.c.obj
                0x0000000010001eb4                uart_init
 .text.clock_configure
                0x0000000010001f34      0x104 CMakeFiles/silnik.dir/Users/jakubkloczko/pico/pico-sdk/src/rp2_common/hardware_clocks/clocks.c.obj
                0x0000000010001f34                clock_configure
 .text.clocks_init
                0x0000000010002038      0x100 CMakeFiles/silnik.dir/Users/jakubkloczko/pico/pico-sdk/src/rp2_common/hardware_clocks/clocks.c.obj
                0x0000000010002038                clocks_init
 .text.clock_get_hz
                0x0000000010002138        0xc CMakeFiles/silnik.dir/Users/jakubkloczko/pico/pico-sdk/src/rp2_common/hardware_clocks/clocks.c.obj
                0x0000000010002138                clock_get_hz
 .text.pll_init
                0x0000000010002144      0x12c CMakeFiles/silnik.dir/Users/jakubkloczko/pico/pico-sdk/src/rp2_common/hardware_pll/pll.c.obj
                0x0000000010002144                pll_init
 .text.watchdog_start_tick
                0x0000000010002270       0x10 CMakeFiles/silnik.dir/Users/jakubkloczko/pico/pico-sdk/src/rp2_common/hardware_watchdog/watchdog.c.obj
                0x0000000010002270                watchdog_start_tick
 .text.watchdog_update
                0x0000000010002280       0x14 CMakeFiles/silnik.dir/Users/jakubkloczko/pico/pico-sdk/src/rp2_common/hardware_watchdog/watchdog.c.obj
                0x0000000010002280                watchdog_update
 .text._watchdog_enable
                0x0000000010002294       0x78 CMakeFiles/silnik.dir/Users/jakubkloczko/pico/pico-sdk/src/rp2_common/hardware_watchdog/watchdog.c.obj
                0x0000000010002294                _watchdog_enable
 .text.watchdog_reboot
                0x000000001000230c       0x48 CMakeFiles/silnik.dir/Users/jakubkloczko/pico/pico-sdk/src/rp2_common/hardware_watchdog/watchdog.c.obj
                0x000000001000230c                watchdog_reboot
 .text.xosc_init
                0x0000000010002354       0x28 CMakeFiles/silnik.dir/Users/jakubkloczko/pico/pico-sdk/src/rp2_common/hardware_xosc/xosc.c.obj
                0x0000000010002354                xosc_init
 .text._exit    0x000000001000237c        0x4 CMakeFiles/silnik.dir/Users/jakubkloczko/pico/pico-sdk/src/rp2_common/pico_runtime/runtime.c.obj
                0x000000001000237c                _exit
 .text.exit     0x0000000010002380        0x6 CMakeFiles/silnik.dir/Users/jakubkloczko/pico/pico-sdk/src/rp2_common/pico_runtime/runtime.c.obj
                0x0000000010002380                exit
 *fill*         0x0000000010002386        0x2 
 .text.__assert_func
                0x0000000010002388       0x3c CMakeFiles/silnik.dir/Users/jakubkloczko/pico/pico-sdk/src/rp2_common/pico_runtime/runtime.c.obj
                0x0000000010002388                __assert_func
 .text.runtime_init
                0x00000000100023c4       0xf8 CMakeFiles/silnik.dir/Users/jakubkloczko/pico/pico-sdk/src/rp2_common/pico_runtime/runtime.c.obj
                0x00000000100023c4                runtime_init
 .text.panic    0x00000000100024bc       0x30 CMakeFiles/silnik.dir/Users/jakubkloczko/pico/pico-sdk/src/rp2_common/pico_runtime/runtime.c.obj
                0x00000000100024bc                panic
 .text._out_null
                0x00000000100024ec        0x2 CMakeFiles/silnik.dir/Users/jakubkloczko/pico/pico-sdk/src/rp2_common/pico_printf/printf.c.obj
 .text._out_fct
                0x00000000100024ee        0xe CMakeFiles/silnik.dir/Users/jakubkloczko/pico/pico-sdk/src/rp2_common/pico_printf/printf.c.obj
 .text._atoi    0x00000000100024fc       0x24 CMakeFiles/silnik.dir/Users/jakubkloczko/pico/pico-sdk/src/rp2_common/pico_printf/printf.c.obj
 .text._out_rev
                0x0000000010002520       0xae CMakeFiles/silnik.dir/Users/jakubkloczko/pico/pico-sdk/src/rp2_common/pico_printf/printf.c.obj
 .text._ntoa_format
                0x00000000100025ce      0x112 CMakeFiles/silnik.dir/Users/jakubkloczko/pico/pico-sdk/src/rp2_common/pico_printf/printf.c.obj
 .text._ntoa_long
                0x00000000100026e0       0xbc CMakeFiles/silnik.dir/Users/jakubkloczko/pico/pico-sdk/src/rp2_common/pico_printf/printf.c.obj
 .text._ntoa_long_long
                0x000000001000279c       0xe2 CMakeFiles/silnik.dir/Users/jakubkloczko/pico/pico-sdk/src/rp2_common/pico_printf/printf.c.obj
 *fill*         0x000000001000287e        0x2 
 .text._etoa    0x0000000010002880      0x414 CMakeFiles/silnik.dir/Users/jakubkloczko/pico/pico-sdk/src/rp2_common/pico_printf/printf.c.obj
 .text._ftoa    0x0000000010002c94      0x354 CMakeFiles/silnik.dir/Users/jakubkloczko/pico/pico-sdk/src/rp2_common/pico_printf/printf.c.obj
 .text._vsnprintf
                0x0000000010002fe8      0x624 CMakeFiles/silnik.dir/Users/jakubkloczko/pico/pico-sdk/src/rp2_common/pico_printf/printf.c.obj
 .text.vfctprintf
                0x000000001000360c       0x20 CMakeFiles/silnik.dir/Users/jakubkloczko/pico/pico-sdk/src/rp2_common/pico_printf/printf.c.obj
                0x000000001000360c                vfctprintf
 .text          0x000000001000362c       0x10 CMakeFiles/silnik.dir/Users/jakubkloczko/pico/pico-sdk/src/rp2_common/pico_bit_ops/bit_ops_aeabi.S.obj
 .text.rom_func_lookup
                0x000000001000363c       0x10 CMakeFiles/silnik.dir/Users/jakubkloczko/pico/pico-sdk/src/rp2_common/pico_bootrom/bootrom.c.obj
                0x000000001000363c                rom_func_lookup
 .text.rom_data_lookup
                0x000000001000364c       0x10 CMakeFiles/silnik.dir/Users/jakubkloczko/pico/pico-sdk/src/rp2_common/pico_bootrom/bootrom.c.obj
                0x000000001000364c                rom_data_lookup
 .text.rom_funcs_lookup
                0x000000001000365c       0x36 CMakeFiles/silnik.dir/Users/jakubkloczko/pico/pico-sdk/src/rp2_common/pico_bootrom/bootrom.c.obj
                0x000000001000365c                rom_funcs_lookup
 *fill*         0x0000000010003692        0x2 
 .text.__wrap___aeabi_idiv
                0x0000000010003694       0x50 CMakeFiles/silnik.dir/Users/jakubkloczko/pico/pico-sdk/src/rp2_common/pico_divider/divider.S.obj
                0x0000000010003694                __wrap___aeabi_idivmod
                0x0000000010003694                divmod_s32s32
                0x0000000010003694                div_s32s32
                0x0000000010003694                __wrap___aeabi_idiv
                0x000000001000369c                divmod_s32s32_unsafe
                0x00000000100036c8                divmod_s32s32_savestate
 .text.__wrap___aeabi_uidiv
                0x00000000100036e4       0x4c CMakeFiles/silnik.dir/Users/jakubkloczko/pico/pico-sdk/src/rp2_common/pico_divider/divider.S.obj
                0x00000000100036e4                __wrap___aeabi_uidiv
                0x00000000100036e4                __wrap___aeabi_uidivmod
                0x00000000100036e4                div_u32u32
                0x00000000100036e4                divmod_u32u32
                0x00000000100036ec                divmod_u32u32_unsafe
                0x0000000010003714                divmod_u32u32_savestate
 .text.__wrap___aeabi_ldiv
                0x0000000010003730      0x424 CMakeFiles/silnik.dir/Users/jakubkloczko/pico/pico-sdk/src/rp2_common/pico_divider/divider.S.obj
                0x0000000010003730                __wrap___aeabi_ldivmod
                0x0000000010003730                div_s64s64
                0x0000000010003730                divmod_s64s64
                0x0000000010003760                divmod_u64u64
                0x0000000010003760                div_u64u64
                0x0000000010003760                __wrap___aeabi_uldivmod
                0x0000000010003770                divmod_u64u64_savestate
                0x0000000010003790                divmod_s64s64_unsafe
                0x0000000010003818                divmod_u64u64_unsafe
 .text.__wrap___aeabi_darithmetic
                0x0000000010003b54       0x80 CMakeFiles/silnik.dir/Users/jakubkloczko/pico/pico-sdk/src/rp2_common/pico_double/double_aeabi.S.obj
                0x0000000010003b54                __wrap___aeabi_drsub
                0x0000000010003b5a                __wrap___aeabi_dsub
                0x0000000010003b6c                __wrap___aeabi_dadd
                0x0000000010003b7e                __wrap___aeabi_ddiv
                0x0000000010003bba                __wrap___aeabi_dmul
 .text.__wrap___aeabi_cdcmple
                0x0000000010003bd4       0x6c CMakeFiles/silnik.dir/Users/jakubkloczko/pico/pico-sdk/src/rp2_common/pico_double/double_aeabi.S.obj
                0x0000000010003bd4                __wrap___aeabi_cdrcmple
                0x0000000010003be4                __wrap___aeabi_cdcmple
                0x0000000010003be4                __wrap___aeabi_cdcmpeq
 .text.__wrap___aeabi_dcmplt
                0x0000000010003c40        0xc CMakeFiles/silnik.dir/Users/jakubkloczko/pico/pico-sdk/src/rp2_common/pico_double/double_aeabi.S.obj
                0x0000000010003c40                __wrap___aeabi_dcmplt
 .text.__wrap___aeabi_dcmple
                0x0000000010003c4c       0x10 CMakeFiles/silnik.dir/Users/jakubkloczko/pico/pico-sdk/src/rp2_common/pico_double/double_aeabi.S.obj
                0x0000000010003c4c                __wrap___aeabi_dcmple
 .text.__wrap___aeabi_dcmpge
                0x0000000010003c5c       0x10 CMakeFiles/silnik.dir/Users/jakubkloczko/pico/pico-sdk/src/rp2_common/pico_double/double_aeabi.S.obj
                0x0000000010003c5c                __wrap___aeabi_dcmpge
 .text.__wrap___aeabi_dcmpgt
                0x0000000010003c6c        0xa CMakeFiles/silnik.dir/Users/jakubkloczko/pico/pico-sdk/src/rp2_common/pico_double/double_aeabi.S.obj
                0x0000000010003c6c                __wrap___aeabi_dcmpgt
 .text.__wrap___aeabi_dcmpun
                0x0000000010003c76       0x1c CMakeFiles/silnik.dir/Users/jakubkloczko/pico/pico-sdk/src/rp2_common/pico_double/double_aeabi.S.obj
                0x0000000010003c76                __wrap___aeabi_dcmpun
 *fill*         0x0000000010003c92        0x2 
 .text.__wrap___aeabi_i2d
                0x0000000010003c94       0x38 CMakeFiles/silnik.dir/Users/jakubkloczko/pico/pico-sdk/src/rp2_common/pico_double/double_aeabi.S.obj
                0x0000000010003c94                __wrap___aeabi_ui2d
                0x0000000010003c9c                __wrap___aeabi_i2d
 .text.__wrap___aeabi_d2iz
                0x0000000010003ccc       0x48 CMakeFiles/silnik.dir/Users/jakubkloczko/pico/pico-sdk/src/rp2_common/pico_double/double_aeabi.S.obj
                0x0000000010003ccc                __wrap___aeabi_d2iz
                0x0000000010003ccc                double2int_z
 .text.__wrap___aeabi_d2uiz
                0x0000000010003d14       0x18 CMakeFiles/silnik.dir/Users/jakubkloczko/pico/pico-sdk/src/rp2_common/pico_double/double_aeabi.S.obj
                0x0000000010003d14                double2uint
                0x0000000010003d14                __wrap___aeabi_d2uiz
 .text.__aeabi_double_init
                0x0000000010003d2c       0xc8 CMakeFiles/silnik.dir/Users/jakubkloczko/pico/pico-sdk/src/rp2_common/pico_double/double_init_rom.c.obj
                0x0000000010003d2c                __aeabi_double_init
 .text.double_table_shim_on_use_helper
                0x0000000010003df4       0x34 CMakeFiles/silnik.dir/Users/jakubkloczko/pico/pico-sdk/src/rp2_common/pico_double/double_v1_rom_shim.S.obj
                0x0000000010003df4                double_table_shim_on_use_helper
 .text.__wrap___aeabi_dsub
                0x0000000010003e28       0x10 CMakeFiles/silnik.dir/Users/jakubkloczko/pico/pico-sdk/src/rp2_common/pico_double/double_v1_rom_shim.S.obj
                0x0000000010003e28                drsub_shim
                0x0000000010003e2e                dsub_shim
 .text.dadd_shim
                0x0000000010003e38      0x15c CMakeFiles/silnik.dir/Users/jakubkloczko/pico/pico-sdk/src/rp2_common/pico_double/double_v1_rom_shim.S.obj
                0x0000000010003e38                dadd_shim
 .text.dmul_shim
                0x0000000010003f94      0x15c CMakeFiles/silnik.dir/Users/jakubkloczko/pico/pico-sdk/src/rp2_common/pico_double/double_v1_rom_shim.S.obj
                0x0000000010003f94                dmul_shim
 .text.ddiv_shim
                0x00000000100040f0      0x1b0 CMakeFiles/silnik.dir/Users/jakubkloczko/pico/pico-sdk/src/rp2_common/pico_double/double_v1_rom_shim.S.obj
                0x00000000100040f0                ddiv_shim
 .text.double2uint_shim
                0x00000000100042a0        0xe CMakeFiles/silnik.dir/Users/jakubkloczko/pico/pico-sdk/src/rp2_common/pico_double/double_v1_rom_shim.S.obj
                0x00000000100042a0                double2uint_shim
                0x00000000100042a2                double2ufix_shim
 *fill*         0x00000000100042ae        0x2 
 .text.double2uint64_shim
                0x00000000100042b0       0x70 CMakeFiles/silnik.dir/Users/jakubkloczko/pico/pico-sdk/src/rp2_common/pico_double/double_v1_rom_shim.S.obj
                0x00000000100042b0                double2uint64_shim
                0x00000000100042b2                double2ufix64_shim
                0x00000000100042d2                d2fix_a
 .text.dunpacks
                0x0000000010004320       0x3c CMakeFiles/silnik.dir/Users/jakubkloczko/pico/pico-sdk/src/rp2_common/pico_double/double_v1_rom_shim.S.obj
                0x0000000010004320                dunpacks
 .text.__aeabi_lmul
                0x000000001000435c       0x32 CMakeFiles/silnik.dir/Users/jakubkloczko/pico/pico-sdk/src/rp2_common/pico_int64_ops/pico_int64_ops_aeabi.S.obj
                0x000000001000435c                __wrap___aeabi_lmul
 *fill*         0x000000001000438e        0x2 
 .text.__aeabi_float_init
                0x0000000010004390       0xfc CMakeFiles/silnik.dir/Users/jakubkloczko/pico/pico-sdk/src/rp2_common/pico_float/float_init_rom.c.obj
                0x0000000010004390                __aeabi_float_init
 .text.float_table_shim_on_use_helper
                0x000000001000448c       0x34 CMakeFiles/silnik.dir/Users/jakubkloczko/pico/pico-sdk/src/rp2_common/pico_float/float_v1_rom_shim.S.obj
                0x000000001000448c                float_table_shim_on_use_helper
 .text          0x00000000100044c0       0x10 CMakeFiles/silnik.dir/Users/jakubkloczko/pico/pico-sdk/src/rp2_common/pico_mem_ops/mem_ops_aeabi.S.obj
                0x00000000100044c0                __aeabi_mem_init
 .text.memset   0x00000000100044d0        0xc CMakeFiles/silnik.dir/Users/jakubkloczko/pico/pico-sdk/src/rp2_common/pico_mem_ops/mem_ops_aeabi.S.obj
                0x00000000100044d0                __wrap_memset
 .text.memcpy   0x00000000100044dc        0xc CMakeFiles/silnik.dir/Users/jakubkloczko/pico/pico-sdk/src/rp2_common/pico_mem_ops/mem_ops_aeabi.S.obj
                0x00000000100044dc                __wrap___aeabi_memcpy
                0x00000000100044dc                __wrap_memcpy
 .text.stdio_out_chars_no_crlf
                0x00000000100044e8        0xe CMakeFiles/silnik.dir/Users/jakubkloczko/pico/pico-sdk/src/rp2_common/pico_stdio/stdio.c.obj
 *fill*         0x00000000100044f6        0x2 
 .text.stdio_out_chars_crlf
                0x00000000100044f8       0x80 CMakeFiles/silnik.dir/Users/jakubkloczko/pico/pico-sdk/src/rp2_common/pico_stdio/stdio.c.obj
 .text.stdio_stack_buffer_flush
                0x0000000010004578       0x44 CMakeFiles/silnik.dir/Users/jakubkloczko/pico/pico-sdk/src/rp2_common/pico_stdio/stdio.c.obj
 .text.stdio_buffered_printer
                0x00000000100045bc       0x20 CMakeFiles/silnik.dir/Users/jakubkloczko/pico/pico-sdk/src/rp2_common/pico_stdio/stdio.c.obj
 .text.stdout_serialize_begin
                0x00000000100045dc       0x5c CMakeFiles/silnik.dir/Users/jakubkloczko/pico/pico-sdk/src/rp2_common/pico_stdio/stdio.c.obj
                0x00000000100045dc                stdout_serialize_begin
 .text.stdout_serialize_end
                0x0000000010004638       0x10 CMakeFiles/silnik.dir/Users/jakubkloczko/pico/pico-sdk/src/rp2_common/pico_stdio/stdio.c.obj
                0x0000000010004638                stdout_serialize_end
 .text.stdio_put_string
                0x0000000010004648       0x98 CMakeFiles/silnik.dir/Users/jakubkloczko/pico/pico-sdk/src/rp2_common/pico_stdio/stdio.c.obj
 .text.stdio_set_driver_enabled
                0x00000000100046e0       0x2c CMakeFiles/silnik.dir/Users/jakubkloczko/pico/pico-sdk/src/rp2_common/pico_stdio/stdio.c.obj
                0x00000000100046e0                stdio_set_driver_enabled
 .text.stdio_flush
                0x000000001000470c       0x20 CMakeFiles/silnik.dir/Users/jakubkloczko/pico/pico-sdk/src/rp2_common/pico_stdio/stdio.c.obj
                0x000000001000470c                stdio_flush
 .text.__wrap_puts
                0x000000001000472c       0x1e CMakeFiles/silnik.dir/Users/jakubkloczko/pico/pico-sdk/src/rp2_common/pico_stdio/stdio.c.obj
                0x000000001000472c                __wrap_puts
 *fill*         0x000000001000474a        0x2 
 .text.__wrap_vprintf
                0x000000001000474c       0x40 CMakeFiles/silnik.dir/Users/jakubkloczko/pico/pico-sdk/src/rp2_common/pico_stdio/stdio.c.obj
                0x000000001000474c                __wrap_vprintf
 .text.__wrap_printf
                0x000000001000478c       0x18 CMakeFiles/silnik.dir/Users/jakubkloczko/pico/pico-sdk/src/rp2_common/pico_stdio/stdio.c.obj
                0x000000001000478c                __wrap_printf
 .text.stdio_init_all
                0x00000000100047a4        0xe CMakeFiles/silnik.dir/Users/jakubkloczko/pico/pico-sdk/src/rp2_common/pico_stdio/stdio.c.obj
                0x00000000100047a4                stdio_init_all
 *fill*         0x00000000100047b2        0x2 
 .text.stdio_uart_out_chars
                0x00000000100047b4       0x74 CMakeFiles/silnik.dir/Users/jakubkloczko/pico/pico-sdk/src/rp2_common/pico_stdio_uart/stdio_uart.c.obj
 .text.stdio_uart_in_chars
                0x0000000010004828       0x80 CMakeFiles/silnik.dir/Users/jakubkloczko/pico/pico-sdk/src/rp2_common/pico_stdio_uart/stdio_uart.c.obj
                0x0000000010004828                stdio_uart_in_chars
 .text.on_uart_rx
                0x00000000100048a8       0x28 CMakeFiles/silnik.dir/Users/jakubkloczko/pico/pico-sdk/src/rp2_common/pico_stdio_uart/stdio_uart.c.obj
 .text.stdio_uart_set_chars_available_callback
                0x00000000100048d0       0x8c CMakeFiles/silnik.dir/Users/jakubkloczko/pico/pico-sdk/src/rp2_common/pico_stdio_uart/stdio_uart.c.obj
 .text.stdio_uart_init_full
                0x000000001000495c       0x44 CMakeFiles/silnik.dir/Users/jakubkloczko/pico/pico-sdk/src/rp2_common/pico_stdio_uart/stdio_uart.c.obj
                0x000000001000495c                stdio_uart_init_full
 .text.stdio_uart_init
                0x00000000100049a0       0x28 CMakeFiles/silnik.dir/Users/jakubkloczko/pico/pico-sdk/src/rp2_common/pico_stdio_uart/stdio_uart.c.obj
                0x00000000100049a0                stdio_uart_init
 .text.resetd_init
                0x00000000100049c8        0x2 CMakeFiles/silnik.dir/Users/jakubkloczko/pico/pico-sdk/src/rp2_common/pico_stdio_usb/reset_interface.c.obj
 *fill*         0x00000000100049ca        0x2 
 .text.resetd_reset
                0x00000000100049cc        0xc CMakeFiles/silnik.dir/Users/jakubkloczko/pico/pico-sdk/src/rp2_common/pico_stdio_usb/reset_interface.c.obj
 .text.resetd_open
                0x00000000100049d8       0x34 CMakeFiles/silnik.dir/Users/jakubkloczko/pico/pico-sdk/src/rp2_common/pico_stdio_usb/reset_interface.c.obj
 .text.resetd_xfer_cb
                0x0000000010004a0c        0x4 CMakeFiles/silnik.dir/Users/jakubkloczko/pico/pico-sdk/src/rp2_common/pico_stdio_usb/reset_interface.c.obj
 .text.reset_usb_boot
                0x0000000010004a10       0x18 CMakeFiles/silnik.dir/Users/jakubkloczko/pico/pico-sdk/src/rp2_common/pico_stdio_usb/reset_interface.c.obj
 .text.resetd_control_xfer_cb
                0x0000000010004a28       0x5c CMakeFiles/silnik.dir/Users/jakubkloczko/pico/pico-sdk/src/rp2_common/pico_stdio_usb/reset_interface.c.obj
 .text.usbd_app_driver_get_cb
                0x0000000010004a84        0xc CMakeFiles/silnik.dir/Users/jakubkloczko/pico/pico-sdk/src/rp2_common/pico_stdio_usb/reset_interface.c.obj
                0x0000000010004a84                usbd_app_driver_get_cb
 .text.tud_cdc_line_coding_cb
                0x0000000010004a90       0x28 CMakeFiles/silnik.dir/Users/jakubkloczko/pico/pico-sdk/src/rp2_common/pico_stdio_usb/reset_interface.c.obj
                0x0000000010004a90                tud_cdc_line_coding_cb
 .text.stdio_usb_set_chars_available_callback
                0x0000000010004ab8       0x14 CMakeFiles/silnik.dir/Users/jakubkloczko/pico/pico-sdk/src/rp2_common/pico_stdio_usb/stdio_usb.c.obj
                0x0000000010004ab8                stdio_usb_set_chars_available_callback
 .text.usb_irq  0x0000000010004acc       0x10 CMakeFiles/silnik.dir/Users/jakubkloczko/pico/pico-sdk/src/rp2_common/pico_stdio_usb/stdio_usb.c.obj
 .text.timer_task
                0x0000000010004adc       0x58 CMakeFiles/silnik.dir/Users/jakubkloczko/pico/pico-sdk/src/rp2_common/pico_stdio_usb/stdio_usb.c.obj
 .text.low_priority_worker_irq
                0x0000000010004b34       0xd8 CMakeFiles/silnik.dir/Users/jakubkloczko/pico/pico-sdk/src/rp2_common/pico_stdio_usb/stdio_usb.c.obj
 .text.tud_cdc_rx_cb
                0x0000000010004c0c       0x20 CMakeFiles/silnik.dir/Users/jakubkloczko/pico/pico-sdk/src/rp2_common/pico_stdio_usb/stdio_usb.c.obj
                0x0000000010004c0c                tud_cdc_rx_cb
 .text.stdio_usb_init
                0x0000000010004c2c      0x12c CMakeFiles/silnik.dir/Users/jakubkloczko/pico/pico-sdk/src/rp2_common/pico_stdio_usb/stdio_usb.c.obj
                0x0000000010004c2c                stdio_usb_init
 .text.stdio_usb_connected
                0x0000000010004d58        0xa CMakeFiles/silnik.dir/Users/jakubkloczko/pico/pico-sdk/src/rp2_common/pico_stdio_usb/stdio_usb.c.obj
                0x0000000010004d58                stdio_usb_connected
 *fill*         0x0000000010004d62        0x2 
 .text.stdio_usb_in_chars
                0x0000000010004d64       0xc4 CMakeFiles/silnik.dir/Users/jakubkloczko/pico/pico-sdk/src/rp2_common/pico_stdio_usb/stdio_usb.c.obj
                0x0000000010004d64                stdio_usb_in_chars
 .text.stdio_usb_out_chars
                0x0000000010004e28      0x114 CMakeFiles/silnik.dir/Users/jakubkloczko/pico/pico-sdk/src/rp2_common/pico_stdio_usb/stdio_usb.c.obj
 .text.tud_descriptor_device_cb
                0x0000000010004f3c        0x8 CMakeFiles/silnik.dir/Users/jakubkloczko/pico/pico-sdk/src/rp2_common/pico_stdio_usb/stdio_usb_descriptors.c.obj
                0x0000000010004f3c                tud_descriptor_device_cb
 .text.tud_descriptor_configuration_cb
                0x0000000010004f44        0x8 CMakeFiles/silnik.dir/Users/jakubkloczko/pico/pico-sdk/src/rp2_common/pico_stdio_usb/stdio_usb_descriptors.c.obj
                0x0000000010004f44                tud_descriptor_configuration_cb
 .text.tud_descriptor_string_cb
                0x0000000010004f4c       0x6c CMakeFiles/silnik.dir/Users/jakubkloczko/pico/pico-sdk/src/rp2_common/pico_stdio_usb/stdio_usb_descriptors.c.obj
                0x0000000010004f4c                tud_descriptor_string_cb
 .text._retrieve_unique_id_on_boot
                0x0000000010004fb8       0x10 CMakeFiles/silnik.dir/Users/jakubkloczko/pico/pico-sdk/src/rp2_common/pico_unique_id/unique_id.c.obj
 .text.pico_get_unique_board_id_string
                0x0000000010004fc8       0x60 CMakeFiles/silnik.dir/Users/jakubkloczko/pico/pico-sdk/src/rp2_common/pico_unique_id/unique_id.c.obj
                0x0000000010004fc8                pico_get_unique_board_id_string
 .text.flash_get_unique_id
                0x0000000010005028       0x46 CMakeFiles/silnik.dir/Users/jakubkloczko/pico/pico-sdk/src/rp2_common/hardware_flash/flash.c.obj
                0x0000000010005028                flash_get_unique_id
 *fill*         0x000000001000506e        0x2 
 .text.hw_endpoint_get_by_addr
                0x0000000010005070       0x18 CMakeFiles/silnik.dir/Users/jakubkloczko/pico/pico-sdk/lib/tinyusb/src/portable/raspberrypi/rp2040/dcd_rp2040.c.obj
 .text._hw_endpoint_alloc
                0x0000000010005088       0x70 CMakeFiles/silnik.dir/Users/jakubkloczko/pico/pico-sdk/lib/tinyusb/src/portable/raspberrypi/rp2040/dcd_rp2040.c.obj
 .text.hw_endpoint_init
                0x00000000100050f8       0x88 CMakeFiles/silnik.dir/Users/jakubkloczko/pico/pico-sdk/lib/tinyusb/src/portable/raspberrypi/rp2040/dcd_rp2040.c.obj
 .text.hw_endpoint_xfer
                0x0000000010005180       0x14 CMakeFiles/silnik.dir/Users/jakubkloczko/pico/pico-sdk/lib/tinyusb/src/portable/raspberrypi/rp2040/dcd_rp2040.c.obj
 .text.dcd_int_enable
                0x0000000010005194       0x2c CMakeFiles/silnik.dir/Users/jakubkloczko/pico/pico-sdk/lib/tinyusb/src/portable/raspberrypi/rp2040/dcd_rp2040.c.obj
                0x0000000010005194                dcd_int_enable
 .text.dcd_set_address
                0x00000000100051c0       0x2c CMakeFiles/silnik.dir/Users/jakubkloczko/pico/pico-sdk/lib/tinyusb/src/portable/raspberrypi/rp2040/dcd_rp2040.c.obj
                0x00000000100051c0                dcd_set_address
 .text.dcd_connect
                0x00000000100051ec       0x10 CMakeFiles/silnik.dir/Users/jakubkloczko/pico/pico-sdk/lib/tinyusb/src/portable/raspberrypi/rp2040/dcd_rp2040.c.obj
                0x00000000100051ec                dcd_connect
 .text.dcd_init
                0x00000000100051fc       0x80 CMakeFiles/silnik.dir/Users/jakubkloczko/pico/pico-sdk/lib/tinyusb/src/portable/raspberrypi/rp2040/dcd_rp2040.c.obj
                0x00000000100051fc                dcd_init
 .text.dcd_edpt0_status_complete
                0x000000001000527c       0x1c CMakeFiles/silnik.dir/Users/jakubkloczko/pico/pico-sdk/lib/tinyusb/src/portable/raspberrypi/rp2040/dcd_rp2040.c.obj
                0x000000001000527c                dcd_edpt0_status_complete
 .text.dcd_edpt_open
                0x0000000010005298       0x40 CMakeFiles/silnik.dir/Users/jakubkloczko/pico/pico-sdk/lib/tinyusb/src/portable/raspberrypi/rp2040/dcd_rp2040.c.obj
                0x0000000010005298                dcd_edpt_open
 .text.dcd_edpt_close_all
                0x00000000100052d8        0x8 CMakeFiles/silnik.dir/Users/jakubkloczko/pico/pico-sdk/lib/tinyusb/src/portable/raspberrypi/rp2040/dcd_rp2040.c.obj
                0x00000000100052d8                dcd_edpt_close_all
 .text.dcd_edpt_xfer
                0x00000000100052e0       0x34 CMakeFiles/silnik.dir/Users/jakubkloczko/pico/pico-sdk/lib/tinyusb/src/portable/raspberrypi/rp2040/dcd_rp2040.c.obj
                0x00000000100052e0                dcd_edpt_xfer
 .text.dcd_edpt_stall
                0x0000000010005314       0x2c CMakeFiles/silnik.dir/Users/jakubkloczko/pico/pico-sdk/lib/tinyusb/src/portable/raspberrypi/rp2040/dcd_rp2040.c.obj
                0x0000000010005314                dcd_edpt_stall
 .text.dcd_edpt_clear_stall
                0x0000000010005340       0x20 CMakeFiles/silnik.dir/Users/jakubkloczko/pico/pico-sdk/lib/tinyusb/src/portable/raspberrypi/rp2040/dcd_rp2040.c.obj
                0x0000000010005340                dcd_edpt_clear_stall
 .text.rp2040_usb_init
                0x0000000010005360       0x4c CMakeFiles/silnik.dir/Users/jakubkloczko/pico/pico-sdk/lib/tinyusb/src/portable/raspberrypi/rp2040/rp2040_usb.c.obj
                0x0000000010005360                rp2040_usb_init
 .text.hw_endpoint_xfer_start
                0x00000000100053ac       0x50 CMakeFiles/silnik.dir/Users/jakubkloczko/pico/pico-sdk/lib/tinyusb/src/portable/raspberrypi/rp2040/rp2040_usb.c.obj
                0x00000000100053ac                hw_endpoint_xfer_start
 .text.configuration_reset
                0x00000000100053fc       0x84 CMakeFiles/silnik.dir/Users/jakubkloczko/pico/pico-sdk/lib/tinyusb/src/device/usbd.c.obj
 .text.usbd_reset
                0x0000000010005480        0xc CMakeFiles/silnik.dir/Users/jakubkloczko/pico/pico-sdk/lib/tinyusb/src/device/usbd.c.obj
 .text.invoke_class_control
                0x000000001000548c       0x1a CMakeFiles/silnik.dir/Users/jakubkloczko/pico/pico-sdk/lib/tinyusb/src/device/usbd.c.obj
 *fill*         0x00000000100054a6        0x2 
 .text.process_set_config
                0x00000000100054a8      0x178 CMakeFiles/silnik.dir/Users/jakubkloczko/pico/pico-sdk/lib/tinyusb/src/device/usbd.c.obj
 .text.process_get_descriptor
                0x0000000010005620       0xdc CMakeFiles/silnik.dir/Users/jakubkloczko/pico/pico-sdk/lib/tinyusb/src/device/usbd.c.obj
 .text.tud_mounted
                0x00000000100056fc       0x10 CMakeFiles/silnik.dir/Users/jakubkloczko/pico/pico-sdk/lib/tinyusb/src/device/usbd.c.obj
                0x00000000100056fc                tud_mounted
 .text.tud_suspended
                0x000000001000570c       0x10 CMakeFiles/silnik.dir/Users/jakubkloczko/pico/pico-sdk/lib/tinyusb/src/device/usbd.c.obj
                0x000000001000570c                tud_suspended
 .text.tud_inited
                0x000000001000571c       0x14 CMakeFiles/silnik.dir/Users/jakubkloczko/pico/pico-sdk/lib/tinyusb/src/device/usbd.c.obj
                0x000000001000571c                tud_inited
 .text.tud_init
                0x0000000010005730       0xcc CMakeFiles/silnik.dir/Users/jakubkloczko/pico/pico-sdk/lib/tinyusb/src/device/usbd.c.obj
                0x0000000010005730                tud_init
 .text.usbd_defer_func
                0x00000000100057fc       0x2a CMakeFiles/silnik.dir/Users/jakubkloczko/pico/pico-sdk/lib/tinyusb/src/device/usbd.c.obj
                0x00000000100057fc                usbd_defer_func
 *fill*         0x0000000010005826        0x2 
 .text.usbd_edpt_open
                0x0000000010005828       0x34 CMakeFiles/silnik.dir/Users/jakubkloczko/pico/pico-sdk/lib/tinyusb/src/device/usbd.c.obj
                0x0000000010005828                usbd_edpt_open
 .text.usbd_open_edpt_pair
                0x000000001000585c       0x62 CMakeFiles/silnik.dir/Users/jakubkloczko/pico/pico-sdk/lib/tinyusb/src/device/usbd.c.obj
                0x000000001000585c                usbd_open_edpt_pair
 *fill*         0x00000000100058be        0x2 
 .text.usbd_edpt_claim
                0x00000000100058c0       0x28 CMakeFiles/silnik.dir/Users/jakubkloczko/pico/pico-sdk/lib/tinyusb/src/device/usbd.c.obj
                0x00000000100058c0                usbd_edpt_claim
 .text.usbd_edpt_release
                0x00000000100058e8       0x28 CMakeFiles/silnik.dir/Users/jakubkloczko/pico/pico-sdk/lib/tinyusb/src/device/usbd.c.obj
                0x00000000100058e8                usbd_edpt_release
 .text.usbd_edpt_xfer
                0x0000000010005910       0x78 CMakeFiles/silnik.dir/Users/jakubkloczko/pico/pico-sdk/lib/tinyusb/src/device/usbd.c.obj
                0x0000000010005910                usbd_edpt_xfer
 .text.usbd_edpt_stall
                0x0000000010005988       0x48 CMakeFiles/silnik.dir/Users/jakubkloczko/pico/pico-sdk/lib/tinyusb/src/device/usbd.c.obj
                0x0000000010005988                usbd_edpt_stall
 .text.usbd_edpt_clear_stall
                0x00000000100059d0       0x48 CMakeFiles/silnik.dir/Users/jakubkloczko/pico/pico-sdk/lib/tinyusb/src/device/usbd.c.obj
                0x00000000100059d0                usbd_edpt_clear_stall
 .text.usbd_edpt_stalled
                0x0000000010005a18       0x1c CMakeFiles/silnik.dir/Users/jakubkloczko/pico/pico-sdk/lib/tinyusb/src/device/usbd.c.obj
                0x0000000010005a18                usbd_edpt_stalled
 .text.process_control_request
                0x0000000010005a34      0x37c CMakeFiles/silnik.dir/Users/jakubkloczko/pico/pico-sdk/lib/tinyusb/src/device/usbd.c.obj
 .text.tud_task_ext
                0x0000000010005db0      0x1b4 CMakeFiles/silnik.dir/Users/jakubkloczko/pico/pico-sdk/lib/tinyusb/src/device/usbd.c.obj
                0x0000000010005db0                tud_task_ext
 .text._data_stage_xact
                0x0000000010005f64       0x58 CMakeFiles/silnik.dir/Users/jakubkloczko/pico/pico-sdk/lib/tinyusb/src/device/usbd_control.c.obj
 .text.tud_control_status
                0x0000000010005fbc       0x38 CMakeFiles/silnik.dir/Users/jakubkloczko/pico/pico-sdk/lib/tinyusb/src/device/usbd_control.c.obj
                0x0000000010005fbc                tud_control_status
 .text.tud_control_xfer
                0x0000000010005ff4       0x74 CMakeFiles/silnik.dir/Users/jakubkloczko/pico/pico-sdk/lib/tinyusb/src/device/usbd_control.c.obj
                0x0000000010005ff4                tud_control_xfer
 .text.usbd_control_reset
                0x0000000010006068       0x14 CMakeFiles/silnik.dir/Users/jakubkloczko/pico/pico-sdk/lib/tinyusb/src/device/usbd_control.c.obj
                0x0000000010006068                usbd_control_reset
 .text.usbd_control_set_complete_callback
                0x000000001000607c        0xc CMakeFiles/silnik.dir/Users/jakubkloczko/pico/pico-sdk/lib/tinyusb/src/device/usbd_control.c.obj
                0x000000001000607c                usbd_control_set_complete_callback
 .text.usbd_control_set_request
                0x0000000010006088       0x1c CMakeFiles/silnik.dir/Users/jakubkloczko/pico/pico-sdk/lib/tinyusb/src/device/usbd_control.c.obj
                0x0000000010006088                usbd_control_set_request
 .text.usbd_control_xfer_cb
                0x00000000100060a4       0xcc CMakeFiles/silnik.dir/Users/jakubkloczko/pico/pico-sdk/lib/tinyusb/src/device/usbd_control.c.obj
                0x00000000100060a4                usbd_control_xfer_cb
 .text._prep_out_transaction
                0x0000000010006170       0x4a CMakeFiles/silnik.dir/Users/jakubkloczko/pico/pico-sdk/lib/tinyusb/src/class/cdc/cdc_device.c.obj
 *fill*         0x00000000100061ba        0x2 
 .text.tud_cdc_n_connected
                0x00000000100061bc       0x44 CMakeFiles/silnik.dir/Users/jakubkloczko/pico/pico-sdk/lib/tinyusb/src/class/cdc/cdc_device.c.obj
                0x00000000100061bc                tud_cdc_n_connected
 .text.tud_cdc_n_available
                0x0000000010006200       0x18 CMakeFiles/silnik.dir/Users/jakubkloczko/pico/pico-sdk/lib/tinyusb/src/class/cdc/cdc_device.c.obj
                0x0000000010006200                tud_cdc_n_available
 .text.tud_cdc_n_read
                0x0000000010006218       0x28 CMakeFiles/silnik.dir/Users/jakubkloczko/pico/pico-sdk/lib/tinyusb/src/class/cdc/cdc_device.c.obj
                0x0000000010006218                tud_cdc_n_read
 .text.tud_cdc_n_write_flush
                0x0000000010006240       0xb8 CMakeFiles/silnik.dir/Users/jakubkloczko/pico/pico-sdk/lib/tinyusb/src/class/cdc/cdc_device.c.obj
                0x0000000010006240                tud_cdc_n_write_flush
 .text.tud_cdc_n_write
                0x00000000100062f8       0x38 CMakeFiles/silnik.dir/Users/jakubkloczko/pico/pico-sdk/lib/tinyusb/src/class/cdc/cdc_device.c.obj
                0x00000000100062f8                tud_cdc_n_write
 .text.tud_cdc_n_write_available
                0x0000000010006330       0x1c CMakeFiles/silnik.dir/Users/jakubkloczko/pico/pico-sdk/lib/tinyusb/src/class/cdc/cdc_device.c.obj
                0x0000000010006330                tud_cdc_n_write_available
 .text.cdcd_init
                0x000000001000634c       0xbc CMakeFiles/silnik.dir/Users/jakubkloczko/pico/pico-sdk/lib/tinyusb/src/class/cdc/cdc_device.c.obj
                0x000000001000634c                cdcd_init
 .text.cdcd_reset
                0x0000000010006408       0x44 CMakeFiles/silnik.dir/Users/jakubkloczko/pico/pico-sdk/lib/tinyusb/src/class/cdc/cdc_device.c.obj
                0x0000000010006408                cdcd_reset
 .text.cdcd_open
                0x000000001000644c       0xcc CMakeFiles/silnik.dir/Users/jakubkloczko/pico/pico-sdk/lib/tinyusb/src/class/cdc/cdc_device.c.obj
                0x000000001000644c                cdcd_open
 .text.cdcd_control_xfer_cb
                0x0000000010006518      0x134 CMakeFiles/silnik.dir/Users/jakubkloczko/pico/pico-sdk/lib/tinyusb/src/class/cdc/cdc_device.c.obj
                0x0000000010006518                cdcd_control_xfer_cb
 .text.cdcd_xfer_cb
                0x000000001000664c      0x130 CMakeFiles/silnik.dir/Users/jakubkloczko/pico/pico-sdk/lib/tinyusb/src/class/cdc/cdc_device.c.obj
                0x000000001000664c                cdcd_xfer_cb
 .text.tusb_init
                0x000000001000677c        0xa CMakeFiles/silnik.dir/Users/jakubkloczko/pico/pico-sdk/lib/tinyusb/src/tusb.c.obj
                0x000000001000677c                tusb_init
 .text.tusb_inited
                0x0000000010006786        0xe CMakeFiles/silnik.dir/Users/jakubkloczko/pico/pico-sdk/lib/tinyusb/src/tusb.c.obj
                0x0000000010006786                tusb_inited
 .text.tu_edpt_claim
                0x0000000010006794       0x50 CMakeFiles/silnik.dir/Users/jakubkloczko/pico/pico-sdk/lib/tinyusb/src/tusb.c.obj
                0x0000000010006794                tu_edpt_claim
 .text.tu_edpt_release
                0x00000000100067e4       0x3c CMakeFiles/silnik.dir/Users/jakubkloczko/pico/pico-sdk/lib/tinyusb/src/tusb.c.obj
                0x00000000100067e4                tu_edpt_release
 .text.tu_edpt_validate
                0x0000000010006820       0x78 CMakeFiles/silnik.dir/Users/jakubkloczko/pico/pico-sdk/lib/tinyusb/src/tusb.c.obj
                0x0000000010006820                tu_edpt_validate
 .text.tu_edpt_bind_driver
                0x0000000010006898       0x26 CMakeFiles/silnik.dir/Users/jakubkloczko/pico/pico-sdk/lib/tinyusb/src/tusb.c.obj
                0x0000000010006898                tu_edpt_bind_driver
 .text.advance_index
                0x00000000100068be       0x1a CMakeFiles/silnik.dir/Users/jakubkloczko/pico/pico-sdk/lib/tinyusb/src/common/tusb_fifo.c.obj
 .text._tu_fifo_peek
                0x00000000100068d8       0x56 CMakeFiles/silnik.dir/Users/jakubkloczko/pico/pico-sdk/lib/tinyusb/src/common/tusb_fifo.c.obj
 .text._ff_pull_const_addr
                0x000000001000692e       0x4c CMakeFiles/silnik.dir/Users/jakubkloczko/pico/pico-sdk/lib/tinyusb/src/common/tusb_fifo.c.obj
 .text._ff_pull_n
                0x000000001000697a      0x110 CMakeFiles/silnik.dir/Users/jakubkloczko/pico/pico-sdk/lib/tinyusb/src/common/tusb_fifo.c.obj
 .text._tu_fifo_peek_n
                0x0000000010006a8a       0x6a CMakeFiles/silnik.dir/Users/jakubkloczko/pico/pico-sdk/lib/tinyusb/src/common/tusb_fifo.c.obj
 .text._tu_fifo_read_n
                0x0000000010006af4       0x4e CMakeFiles/silnik.dir/Users/jakubkloczko/pico/pico-sdk/lib/tinyusb/src/common/tusb_fifo.c.obj
 .text._ff_push_const_addr
                0x0000000010006b42       0x40 CMakeFiles/silnik.dir/Users/jakubkloczko/pico/pico-sdk/lib/tinyusb/src/common/tusb_fifo.c.obj
 .text._ff_push_n
                0x0000000010006b82      0x10c CMakeFiles/silnik.dir/Users/jakubkloczko/pico/pico-sdk/lib/tinyusb/src/common/tusb_fifo.c.obj
 .text._tu_fifo_write_n
                0x0000000010006c8e       0xf0 CMakeFiles/silnik.dir/Users/jakubkloczko/pico/pico-sdk/lib/tinyusb/src/common/tusb_fifo.c.obj
 .text.tu_fifo_config
                0x0000000010006d7e       0x7c CMakeFiles/silnik.dir/Users/jakubkloczko/pico/pico-sdk/lib/tinyusb/src/common/tusb_fifo.c.obj
                0x0000000010006d7e                tu_fifo_config
 .text.tu_fifo_count
                0x0000000010006dfa       0x2a CMakeFiles/silnik.dir/Users/jakubkloczko/pico/pico-sdk/lib/tinyusb/src/common/tusb_fifo.c.obj
                0x0000000010006dfa                tu_fifo_count
 .text.tu_fifo_empty
                0x0000000010006e24       0x10 CMakeFiles/silnik.dir/Users/jakubkloczko/pico/pico-sdk/lib/tinyusb/src/common/tusb_fifo.c.obj
                0x0000000010006e24                tu_fifo_empty
 .text.tu_fifo_full
                0x0000000010006e34       0x28 CMakeFiles/silnik.dir/Users/jakubkloczko/pico/pico-sdk/lib/tinyusb/src/common/tusb_fifo.c.obj
                0x0000000010006e34                tu_fifo_full
 .text.tu_fifo_remaining
                0x0000000010006e5c       0x2c CMakeFiles/silnik.dir/Users/jakubkloczko/pico/pico-sdk/lib/tinyusb/src/common/tusb_fifo.c.obj
                0x0000000010006e5c                tu_fifo_remaining
 .text.tu_fifo_read
                0x0000000010006e88       0x42 CMakeFiles/silnik.dir/Users/jakubkloczko/pico/pico-sdk/lib/tinyusb/src/common/tusb_fifo.c.obj
                0x0000000010006e88                tu_fifo_read
 .text.tu_fifo_read_n
                0x0000000010006eca        0xa CMakeFiles/silnik.dir/Users/jakubkloczko/pico/pico-sdk/lib/tinyusb/src/common/tusb_fifo.c.obj
                0x0000000010006eca                tu_fifo_read_n
 .text.tu_fifo_write
                0x0000000010006ed4       0x64 CMakeFiles/silnik.dir/Users/jakubkloczko/pico/pico-sdk/lib/tinyusb/src/common/tusb_fifo.c.obj
                0x0000000010006ed4                tu_fifo_write
 .text.tu_fifo_write_n
                0x0000000010006f38        0xa CMakeFiles/silnik.dir/Users/jakubkloczko/pico/pico-sdk/lib/tinyusb/src/common/tusb_fifo.c.obj
                0x0000000010006f38                tu_fifo_write_n
 .text.tu_fifo_clear
                0x0000000010006f42       0x3e CMakeFiles/silnik.dir/Users/jakubkloczko/pico/pico-sdk/lib/tinyusb/src/common/tusb_fifo.c.obj
                0x0000000010006f42                tu_fifo_clear
 .text.tu_fifo_set_overwritable
                0x0000000010006f80       0x46 CMakeFiles/silnik.dir/Users/jakubkloczko/pico/pico-sdk/lib/tinyusb/src/common/tusb_fifo.c.obj
                0x0000000010006f80                tu_fifo_set_overwritable
 *fill*         0x0000000010006fc6        0x2 
 .text.strlen   0x0000000010006fc8       0x5c /usr/local/Cellar/arm-none-eabi-gcc/10.3-2021.07/gcc/bin/../lib/gcc/arm-none-eabi/10.3.1/../../../../arm-none-eabi/lib/thumb/v6-m/nofp/libg.a(lib_a-strlen-stub.o)
                0x0000000010006fc8                strlen
 *(.fini)
 .fini          0x0000000010007024        0x4 /usr/local/Cellar/arm-none-eabi-gcc/10.3-2021.07/gcc/bin/../lib/gcc/arm-none-eabi/10.3.1/thumb/v6-m/nofp/crti.o
                0x0000000010007024                _fini
 .fini.__stub   0x0000000010007028       0xe0 linker stubs
 *crtbegin.o(.ctors)
 *crtbegin?.o(.ctors)
 *(EXCLUDE_FILE(*crtend.o *crtend?.o) .ctors)
 *(SORT_BY_NAME(.ctors.*))
 *(.ctors)
 *crtbegin.o(.dtors)
 *crtbegin?.o(.dtors)
 *(EXCLUDE_FILE(*crtend.o *crtend?.o) .dtors)
 *(SORT_BY_NAME(.dtors.*))
 *(.dtors)
 *(.eh_frame*)
 .eh_frame      0x0000000010007108        0x0 /usr/local/Cellar/arm-none-eabi-gcc/10.3-2021.07/gcc/bin/../lib/gcc/arm-none-eabi/10.3.1/thumb/v6-m/nofp/crtbegin.o
                0x0000000010007108                . = ALIGN (0x4)

.glue_7         0x0000000010007108        0x0
 .glue_7        0x0000000010007108        0x0 linker stubs

.glue_7t        0x0000000010007108        0x0
 .glue_7t       0x0000000010007108        0x0 linker stubs

.vfp11_veneer   0x0000000010007108        0x0
 .vfp11_veneer  0x0000000010007108        0x0 linker stubs

.v4_bx          0x0000000010007108        0x0
 .v4_bx         0x0000000010007108        0x0 linker stubs

.iplt           0x0000000010007108        0x0
 .iplt          0x0000000010007108        0x0 /usr/local/Cellar/arm-none-eabi-gcc/10.3-2021.07/gcc/bin/../lib/gcc/arm-none-eabi/10.3.1/thumb/v6-m/nofp/crtbegin.o

.rodata         0x0000000010007108     0x1600
 *(EXCLUDE_FILE(*libm.a: *libc.a:*lib_a-mem*.o *libgcc.a:) .rodata*)
 .rodata.spin_lock_claim_unused.str1.4
                0x0000000010007108       0x1b CMakeFiles/silnik.dir/Users/jakubkloczko/pico/pico-sdk/src/rp2_common/hardware_sync/sync.c.obj
 *fill*         0x0000000010007123        0x1 
 .rodata.make_branch.str1.4
                0x0000000010007124       0x74 CMakeFiles/silnik.dir/Users/jakubkloczko/pico/pico-sdk/src/rp2_common/hardware_irq/irq.c.obj
 .rodata.insert_branch_and_link.str1.4
                0x0000000010007198       0x10 CMakeFiles/silnik.dir/Users/jakubkloczko/pico/pico-sdk/src/rp2_common/hardware_irq/irq.c.obj
 .rodata.irq_set_exclusive_handler.str1.4
                0x00000000100071a8       0x36 CMakeFiles/silnik.dir/Users/jakubkloczko/pico/pico-sdk/src/rp2_common/hardware_irq/irq.c.obj
 *fill*         0x00000000100071de        0x2 
 .rodata.irq_add_shared_handler.str1.4
                0x00000000100071e0       0xd9 CMakeFiles/silnik.dir/Users/jakubkloczko/pico/pico-sdk/src/rp2_common/hardware_irq/irq.c.obj
 *fill*         0x00000000100072b9        0x3 
 .rodata.irq_remove_handler.str1.4
                0x00000000100072bc       0x3a CMakeFiles/silnik.dir/Users/jakubkloczko/pico/pico-sdk/src/rp2_common/hardware_irq/irq.c.obj
 *fill*         0x00000000100072f6        0x2 
 .rodata.irq_add_tail_to_free_list.str1.4
                0x00000000100072f8       0x3a CMakeFiles/silnik.dir/Users/jakubkloczko/pico/pico-sdk/src/rp2_common/hardware_irq/irq.c.obj
 *fill*         0x0000000010007332        0x2 
 .rodata.user_irq_claim_unused.str1.4
                0x0000000010007334       0x1b CMakeFiles/silnik.dir/Users/jakubkloczko/pico/pico-sdk/src/rp2_common/hardware_irq/irq.c.obj
 *fill*         0x000000001000734f        0x1 
 .rodata.__func__.0
                0x0000000010007350       0x1a CMakeFiles/silnik.dir/Users/jakubkloczko/pico/pico-sdk/src/rp2_common/hardware_irq/irq.c.obj
 *fill*         0x000000001000736a        0x2 
 .rodata.__func__.1
                0x000000001000736c       0x17 CMakeFiles/silnik.dir/Users/jakubkloczko/pico/pico-sdk/src/rp2_common/hardware_irq/irq.c.obj
 *fill*         0x0000000010007383        0x1 
 .rodata.__func__.2
                0x0000000010007384       0x13 CMakeFiles/silnik.dir/Users/jakubkloczko/pico/pico-sdk/src/rp2_common/hardware_irq/irq.c.obj
 *fill*         0x0000000010007397        0x1 
 .rodata.__func__.3
                0x0000000010007398        0xc CMakeFiles/silnik.dir/Users/jakubkloczko/pico/pico-sdk/src/rp2_common/hardware_irq/irq.c.obj
 .rodata.__func__.4
                0x00000000100073a4        0xf CMakeFiles/silnik.dir/Users/jakubkloczko/pico/pico-sdk/src/rp2_common/hardware_irq/irq.c.obj
 *fill*         0x00000000100073b3        0x1 
 .rodata.__func__.5
                0x00000000100073b4       0x17 CMakeFiles/silnik.dir/Users/jakubkloczko/pico/pico-sdk/src/rp2_common/hardware_irq/irq.c.obj
 *fill*         0x00000000100073cb        0x1 
 .rodata.__func__.6
                0x00000000100073cc       0x1a CMakeFiles/silnik.dir/Users/jakubkloczko/pico/pico-sdk/src/rp2_common/hardware_irq/irq.c.obj
 *fill*         0x00000000100073e6        0x2 
 .rodata.str1.4
                0x00000000100073e8       0xf9 CMakeFiles/silnik.dir/Users/jakubkloczko/pico/pico-sdk/src/common/pico_sync/mutex.c.obj
 *fill*         0x00000000100074e1        0x3 
 .rodata.__func__.1
                0x00000000100074e4        0xb CMakeFiles/silnik.dir/Users/jakubkloczko/pico/pico-sdk/src/common/pico_sync/mutex.c.obj
 *fill*         0x00000000100074ef        0x1 
 .rodata.__func__.3
                0x00000000100074f0       0x18 CMakeFiles/silnik.dir/Users/jakubkloczko/pico/pico-sdk/src/common/pico_sync/mutex.c.obj
 .rodata.__func__.4
                0x0000000010007508       0x15 CMakeFiles/silnik.dir/Users/jakubkloczko/pico/pico-sdk/src/common/pico_sync/mutex.c.obj
 *fill*         0x000000001000751d        0x3 
 .rodata.repeating_timer_callback.str1.4
                0x0000000010007520       0x52 CMakeFiles/silnik.dir/Users/jakubkloczko/pico/pico-sdk/src/common/pico_time/time.c.obj
 *fill*         0x0000000010007572        0x2 
 .rodata.timer_pool_entry_comparator.str1.4
                0x0000000010007574       0x22 CMakeFiles/silnik.dir/Users/jakubkloczko/pico/pico-sdk/src/common/pico_time/time.c.obj
 *fill*         0x0000000010007596        0x2 
 .rodata.ph_add_child_node.str1.4
                0x0000000010007598       0x9e CMakeFiles/silnik.dir/Users/jakubkloczko/pico/pico-sdk/src/common/pico_time/time.c.obj
 *fill*         0x0000000010007636        0x2 
 .rodata.add_alarm_under_lock.str1.4
                0x0000000010007638       0x28 CMakeFiles/silnik.dir/Users/jakubkloczko/pico/pico-sdk/src/common/pico_time/time.c.obj
                                         0x2b (size before relaxing)
 .rodata.alarm_pool_alarm_callback.str1.4
                0x0000000010007660       0x98 CMakeFiles/silnik.dir/Users/jakubkloczko/pico/pico-sdk/src/common/pico_time/time.c.obj
                                        0x100 (size before relaxing)
 .rodata.alarm_pool_get_default.str1.4
                0x00000000100076f8       0x21 CMakeFiles/silnik.dir/Users/jakubkloczko/pico/pico-sdk/src/common/pico_time/time.c.obj
 *fill*         0x0000000010007719        0x3 
 .rodata.alarm_pool_cancel_alarm.str1.4
                0x000000001000771c       0x27 CMakeFiles/silnik.dir/Users/jakubkloczko/pico/pico-sdk/src/common/pico_time/time.c.obj
 *fill*         0x0000000010007743        0x1 
 .rodata.sleep_until.str1.4
                0x0000000010007744       0x4d CMakeFiles/silnik.dir/Users/jakubkloczko/pico/pico-sdk/src/common/pico_time/time.c.obj
 *fill*         0x0000000010007791        0x3 
 .rodata.__func__.1
                0x0000000010007794       0x18 CMakeFiles/silnik.dir/Users/jakubkloczko/pico/pico-sdk/src/common/pico_time/time.c.obj
 .rodata.__func__.10
                0x00000000100077ac       0x15 CMakeFiles/silnik.dir/Users/jakubkloczko/pico/pico-sdk/src/common/pico_time/time.c.obj
 *fill*         0x00000000100077c1        0x3 
 .rodata.__func__.11
                0x00000000100077c4       0x1a CMakeFiles/silnik.dir/Users/jakubkloczko/pico/pico-sdk/src/common/pico_time/time.c.obj
 *fill*         0x00000000100077de        0x2 
 .rodata.__func__.12
                0x00000000100077e0        0xa CMakeFiles/silnik.dir/Users/jakubkloczko/pico/pico-sdk/src/common/pico_time/time.c.obj
 *fill*         0x00000000100077ea        0x2 
 .rodata.__func__.3
                0x00000000100077ec       0x17 CMakeFiles/silnik.dir/Users/jakubkloczko/pico/pico-sdk/src/common/pico_time/time.c.obj
 *fill*         0x0000000010007803        0x1 
 .rodata.__func__.4
                0x0000000010007804       0x12 CMakeFiles/silnik.dir/Users/jakubkloczko/pico/pico-sdk/src/common/pico_time/time.c.obj
 *fill*         0x0000000010007816        0x2 
 .rodata.__func__.5
                0x0000000010007818        0xd CMakeFiles/silnik.dir/Users/jakubkloczko/pico/pico-sdk/src/common/pico_time/time.c.obj
 *fill*         0x0000000010007825        0x3 
 .rodata.__func__.6
                0x0000000010007828       0x12 CMakeFiles/silnik.dir/Users/jakubkloczko/pico/pico-sdk/src/common/pico_time/time.c.obj
 *fill*         0x000000001000783a        0x2 
 .rodata.__func__.7
                0x000000001000783c        0xf CMakeFiles/silnik.dir/Users/jakubkloczko/pico/pico-sdk/src/common/pico_time/time.c.obj
 *fill*         0x000000001000784b        0x1 
 .rodata.__func__.8
                0x000000001000784c        0xc CMakeFiles/silnik.dir/Users/jakubkloczko/pico/pico-sdk/src/common/pico_time/time.c.obj
 .rodata.__func__.9
                0x0000000010007858       0x15 CMakeFiles/silnik.dir/Users/jakubkloczko/pico/pico-sdk/src/common/pico_time/time.c.obj
 *fill*         0x000000001000786d        0x3 
 .rodata.hardware_alarm_claim.str1.4
                0x0000000010007870       0x22 CMakeFiles/silnik.dir/Users/jakubkloczko/pico/pico-sdk/src/rp2_common/hardware_timer/timer.c.obj
 *fill*         0x0000000010007892        0x2 
 .rodata.hardware_alarm_set_target.str1.4
                0x0000000010007894       0x6c CMakeFiles/silnik.dir/Users/jakubkloczko/pico/pico-sdk/src/rp2_common/hardware_timer/timer.c.obj
 .rodata.__func__.0
                0x0000000010007900       0x1a CMakeFiles/silnik.dir/Users/jakubkloczko/pico/pico-sdk/src/rp2_common/hardware_timer/timer.c.obj
 .rodata.ph_add_child_node.str1.4
                0x000000001000791a       0x9e CMakeFiles/silnik.dir/Users/jakubkloczko/pico/pico-sdk/src/common/pico_util/pheap.c.obj
 *fill*         0x000000001000791a        0x2 
 .rodata.ph_remove_any_head.str1.4
                0x000000001000791c       0x94 CMakeFiles/silnik.dir/Users/jakubkloczko/pico/pico-sdk/src/common/pico_util/pheap.c.obj
                                         0xa8 (size before relaxing)
 .rodata.ph_remove_and_free_node.str1.4
                0x00000000100079b0       0x1e CMakeFiles/silnik.dir/Users/jakubkloczko/pico/pico-sdk/src/common/pico_util/pheap.c.obj
                                         0x26 (size before relaxing)
 *fill*         0x00000000100079ce        0x2 
 .rodata.__func__.0
                0x00000000100079d0       0x18 CMakeFiles/silnik.dir/Users/jakubkloczko/pico/pico-sdk/src/common/pico_util/pheap.c.obj
 .rodata.__func__.1
                0x00000000100079e8       0x13 CMakeFiles/silnik.dir/Users/jakubkloczko/pico/pico-sdk/src/common/pico_util/pheap.c.obj
 *fill*         0x00000000100079fb        0x1 
 .rodata.__func__.2
                0x00000000100079fc       0x12 CMakeFiles/silnik.dir/Users/jakubkloczko/pico/pico-sdk/src/common/pico_util/pheap.c.obj
 *fill*         0x0000000010007a0e        0x2 
 .rodata.__func__.3
                0x0000000010007a10        0xc CMakeFiles/silnik.dir/Users/jakubkloczko/pico/pico-sdk/src/common/pico_util/pheap.c.obj
 .rodata.clock_configure.str1.4
                0x0000000010007a1c       0x5e CMakeFiles/silnik.dir/Users/jakubkloczko/pico/pico-sdk/src/rp2_common/hardware_clocks/clocks.c.obj
 *fill*         0x0000000010007a7a        0x2 
 .rodata.__func__.1
                0x0000000010007a7c       0x10 CMakeFiles/silnik.dir/Users/jakubkloczko/pico/pico-sdk/src/rp2_common/hardware_clocks/clocks.c.obj
 .rodata.pll_init.str1.4
                0x0000000010007a8c      0x127 CMakeFiles/silnik.dir/Users/jakubkloczko/pico/pico-sdk/src/rp2_common/hardware_pll/pll.c.obj
 *fill*         0x0000000010007bb3        0x1 
 .rodata.__func__.0
                0x0000000010007bb4        0x9 CMakeFiles/silnik.dir/Users/jakubkloczko/pico/pico-sdk/src/rp2_common/hardware_pll/pll.c.obj
 *fill*         0x0000000010007bbd        0x3 
 .rodata.__assert_func.str1.4
                0x0000000010007bc0       0x3f CMakeFiles/silnik.dir/Users/jakubkloczko/pico/pico-sdk/src/rp2_common/pico_runtime/runtime.c.obj
                                         0x43 (size before relaxing)
 *fill*         0x0000000010007bff        0x1 
 .rodata.runtime_init.str1.4
                0x0000000010007c00       0x68 CMakeFiles/silnik.dir/Users/jakubkloczko/pico/pico-sdk/src/rp2_common/pico_runtime/runtime.c.obj
 .rodata.panic.str1.4
                0x0000000010007c68       0x12 CMakeFiles/silnik.dir/Users/jakubkloczko/pico/pico-sdk/src/rp2_common/pico_runtime/runtime.c.obj
 *fill*         0x0000000010007c7a        0x2 
 .rodata.__func__.2
                0x0000000010007c7c        0xd CMakeFiles/silnik.dir/Users/jakubkloczko/pico/pico-sdk/src/rp2_common/pico_runtime/runtime.c.obj
 *fill*         0x0000000010007c89        0x3 
 .rodata._ftoa.str1.4
                0x0000000010007c8c       0x15 CMakeFiles/silnik.dir/Users/jakubkloczko/pico/pico-sdk/src/rp2_common/pico_printf/printf.c.obj
 *fill*         0x0000000010007ca1        0x3 
 .rodata._vsnprintf
                0x0000000010007ca4      0x1e0 CMakeFiles/silnik.dir/Users/jakubkloczko/pico/pico-sdk/src/rp2_common/pico_printf/printf.c.obj
 *fill*         0x0000000010007e84        0x4 
 .rodata.pow10.0
                0x0000000010007e88       0x50 CMakeFiles/silnik.dir/Users/jakubkloczko/pico/pico-sdk/src/rp2_common/pico_printf/printf.c.obj
 .rodata.__aeabi_double_init.str1.4
                0x0000000010007ed8       0xaf CMakeFiles/silnik.dir/Users/jakubkloczko/pico/pico-sdk/src/rp2_common/pico_double/double_init_rom.c.obj
 *fill*         0x0000000010007f87        0x1 
 .rodata.__func__.0
                0x0000000010007f88       0x14 CMakeFiles/silnik.dir/Users/jakubkloczko/pico/pico-sdk/src/rp2_common/pico_double/double_init_rom.c.obj
 .rodata.__aeabi_float_init.str1.4
                0x0000000010007f9c       0x81 CMakeFiles/silnik.dir/Users/jakubkloczko/pico/pico-sdk/src/rp2_common/pico_float/float_init_rom.c.obj
                                         0x85 (size before relaxing)
 *fill*         0x000000001000801d        0x3 
 .rodata.__func__.0
                0x0000000010008020       0x13 CMakeFiles/silnik.dir/Users/jakubkloczko/pico/pico-sdk/src/rp2_common/pico_float/float_init_rom.c.obj
 *fill*         0x0000000010008033        0x1 
 .rodata.str1.4
                0x0000000010008034       0x3c CMakeFiles/silnik.dir/Users/jakubkloczko/pico/pico-sdk/src/rp2_common/pico_standard_link/binary_info.c.obj
 .rodata.__bi_44
                0x0000000010008070        0xc CMakeFiles/silnik.dir/Users/jakubkloczko/pico/pico-sdk/src/rp2_common/pico_standard_link/binary_info.c.obj
 .rodata.__bi_75
                0x000000001000807c        0xc CMakeFiles/silnik.dir/Users/jakubkloczko/pico/pico-sdk/src/rp2_common/pico_standard_link/binary_info.c.obj
 .rodata.__bi_81
                0x0000000010008088        0xc CMakeFiles/silnik.dir/Users/jakubkloczko/pico/pico-sdk/src/rp2_common/pico_standard_link/binary_info.c.obj
 .rodata.stdout_serialize_begin.str1.4
                0x0000000010008094       0x68 CMakeFiles/silnik.dir/Users/jakubkloczko/pico/pico-sdk/src/rp2_common/pico_stdio/stdio.c.obj
 .rodata.__func__.3
                0x0000000010008094       0x15 CMakeFiles/silnik.dir/Users/jakubkloczko/pico/pico-sdk/src/rp2_common/pico_stdio/stdio.c.obj
 *fill*         0x00000000100080a9        0x3 
 .rodata.crlf_str.2
                0x00000000100080ac        0x2 CMakeFiles/silnik.dir/Users/jakubkloczko/pico/pico-sdk/src/rp2_common/pico_stdio/stdio.c.obj
 *fill*         0x00000000100080ae        0x2 
 .rodata.str1.4
                0x00000000100080b0       0x2c CMakeFiles/silnik.dir/Users/jakubkloczko/pico/pico-sdk/src/rp2_common/pico_stdio_uart/stdio_uart.c.obj
 .rodata.__bi_33.4
                0x00000000100080dc        0xc CMakeFiles/silnik.dir/Users/jakubkloczko/pico/pico-sdk/src/rp2_common/pico_stdio_uart/stdio_uart.c.obj
 .rodata.__bi_34.5
                0x00000000100080e8        0x8 CMakeFiles/silnik.dir/Users/jakubkloczko/pico/pico-sdk/src/rp2_common/pico_stdio_uart/stdio_uart.c.obj
 .rodata._resetd_driver
                0x00000000100080f0       0x18 CMakeFiles/silnik.dir/Users/jakubkloczko/pico/pico-sdk/src/rp2_common/pico_stdio_usb/reset_interface.c.obj
 .rodata.low_priority_worker_irq.str1.4
                0x0000000010008108       0x68 CMakeFiles/silnik.dir/Users/jakubkloczko/pico/pico-sdk/src/rp2_common/pico_stdio_usb/stdio_usb.c.obj
 .rodata.stdio_usb_init.str1.4
                0x0000000010008108       0x4c CMakeFiles/silnik.dir/Users/jakubkloczko/pico/pico-sdk/src/rp2_common/pico_stdio_usb/stdio_usb.c.obj
                                         0x54 (size before relaxing)
 .rodata.str1.4
                0x0000000010008154       0x13 CMakeFiles/silnik.dir/Users/jakubkloczko/pico/pico-sdk/src/rp2_common/pico_stdio_usb/stdio_usb.c.obj
 *fill*         0x0000000010008167        0x1 
 .rodata.__bi_188.0
                0x0000000010008168        0xc CMakeFiles/silnik.dir/Users/jakubkloczko/pico/pico-sdk/src/rp2_common/pico_stdio_usb/stdio_usb.c.obj
 .rodata.__func__.1
                0x0000000010008174        0xf CMakeFiles/silnik.dir/Users/jakubkloczko/pico/pico-sdk/src/rp2_common/pico_stdio_usb/stdio_usb.c.obj
 *fill*         0x0000000010008183        0x1 
 .rodata.__func__.3
                0x0000000010008184       0x15 CMakeFiles/silnik.dir/Users/jakubkloczko/pico/pico-sdk/src/rp2_common/pico_stdio_usb/stdio_usb.c.obj
 *fill*         0x0000000010008199        0x3 
 .rodata.str1.4
                0x000000001000819c       0x2a CMakeFiles/silnik.dir/Users/jakubkloczko/pico/pico-sdk/src/rp2_common/pico_stdio_usb/stdio_usb_descriptors.c.obj
 *fill*         0x00000000100081c6        0x2 
 .rodata.usbd_desc_cfg
                0x00000000100081c8       0x54 CMakeFiles/silnik.dir/Users/jakubkloczko/pico/pico-sdk/src/rp2_common/pico_stdio_usb/stdio_usb_descriptors.c.obj
 .rodata.usbd_desc_device
                0x000000001000821c       0x12 CMakeFiles/silnik.dir/Users/jakubkloczko/pico/pico-sdk/src/rp2_common/pico_stdio_usb/stdio_usb_descriptors.c.obj
 *fill*         0x000000001000822e        0x2 
 .rodata.usbd_desc_str
                0x0000000010008230       0x18 CMakeFiles/silnik.dir/Users/jakubkloczko/pico/pico-sdk/src/rp2_common/pico_stdio_usb/stdio_usb_descriptors.c.obj
 .rodata.pico_get_unique_board_id_string.str1.4
                0x0000000010008248       0x54 CMakeFiles/silnik.dir/Users/jakubkloczko/pico/pico-sdk/src/rp2_common/pico_unique_id/unique_id.c.obj
 .rodata.__func__.0
                0x000000001000829c       0x20 CMakeFiles/silnik.dir/Users/jakubkloczko/pico/pico-sdk/src/rp2_common/pico_unique_id/unique_id.c.obj
 .rodata.str1.4
                0x00000000100082bc      0x15e CMakeFiles/silnik.dir/Users/jakubkloczko/pico/pico-sdk/src/rp2_common/hardware_flash/flash.c.obj
 *fill*         0x000000001000841a        0x2 
 .rodata.__func__.0
                0x000000001000841c        0xd CMakeFiles/silnik.dir/Users/jakubkloczko/pico/pico-sdk/src/rp2_common/hardware_flash/flash.c.obj
 *fill*         0x0000000010008429        0x3 
 .rodata._hw_endpoint_alloc.str1.4
                0x000000001000842c       0xbd CMakeFiles/silnik.dir/Users/jakubkloczko/pico/pico-sdk/lib/tinyusb/src/portable/raspberrypi/rp2040/dcd_rp2040.c.obj
 *fill*         0x00000000100084e9        0x3 
 .rodata.str1.4
                0x00000000100084ec       0x14 CMakeFiles/silnik.dir/Users/jakubkloczko/pico/pico-sdk/lib/tinyusb/src/portable/raspberrypi/rp2040/dcd_rp2040.c.obj
 .rodata.dcd_int_enable.str1.4
                0x0000000010008500        0xc CMakeFiles/silnik.dir/Users/jakubkloczko/pico/pico-sdk/lib/tinyusb/src/portable/raspberrypi/rp2040/dcd_rp2040.c.obj
 .rodata.__func__.0
                0x000000001000850c        0xe CMakeFiles/silnik.dir/Users/jakubkloczko/pico/pico-sdk/lib/tinyusb/src/portable/raspberrypi/rp2040/dcd_rp2040.c.obj
 *fill*         0x000000001000851a        0x2 
 .rodata.__func__.1
                0x000000001000851c        0xe CMakeFiles/silnik.dir/Users/jakubkloczko/pico/pico-sdk/lib/tinyusb/src/portable/raspberrypi/rp2040/dcd_rp2040.c.obj
 *fill*         0x000000001000852a        0x2 
 .rodata.__func__.3
                0x000000001000852c       0x10 CMakeFiles/silnik.dir/Users/jakubkloczko/pico/pico-sdk/lib/tinyusb/src/portable/raspberrypi/rp2040/dcd_rp2040.c.obj
 .rodata.__func__.5
                0x000000001000853c        0xf CMakeFiles/silnik.dir/Users/jakubkloczko/pico/pico-sdk/lib/tinyusb/src/portable/raspberrypi/rp2040/dcd_rp2040.c.obj
 *fill*         0x000000001000854b        0x1 
 .rodata.__func__.6
                0x000000001000854c       0x13 CMakeFiles/silnik.dir/Users/jakubkloczko/pico/pico-sdk/lib/tinyusb/src/portable/raspberrypi/rp2040/dcd_rp2040.c.obj
 *fill*         0x000000001000855f        0x1 
 .rodata.__func__.7
                0x0000000010008560        0x9 CMakeFiles/silnik.dir/Users/jakubkloczko/pico/pico-sdk/lib/tinyusb/src/portable/raspberrypi/rp2040/dcd_rp2040.c.obj
 *fill*         0x0000000010008569        0x3 
 .rodata.str1.4
                0x000000001000856c       0xe5 CMakeFiles/silnik.dir/Users/jakubkloczko/pico/pico-sdk/lib/tinyusb/src/portable/raspberrypi/rp2040/rp2040_usb.c.obj
                                         0xef (size before relaxing)
 *fill*         0x0000000010008651        0x3 
 .rodata.__func__.0
                0x0000000010008654        0xf CMakeFiles/silnik.dir/Users/jakubkloczko/pico/pico-sdk/lib/tinyusb/src/portable/raspberrypi/rp2040/rp2040_usb.c.obj
 *fill*         0x0000000010008663        0x1 
 .rodata.process_get_descriptor
                0x0000000010008664       0x40 CMakeFiles/silnik.dir/Users/jakubkloczko/pico/pico-sdk/lib/tinyusb/src/device/usbd.c.obj
 .rodata.process_control_request
                0x00000000100086a4       0x28 CMakeFiles/silnik.dir/Users/jakubkloczko/pico/pico-sdk/lib/tinyusb/src/device/usbd.c.obj
 .rodata.tud_task_ext
                0x00000000100086cc       0x24 CMakeFiles/silnik.dir/Users/jakubkloczko/pico/pico-sdk/lib/tinyusb/src/device/usbd.c.obj
 .rodata._usbd_driver
                0x00000000100086f0       0x18 CMakeFiles/silnik.dir/Users/jakubkloczko/pico/pico-sdk/lib/tinyusb/src/device/usbd.c.obj
                0x0000000010008708                . = ALIGN (0x4)
 *(SORT_BY_ALIGNMENT(SORT_BY_NAME(.flashdata*)))
                0x0000000010008708                . = ALIGN (0x4)

.rel.dyn        0x0000000010008708        0x0
 .rel.iplt      0x0000000010008708        0x0 /usr/local/Cellar/arm-none-eabi-gcc/10.3-2021.07/gcc/bin/../lib/gcc/arm-none-eabi/10.3.1/thumb/v6-m/nofp/crtbegin.o

.ARM.extab
 *(.ARM.extab* .gnu.linkonce.armextab.*)
                0x0000000010008708                __exidx_start = .

.ARM.exidx
 *(.ARM.exidx* .gnu.linkonce.armexidx.*)
                0x0000000010008708                __exidx_end = .
                0x0000000010008708                . = ALIGN (0x4)
                0x0000000010008708                __binary_info_start = .

.binary_info    0x0000000010008708       0x28
 *(.binary_info.keep.*)
 .binary_info.keep.__bi_ptr22
                0x0000000010008708        0x4 CMakeFiles/silnik.dir/Users/jakubkloczko/pico/pico-sdk/src/rp2_common/pico_standard_link/binary_info.c.obj
 .binary_info.keep.__bi_ptr30
                0x000000001000870c        0x4 CMakeFiles/silnik.dir/Users/jakubkloczko/pico/pico-sdk/src/rp2_common/pico_standard_link/binary_info.c.obj
 .binary_info.keep.__bi_ptr38
                0x0000000010008710        0x4 CMakeFiles/silnik.dir/Users/jakubkloczko/pico/pico-sdk/src/rp2_common/pico_standard_link/binary_info.c.obj
 .binary_info.keep.__bi_ptr44
                0x0000000010008714        0x4 CMakeFiles/silnik.dir/Users/jakubkloczko/pico/pico-sdk/src/rp2_common/pico_standard_link/binary_info.c.obj
 .binary_info.keep.__bi_ptr50
                0x0000000010008718        0x4 CMakeFiles/silnik.dir/Users/jakubkloczko/pico/pico-sdk/src/rp2_common/pico_standard_link/binary_info.c.obj
 .binary_info.keep.__bi_ptr75
                0x000000001000871c        0x4 CMakeFiles/silnik.dir/Users/jakubkloczko/pico/pico-sdk/src/rp2_common/pico_standard_link/binary_info.c.obj
 .binary_info.keep.__bi_ptr81
                0x0000000010008720        0x4 CMakeFiles/silnik.dir/Users/jakubkloczko/pico/pico-sdk/src/rp2_common/pico_standard_link/binary_info.c.obj
 *(.binary_info.*)
 .binary_info.__bi_ptr33
                0x0000000010008724        0x4 CMakeFiles/silnik.dir/Users/jakubkloczko/pico/pico-sdk/src/rp2_common/pico_stdio_uart/stdio_uart.c.obj
 .binary_info.__bi_ptr34
                0x0000000010008728        0x4 CMakeFiles/silnik.dir/Users/jakubkloczko/pico/pico-sdk/src/rp2_common/pico_stdio_uart/stdio_uart.c.obj
 .binary_info.__bi_ptr188
                0x000000001000872c        0x4 CMakeFiles/silnik.dir/Users/jakubkloczko/pico/pico-sdk/src/rp2_common/pico_stdio_usb/stdio_usb.c.obj
                0x0000000010008730                __binary_info_end = .
                0x0000000010008730                . = ALIGN (0x4)
                0x0000000010008730                __etext = .

.ram_vector_table
                0x0000000020000000       0xc0
 *(.ram_vector_table)
 .ram_vector_table
                0x0000000020000000       0xc0 CMakeFiles/silnik.dir/Users/jakubkloczko/pico/pico-sdk/src/rp2_common/pico_runtime/runtime.c.obj
                0x0000000020000000                ram_vector_table

.data           0x00000000200000c0      0xbf8 load address 0x0000000010008730
                0x00000000200000c0                __data_start__ = .
 *(vtable)
 *(.time_critical*)
 .time_critical.mutex_try_enter
                0x00000000200000c0       0x46 CMakeFiles/silnik.dir/Users/jakubkloczko/pico/pico-sdk/src/common/pico_sync/mutex.c.obj
                0x00000000200000c0                mutex_try_enter
 *fill*         0x0000000020000106        0x2 
 .time_critical.mutex_enter_block_until
                0x0000000020000108       0x8c CMakeFiles/silnik.dir/Users/jakubkloczko/pico/pico-sdk/src/common/pico_sync/mutex.c.obj
                0x0000000020000108                mutex_enter_block_until
 .time_critical.mutex_try_enter_block_until
                0x0000000020000194       0x34 CMakeFiles/silnik.dir/Users/jakubkloczko/pico/pico-sdk/src/common/pico_sync/mutex.c.obj
                0x0000000020000194                mutex_try_enter_block_until
 .time_critical.mutex_enter_timeout_ms
                0x00000000200001c8       0x68 CMakeFiles/silnik.dir/Users/jakubkloczko/pico/pico-sdk/src/common/pico_sync/mutex.c.obj
                0x00000000200001c8                mutex_enter_timeout_ms
 .time_critical.mutex_exit
                0x0000000020000230       0x4c CMakeFiles/silnik.dir/Users/jakubkloczko/pico/pico-sdk/src/common/pico_sync/mutex.c.obj
                0x0000000020000230                mutex_exit
 .time_critical.flash_init_boot2_copyout
                0x000000002000027c       0x30 CMakeFiles/silnik.dir/Users/jakubkloczko/pico/pico-sdk/src/rp2_common/hardware_flash/flash.c.obj
 .time_critical.flash_enable_xip_via_boot2
                0x00000000200002ac       0x10 CMakeFiles/silnik.dir/Users/jakubkloczko/pico/pico-sdk/src/rp2_common/hardware_flash/flash.c.obj
 .time_critical.flash_cs_force
                0x00000000200002bc       0x28 CMakeFiles/silnik.dir/Users/jakubkloczko/pico/pico-sdk/src/rp2_common/hardware_flash/flash.c.obj
 .time_critical.flash_do_cmd
                0x00000000200002e4       0xd8 CMakeFiles/silnik.dir/Users/jakubkloczko/pico/pico-sdk/src/rp2_common/hardware_flash/flash.c.obj
                0x00000000200002e4                flash_do_cmd
 .time_critical.reset_non_control_endpoints
                0x00000000200003bc       0x40 CMakeFiles/silnik.dir/Users/jakubkloczko/pico/pico-sdk/lib/tinyusb/src/portable/raspberrypi/rp2040/dcd_rp2040.c.obj
 .time_critical.hw_handle_buff_status
                0x00000000200003fc       0xa4 CMakeFiles/silnik.dir/Users/jakubkloczko/pico/pico-sdk/lib/tinyusb/src/portable/raspberrypi/rp2040/dcd_rp2040.c.obj
 .time_critical.dcd_rp2040_irq
                0x00000000200004a0      0x1cc CMakeFiles/silnik.dir/Users/jakubkloczko/pico/pico-sdk/lib/tinyusb/src/portable/raspberrypi/rp2040/dcd_rp2040.c.obj
 .time_critical.e15_is_bulkin_ep
                0x000000002000066c       0x2c CMakeFiles/silnik.dir/Users/jakubkloczko/pico/pico-sdk/lib/tinyusb/src/portable/raspberrypi/rp2040/rp2040_usb.c.obj
 .time_critical.e15_is_critical_frame_period
                0x0000000020000698       0x30 CMakeFiles/silnik.dir/Users/jakubkloczko/pico/pico-sdk/lib/tinyusb/src/portable/raspberrypi/rp2040/rp2040_usb.c.obj
 .time_critical.prepare_ep_buffer
                0x00000000200006c8       0x70 CMakeFiles/silnik.dir/Users/jakubkloczko/pico/pico-sdk/lib/tinyusb/src/portable/raspberrypi/rp2040/rp2040_usb.c.obj
 .time_critical.sync_ep_buffer
                0x0000000020000738       0x80 CMakeFiles/silnik.dir/Users/jakubkloczko/pico/pico-sdk/lib/tinyusb/src/portable/raspberrypi/rp2040/rp2040_usb.c.obj
 .time_critical._hw_endpoint_xfer_sync
                0x00000000200007b8       0x28 CMakeFiles/silnik.dir/Users/jakubkloczko/pico/pico-sdk/lib/tinyusb/src/portable/raspberrypi/rp2040/rp2040_usb.c.obj
 .time_critical.hw_endpoint_reset_transfer
                0x00000000200007e0        0xc CMakeFiles/silnik.dir/Users/jakubkloczko/pico/pico-sdk/lib/tinyusb/src/portable/raspberrypi/rp2040/rp2040_usb.c.obj
                0x00000000200007e0                hw_endpoint_reset_transfer
 .time_critical._hw_endpoint_buffer_control_update32
                0x00000000200007ec       0x58 CMakeFiles/silnik.dir/Users/jakubkloczko/pico/pico-sdk/lib/tinyusb/src/portable/raspberrypi/rp2040/rp2040_usb.c.obj
                0x00000000200007ec                _hw_endpoint_buffer_control_update32
 .time_critical.hw_endpoint_start_next_buffer
                0x0000000020000844       0x88 CMakeFiles/silnik.dir/Users/jakubkloczko/pico/pico-sdk/lib/tinyusb/src/portable/raspberrypi/rp2040/rp2040_usb.c.obj
                0x0000000020000844                hw_endpoint_start_next_buffer
 .time_critical.hw_endpoint_xfer_continue
                0x00000000200008cc       0x50 CMakeFiles/silnik.dir/Users/jakubkloczko/pico/pico-sdk/lib/tinyusb/src/portable/raspberrypi/rp2040/rp2040_usb.c.obj
                0x00000000200008cc                hw_endpoint_xfer_continue
 .time_critical.tinyusb
                0x000000002000091c      0x1ec CMakeFiles/silnik.dir/Users/jakubkloczko/pico/pico-sdk/lib/tinyusb/src/device/usbd.c.obj
                0x000000002000091c                dcd_event_handler
 *(.text*)
 .text          0x0000000020000b08        0x4 /usr/local/Cellar/arm-none-eabi-gcc/10.3-2021.07/gcc/bin/../lib/gcc/arm-none-eabi/10.3.1/thumb/v6-m/nofp/libgcc.a(_dvmd_tls.o)
                0x0000000020000b08                __aeabi_ldiv0
                0x0000000020000b08                __aeabi_idiv0
 *fill*         0x0000000020000b0c        0x4 
 .text.__stub   0x0000000020000b10       0x90 linker stubs
                0x0000000020000ba0                . = ALIGN (0x4)
 *(.rodata*)
                0x0000000020000ba0                . = ALIGN (0x4)
 *(.data*)
 .data.striped_spin_lock_num
                0x0000000020000ba0        0x1 CMakeFiles/silnik.dir/Users/jakubkloczko/pico/pico-sdk/src/rp2_common/hardware_sync/sync.c.obj
 *fill*         0x0000000020000ba1        0x3 
 .data          0x0000000020000ba4       0x48 CMakeFiles/silnik.dir/Users/jakubkloczko/pico/pico-sdk/src/rp2_common/hardware_irq/irq_handler_chain.S.obj
                0x0000000020000ba4                irq_handler_chain_slots
                0x0000000020000bd4                irq_handler_chain_first_slot
                0x0000000020000bde                irq_handler_chain_remove_tail
 .data.default_alarm_pool
                0x0000000020000bec       0x18 CMakeFiles/silnik.dir/Users/jakubkloczko/pico/pico-sdk/src/common/pico_time/time.c.obj
 .data.default_alarm_pool_heap
                0x0000000020000c04       0x10 CMakeFiles/silnik.dir/Users/jakubkloczko/pico/pico-sdk/src/common/pico_time/time.c.obj
 *fill*         0x0000000020000c14        0xc 
 .data.aeabi_bits_funcs
                0x0000000020000c20       0x10 CMakeFiles/silnik.dir/Users/jakubkloczko/pico/pico-sdk/src/rp2_common/pico_bit_ops/bit_ops_aeabi.S.obj
                0x0000000020000c20                aeabi_bits_funcs
                0x0000000020000c30                aeabi_bits_funcs_end
 .data.aeabi_mem_funcs