Archive member included to satisfy reference by file (symbol)

/usr/local/Cellar/arm-none-eabi-gcc/10.3-2021.07/gcc/bin/../lib/gcc/arm-none-eabi/10.3.1/thumb/v6-m/nofp/libgcc.a(_dvmd_tls.o)
                              CMakeFiles/silnik.dir/Users/jakubkloczko/pico/pico-sdk/src/rp2_common/pico_divider/divider.S.obj (__aeabi_idiv0)
/usr/local/Cellar/arm-none-eabi-gcc/10.3-2021.07/gcc/bin/../lib/gcc/arm-none-eabi/10.3.1/../../../../arm-none-eabi/lib/thumb/v6-m/nofp/libg.a(lib_a-calloc.o)
                              CMakeFiles/silnik.dir/Users/jakubkloczko/pico/pico-sdk/src/rp2_common/pico_malloc/pico_malloc.c.obj (calloc)
/usr/local/Cellar/arm-none-eabi-gcc/10.3-2021.07/gcc/bin/../lib/gcc/arm-none-eabi/10.3.1/../../../../arm-none-eabi/lib/thumb/v6-m/nofp/libg.a(lib_a-callocr.o)
                              /usr/local/Cellar/arm-none-eabi-gcc/10.3-2021.07/gcc/bin/../lib/gcc/arm-none-eabi/10.3.1/../../../../arm-none-eabi/lib/thumb/v6-m/nofp/libg.a(lib_a-calloc.o) (_calloc_r)
/usr/local/Cellar/arm-none-eabi-gcc/10.3-2021.07/gcc/bin/../lib/gcc/arm-none-eabi/10.3.1/../../../../arm-none-eabi/lib/thumb/v6-m/nofp/libg.a(lib_a-errno.o)
                              /usr/local/Cellar/arm-none-eabi-gcc/10.3-2021.07/gcc/bin/../lib/gcc/arm-none-eabi/10.3.1/../../../../arm-none-eabi/lib/thumb/v6-m/nofp/libg.a(lib_a-callocr.o) (__errno)
/usr/local/Cellar/arm-none-eabi-gcc/10.3-2021.07/gcc/bin/../lib/gcc/arm-none-eabi/10.3.1/../../../../arm-none-eabi/lib/thumb/v6-m/nofp/libg.a(lib_a-impure.o)
                              /usr/local/Cellar/arm-none-eabi-gcc/10.3-2021.07/gcc/bin/../lib/gcc/arm-none-eabi/10.3.1/../../../../arm-none-eabi/lib/thumb/v6-m/nofp/libg.a(lib_a-calloc.o) (_impure_ptr)
/usr/local/Cellar/arm-none-eabi-gcc/10.3-2021.07/gcc/bin/../lib/gcc/arm-none-eabi/10.3.1/../../../../arm-none-eabi/lib/thumb/v6-m/nofp/libg.a(lib_a-init.o)
                              /usr/local/Cellar/arm-none-eabi-gcc/10.3-2021.07/gcc/bin/../lib/gcc/arm-none-eabi/10.3.1/../../../../arm-none-eabi/lib/thumb/v6-m/nofp/crt0.o (__libc_init_array)
/usr/local/Cellar/arm-none-eabi-gcc/10.3-2021.07/gcc/bin/../lib/gcc/arm-none-eabi/10.3.1/../../../../arm-none-eabi/lib/thumb/v6-m/nofp/libg.a(lib_a-malloc.o)
                              CMakeFiles/silnik.dir/Users/jakubkloczko/pico/pico-sdk/src/rp2_common/pico_malloc/pico_malloc.c.obj (malloc)
/usr/local/Cellar/arm-none-eabi-gcc/10.3-2021.07/gcc/bin/../lib/gcc/arm-none-eabi/10.3.1/../../../../arm-none-eabi/lib/thumb/v6-m/nofp/libg.a(lib_a-mallocr.o)
                              /usr/local/Cellar/arm-none-eabi-gcc/10.3-2021.07/gcc/bin/../lib/gcc/arm-none-eabi/10.3.1/../../../../arm-none-eabi/lib/thumb/v6-m/nofp/libg.a(lib_a-callocr.o) (_malloc_r)
/usr/local/Cellar/arm-none-eabi-gcc/10.3-2021.07/gcc/bin/../lib/gcc/arm-none-eabi/10.3.1/../../../../arm-none-eabi/lib/thumb/v6-m/nofp/libg.a(lib_a-mlock.o)
                              /usr/local/Cellar/arm-none-eabi-gcc/10.3-2021.07/gcc/bin/../lib/gcc/arm-none-eabi/10.3.1/../../../../arm-none-eabi/lib/thumb/v6-m/nofp/libg.a(lib_a-mallocr.o) (__malloc_lock)
/usr/local/Cellar/arm-none-eabi-gcc/10.3-2021.07/gcc/bin/../lib/gcc/arm-none-eabi/10.3.1/../../../../arm-none-eabi/lib/thumb/v6-m/nofp/libg.a(lib_a-realloc.o)
                              CMakeFiles/silnik.dir/Users/jakubkloczko/pico/pico-sdk/src/rp2_common/pico_malloc/pico_malloc.c.obj (realloc)
/usr/local/Cellar/arm-none-eabi-gcc/10.3-2021.07/gcc/bin/../lib/gcc/arm-none-eabi/10.3.1/../../../../arm-none-eabi/lib/thumb/v6-m/nofp/libg.a(lib_a-reallocr.o)
                              /usr/local/Cellar/arm-none-eabi-gcc/10.3-2021.07/gcc/bin/../lib/gcc/arm-none-eabi/10.3.1/../../../../arm-none-eabi/lib/thumb/v6-m/nofp/libg.a(lib_a-realloc.o) (_realloc_r)
/usr/local/Cellar/arm-none-eabi-gcc/10.3-2021.07/gcc/bin/../lib/gcc/arm-none-eabi/10.3.1/../../../../arm-none-eabi/lib/thumb/v6-m/nofp/libg.a(lib_a-sbrkr.o)
                              /usr/local/Cellar/arm-none-eabi-gcc/10.3-2021.07/gcc/bin/../lib/gcc/arm-none-eabi/10.3.1/../../../../arm-none-eabi/lib/thumb/v6-m/nofp/libg.a(lib_a-mallocr.o) (_sbrk_r)
/usr/local/Cellar/arm-none-eabi-gcc/10.3-2021.07/gcc/bin/../lib/gcc/arm-none-eabi/10.3.1/../../../../arm-none-eabi/lib/thumb/v6-m/nofp/libg.a(lib_a-strlen-stub.o)
                              CMakeFiles/silnik.dir/Users/jakubkloczko/pico/pico-sdk/src/rp2_common/pico_stdio/stdio.c.obj (strlen)
/usr/local/Cellar/arm-none-eabi-gcc/10.3-2021.07/gcc/bin/../lib/gcc/arm-none-eabi/10.3.1/../../../../arm-none-eabi/lib/thumb/v6-m/nofp/libg.a(lib_a-freer.o)
                              /usr/local/Cellar/arm-none-eabi-gcc/10.3-2021.07/gcc/bin/../lib/gcc/arm-none-eabi/10.3.1/../../../../arm-none-eabi/lib/thumb/v6-m/nofp/libg.a(lib_a-malloc.o) (_free_r)
/usr/local/Cellar/arm-none-eabi-gcc/10.3-2021.07/gcc/bin/../lib/gcc/arm-none-eabi/10.3.1/../../../../arm-none-eabi/lib/thumb/v6-m/nofp/libg.a(lib_a-lock.o)
[...]
Memory Configuration

Name             Origin             Length             Attributes
FLASH            0x0000000010000000 0x0000000000200000 xr
RAM              0x0000000020000000 0x0000000000040000 xrw
SCRATCH_X        0x0000000020040000 0x0000000000001000 xrw
SCRATCH_Y        0x0000000020041000 0x0000000000001000 xrw
*default*        0x0000000000000000 0xffffffffffffffff

Linker script and memory map

LOAD /usr/local/Cellar/arm-none-eabi-gcc/10.3-2021.07/gcc/bin/../lib/gcc/arm-none-eabi/10.3.1/thumb/v6-m/nofp/crti.o
LOAD /usr/local/Cellar/arm-none-eabi-gcc/10.3-2021.07/gcc/bin/../lib/gcc/arm-none-eabi/10.3.1/thumb/v6-m/nofp/crtbegin.o
LOAD /usr/local/Cellar/arm-none-eabi-gcc/10.3-2021.07/gcc/bin/../lib/gcc/arm-none-eabi/10.3.1/../../../../arm-none-eabi/lib/thumb/v6-m/nofp/crt0.o

.flash_begin    0x0000000010000000        0x0
                0x0000000010000000                __flash_binary_start = .

.boot2          0x0000000010000000      0x100
                0x0000000010000000                __boot2_start__ = .
 *(.boot2)
 .boot2         0x0000000010000000      0x100 /var/folders/43/k18r8kw12vzb9bsxvpkvt5s80000gn/T//cczyiBId.o
                0x0000000010000100                __boot2_end__ = .
                0x0000000000000001                ASSERT (((__boot2_end__ - __boot2_start__) == 0x100), ERROR: Pico second stage bootloader must be 256 bytes in size)

.text           0x0000000010000100     0x7350
                0x0000000010000100                __logical_binary_start = .
 *(.vectors)
 .vectors       0x0000000010000100       0xd4 CMakeFiles/silnik.dir/Users/jakubkloczko/pico/pico-sdk/src/rp2_common/pico_standard_link/crt0.S.obj
                0x0000000010000100                __VECTOR_TABLE
                0x0000000010000100                __vectors
                0x00000000100001c0                __default_isrs_start
                0x00000000100001c0                isr_invalid
                0x00000000100001c2                isr_nmi
                0x00000000100001c4                isr_hardfault
                0x00000000100001c6                isr_svcall
                0x00000000100001c8                isr_pendsv
                0x00000000100001ca                isr_systick
                0x00000000100001cc                isr_irq28
                0x00000000100001cc                isr_irq19
                0x00000000100001cc                isr_irq0
                0x00000000100001cc                isr_irq6
                0x00000000100001cc                isr_irq22
                0x00000000100001cc                isr_irq17
                0x00000000100001cc                isr_irq14
                0x00000000100001cc                isr_irq2
                0x00000000100001cc                isr_irq10
                0x00000000100001cc                isr_irq8
                0x00000000100001cc                isr_irq24
                0x00000000100001cc                isr_irq1
                0x00000000100001cc                isr_irq7
                0x00000000100001cc                isr_irq21
                0x00000000100001cc                isr_irq20
                0x00000000100001cc                isr_irq15
                0x00000000100001cc                isr_irq25
                0x00000000100001cc                isr_irq4
                0x00000000100001cc                isr_irq16
                0x00000000100001cc                isr_irq29
                0x00000000100001cc                isr_irq26
                0x00000000100001cc                __default_isrs_end
                0x00000000100001cc                isr_irq3
                0x00000000100001cc                isr_irq9
                0x00000000100001cc                __unhandled_user_irq
                0x00000000100001cc                isr_irq13
                0x00000000100001cc                isr_irq27
                0x00000000100001cc                isr_irq31
                0x00000000100001cc                isr_irq5
                0x00000000100001cc                isr_irq11
                0x00000000100001cc                isr_irq23
                0x00000000100001cc                isr_irq18
                0x00000000100001cc                isr_irq30
                0x00000000100001cc                isr_irq12
                0x00000000100001d2                unhandled_user_irq_num_in_r0
 *(.binary_info_header)
 .binary_info_header
                0x00000000100001d4       0x14 CMakeFiles/silnik.dir/Users/jakubkloczko/pico/pico-sdk/src/rp2_common/pico_standard_link/crt0.S.obj
                0x00000000100001e8                __binary_info_header_end = .
 *(.reset)
 .reset         0x00000000100001e8       0xa0 CMakeFiles/silnik.dir/Users/jakubkloczko/pico/pico-sdk/src/rp2_common/pico_standard_link/crt0.S.obj
                0x00000000100001e8                _entry_point
 .reset         0x0000000010000288       0x30 CMakeFiles/silnik.dir/Users/jakubkloczko/pico/pico-sdk/src/rp2_common/pico_standard_link/binary_info.c.obj
 *(.init)
 .init          0x00000000100002b8        0x4 /usr/local/Cellar/arm-none-eabi-gcc/10.3-2021.07/gcc/bin/../lib/gcc/arm-none-eabi/10.3.1/thumb/v6-m/nofp/crti.o
                0x00000000100002b8                _init
 *(EXCLUDE_FILE(*libm.a: *libc.a:*lib_a-mem*.o *libgcc.a:) .text*)
 .text          0x00000000100002bc       0x48 /usr/local/Cellar/arm-none-eabi-gcc/10.3-2021.07/gcc/bin/../lib/gcc/arm-none-eabi/10.3.1/thumb/v6-m/nofp/crtbegin.o
 .text.call_back
                0x0000000010000304       0x88 CMakeFiles/silnik.dir/main.c.obj
                0x0000000010000304                call_back
 .text.enable_pins
                0x000000001000038c       0x30 CMakeFiles/silnik.dir/main.c.obj
                0x000000001000038c                enable_pins
 .text.rotate   0x00000000100003bc      0x10c CMakeFiles/silnik.dir/main.c.obj
                0x00000000100003bc                rotate
 .text.main     0x00000000100004c8       0x6c CMakeFiles/silnik.dir/main.c.obj
                0x00000000100004c8                main
 .text.gpio_set_function
                0x0000000010000534       0x30 CMakeFiles/silnik.dir/Users/jakubkloczko/pico/pico-sdk/src/rp2_common/hardware_gpio/gpio.c.obj
                0x0000000010000534                gpio_set_function
 .text.gpio_set_pulls
                0x0000000010000564       0x34 CMakeFiles/silnik.dir/Users/jakubkloczko/pico/pico-sdk/src/rp2_common/hardware_gpio/gpio.c.obj
                0x0000000010000564                gpio_set_pulls
 .text.gpio_set_irq_callback
                0x0000000010000598       0x48 CMakeFiles/silnik.dir/Users/jakubkloczko/pico/pico-sdk/src/rp2_common/hardware_gpio/gpio.c.obj
                0x0000000010000598                gpio_set_irq_callback
 .text.gpio_acknowledge_irq
                0x00000000100005e0       0x18 CMakeFiles/silnik.dir/Users/jakubkloczko/pico/pico-sdk/src/rp2_common/hardware_gpio/gpio.c.obj
                0x00000000100005e0                gpio_acknowledge_irq
 .text._gpio_set_irq_enabled
                0x00000000100005f8       0x34 CMakeFiles/silnik.dir/Users/jakubkloczko/pico/pico-sdk/src/rp2_common/hardware_gpio/gpio.c.obj
 .text.gpio_set_irq_enabled
                0x000000001000062c       0x20 CMakeFiles/silnik.dir/Users/jakubkloczko/pico/pico-sdk/src/rp2_common/hardware_gpio/gpio.c.obj
                0x000000001000062c                gpio_set_irq_enabled
 .text.gpio_set_irq_enabled_with_callback
                0x000000001000064c       0x20 CMakeFiles/silnik.dir/Users/jakubkloczko/pico/pico-sdk/src/rp2_common/hardware_gpio/gpio.c.obj
                0x000000001000064c                gpio_set_irq_enabled_with_callback
 .text.gpio_default_irq_handler
                0x000000001000066c       0x98 CMakeFiles/silnik.dir/Users/jakubkloczko/pico/pico-sdk/src/rp2_common/hardware_gpio/gpio.c.obj
 .text.gpio_init
                0x0000000010000704       0x16 CMakeFiles/silnik.dir/Users/jakubkloczko/pico/pico-sdk/src/rp2_common/hardware_gpio/gpio.c.obj
                0x0000000010000704                gpio_init
 *fill*         0x000000001000071a        0x2 
 .text.running_on_fpga
                0x000000001000071c       0x14 CMakeFiles/silnik.dir/Users/jakubkloczko/pico/pico-sdk/src/rp2_common/pico_platform/platform.c.obj
                0x000000001000071c                running_on_fpga
 .text.hw_claim_lock
                0x0000000010000730       0x18 CMakeFiles/silnik.dir/Users/jakubkloczko/pico/pico-sdk/src/rp2_common/hardware_claim/claim.c.obj
                0x0000000010000730                hw_claim_lock
 .text.hw_claim_unlock
                0x0000000010000748       0x14 CMakeFiles/silnik.dir/Users/jakubkloczko/pico/pico-sdk/src/rp2_common/hardware_claim/claim.c.obj
                0x0000000010000748                hw_claim_unlock
 .text.hw_claim_or_assert
                0x000000001000075c       0x32 CMakeFiles/silnik.dir/Users/jakubkloczko/pico/pico-sdk/src/rp2_common/hardware_claim/claim.c.obj
                0x000000001000075c                hw_claim_or_assert
 .text.hw_claim_unused_from_range
                0x000000001000078e       0x50 CMakeFiles/silnik.dir/Users/jakubkloczko/pico/pico-sdk/src/rp2_common/hardware_claim/claim.c.obj
                0x000000001000078e                hw_claim_unused_from_range
 *fill*         0x00000000100007de        0x2 
 .text.spin_locks_reset
                0x00000000100007e0       0x20 CMakeFiles/silnik.dir/Users/jakubkloczko/pico/pico-sdk/src/rp2_common/hardware_sync/sync.c.obj
                0x00000000100007e0                spin_locks_reset
 .text.next_striped_spin_lock_num
                0x0000000010000800       0x1c CMakeFiles/silnik.dir/Users/jakubkloczko/pico/pico-sdk/src/rp2_common/hardware_sync/sync.c.obj
                0x0000000010000800                next_striped_spin_lock_num
 .text.spin_lock_claim_unused
                0x000000001000081c       0x20 CMakeFiles/silnik.dir/Users/jakubkloczko/pico/pico-sdk/src/rp2_common/hardware_sync/sync.c.obj
                0x000000001000081c                spin_lock_claim_unused
 .text.set_raw_irq_handler_and_unlock
                0x000000001000083c       0x28 CMakeFiles/silnik.dir/Users/jakubkloczko/pico/pico-sdk/src/rp2_common/hardware_irq/irq.c.obj
 .text.make_branch
                0x0000000010000864       0x48 CMakeFiles/silnik.dir/Users/jakubkloczko/pico/pico-sdk/src/rp2_common/hardware_irq/irq.c.obj
 .text.insert_branch_and_link
                0x00000000100008ac       0x40 CMakeFiles/silnik.dir/Users/jakubkloczko/pico/pico-sdk/src/rp2_common/hardware_irq/irq.c.obj
 .text.irq_is_enabled
                0x00000000100008ec       0x18 CMakeFiles/silnik.dir/Users/jakubkloczko/pico/pico-sdk/src/rp2_common/hardware_irq/irq.c.obj
                0x00000000100008ec                irq_is_enabled
 .text.irq_set_mask_enabled
                0x0000000010000904       0x20 CMakeFiles/silnik.dir/Users/jakubkloczko/pico/pico-sdk/src/rp2_common/hardware_irq/irq.c.obj
                0x0000000010000904                irq_set_mask_enabled
 .text.irq_set_enabled
                0x0000000010000924        0xe CMakeFiles/silnik.dir/Users/jakubkloczko/pico/pico-sdk/src/rp2_common/hardware_irq/irq.c.obj
                0x0000000010000924                irq_set_enabled
 *fill*         0x0000000010000932        0x2 
 .text.irq_set_pending
                0x0000000010000934       0x10 CMakeFiles/silnik.dir/Users/jakubkloczko/pico/pico-sdk/src/rp2_common/hardware_irq/irq.c.obj
                0x0000000010000934                irq_set_pending
 .text.irq_get_vtable_handler
                0x0000000010000944       0x10 CMakeFiles/silnik.dir/Users/jakubkloczko/pico/pico-sdk/src/rp2_common/hardware_irq/irq.c.obj
                0x0000000010000944                irq_get_vtable_handler
 .text.irq_has_shared_handler
                0x0000000010000954       0x24 CMakeFiles/silnik.dir/Users/jakubkloczko/pico/pico-sdk/src/rp2_common/hardware_irq/irq.c.obj
                0x0000000010000954                irq_has_shared_handler
 .text.irq_set_exclusive_handler
                0x0000000010000978       0x54 CMakeFiles/silnik.dir/Users/jakubkloczko/pico/pico-sdk/src/rp2_common/hardware_irq/irq.c.obj
                0x0000000010000978                irq_set_exclusive_handler
 .text.irq_add_shared_handler
                0x00000000100009cc      0x234 CMakeFiles/silnik.dir/Users/jakubkloczko/pico/pico-sdk/src/rp2_common/hardware_irq/irq.c.obj
                0x00000000100009cc                irq_add_shared_handler
 .text.irq_remove_handler
                0x0000000010000c00      0x1ac CMakeFiles/silnik.dir/Users/jakubkloczko/pico/pico-sdk/src/rp2_common/hardware_irq/irq.c.obj
                0x0000000010000c00                irq_remove_handler
 .text.irq_add_tail_to_free_list
                0x0000000010000dac       0xf0 CMakeFiles/silnik.dir/Users/jakubkloczko/pico/pico-sdk/src/rp2_common/hardware_irq/irq.c.obj
                0x0000000010000dac                irq_add_tail_to_free_list
 .text.irq_init_priorities
                0x0000000010000e9c       0x1c CMakeFiles/silnik.dir/Users/jakubkloczko/pico/pico-sdk/src/rp2_common/hardware_irq/irq.c.obj
                0x0000000010000e9c                irq_init_priorities
 .text.user_irq_claim_unused
                0x0000000010000eb8       0x28 CMakeFiles/silnik.dir/Users/jakubkloczko/pico/pico-sdk/src/rp2_common/hardware_irq/irq.c.obj
                0x0000000010000eb8                user_irq_claim_unused
 .text.lock_init
                0x0000000010000ee0       0x10 CMakeFiles/silnik.dir/Users/jakubkloczko/pico/pico-sdk/src/common/pico_sync/lock_core.c.obj
                0x0000000010000ee0                lock_init
 .text.mutex_init
                0x0000000010000ef0       0x1a CMakeFiles/silnik.dir/Users/jakubkloczko/pico/pico-sdk/src/common/pico_sync/mutex.c.obj
                0x0000000010000ef0                mutex_init
 .text.recursive_mutex_init
                0x0000000010000f0a       0x1e CMakeFiles/silnik.dir/Users/jakubkloczko/pico/pico-sdk/src/common/pico_sync/mutex.c.obj
                0x0000000010000f0a                recursive_mutex_init
 .text.critical_section_init_with_lock_num
                0x0000000010000f28       0x14 CMakeFiles/silnik.dir/Users/jakubkloczko/pico/pico-sdk/src/common/pico_sync/critical_section.c.obj
                0x0000000010000f28                critical_section_init_with_lock_num
 .text.critical_section_init
                0x0000000010000f3c       0x14 CMakeFiles/silnik.dir/Users/jakubkloczko/pico/pico-sdk/src/common/pico_sync/critical_section.c.obj
                0x0000000010000f3c                critical_section_init
 .text.alarm_pool_post_alloc_init
                0x0000000010000f50       0x40 CMakeFiles/silnik.dir/Users/jakubkloczko/pico/pico-sdk/src/common/pico_time/time.c.obj
 .text.sleep_until_callback
                0x0000000010000f90       0x30 CMakeFiles/silnik.dir/Users/jakubkloczko/pico/pico-sdk/src/common/pico_time/time.c.obj
 .text.timer_pool_entry_comparator
                0x0000000010000fc0       0x7c CMakeFiles/silnik.dir/Users/jakubkloczko/pico/pico-sdk/src/common/pico_time/time.c.obj
                0x0000000010000fc0                timer_pool_entry_comparator
 .text.ph_add_child_node
                0x000000001000103c       0xa4 CMakeFiles/silnik.dir/Users/jakubkloczko/pico/pico-sdk/src/common/pico_time/time.c.obj
 .text.ph_merge_nodes
                0x00000000100010e0       0x3e CMakeFiles/silnik.dir/Users/jakubkloczko/pico/pico-sdk/src/common/pico_time/time.c.obj
 *fill*         0x000000001000111e        0x2 
 .text.add_alarm_under_lock
                0x0000000010001120      0x174 CMakeFiles/silnik.dir/Users/jakubkloczko/pico/pico-sdk/src/common/pico_time/time.c.obj
 .text.alarm_pool_alarm_callback
                0x0000000010001294      0x33c CMakeFiles/silnik.dir/Users/jakubkloczko/pico/pico-sdk/src/common/pico_time/time.c.obj
 .text.alarm_pool_init_default
                0x00000000100015d0       0x40 CMakeFiles/silnik.dir/Users/jakubkloczko/pico/pico-sdk/src/common/pico_time/time.c.obj
                0x00000000100015d0                alarm_pool_init_default
 .text.alarm_pool_get_default
                0x0000000010001610       0x2c CMakeFiles/silnik.dir/Users/jakubkloczko/pico/pico-sdk/src/common/pico_time/time.c.obj
                0x0000000010001610                alarm_pool_get_default
 .text.alarm_pool_add_alarm_at
                0x000000001000163c      0x168 CMakeFiles/silnik.dir/Users/jakubkloczko/pico/pico-sdk/src/common/pico_time/time.c.obj
                0x000000001000163c                alarm_pool_add_alarm_at
 .text.alarm_pool_cancel_alarm
                0x00000000100017a4       0xf0 CMakeFiles/silnik.dir/Users/jakubkloczko/pico/pico-sdk/src/common/pico_time/time.c.obj
                0x00000000100017a4                alarm_pool_cancel_alarm
 .text.alarm_pool_core_num
                0x0000000010001894        0x4 CMakeFiles/silnik.dir/Users/jakubkloczko/pico/pico-sdk/src/common/pico_time/time.c.obj
                0x0000000010001894                alarm_pool_core_num
 .text.sleep_until
                0x0000000010001898       0xfc CMakeFiles/silnik.dir/Users/jakubkloczko/pico/pico-sdk/src/common/pico_time/time.c.obj
                0x0000000010001898                sleep_until
 .text.sleep_us
                0x0000000010001994       0x58 CMakeFiles/silnik.dir/Users/jakubkloczko/pico/pico-sdk/src/common/pico_time/time.c.obj
                0x0000000010001994                sleep_us
 .text.best_effort_wfe_or_timeout
                0x00000000100019ec       0xac CMakeFiles/silnik.dir/Users/jakubkloczko/pico/pico-sdk/src/common/pico_time/time.c.obj
                0x00000000100019ec                best_effort_wfe_or_timeout
 .text.hardware_alarm_irq_handler
                0x0000000010001a98       0x90 CMakeFiles/silnik.dir/Users/jakubkloczko/pico/pico-sdk/src/rp2_common/hardware_timer/timer.c.obj
 .text.hardware_alarm_claim
                0x0000000010001b28       0x18 CMakeFiles/silnik.dir/Users/jakubkloczko/pico/pico-sdk/src/rp2_common/hardware_timer/timer.c.obj
                0x0000000010001b28                hardware_alarm_claim
 .text.time_us_64
                0x0000000010001b40       0x18 CMakeFiles/silnik.dir/Users/jakubkloczko/pico/pico-sdk/src/rp2_common/hardware_timer/timer.c.obj
                0x0000000010001b40                time_us_64
 .text.busy_wait_until
                0x0000000010001b58       0x28 CMakeFiles/silnik.dir/Users/jakubkloczko/pico/pico-sdk/src/rp2_common/hardware_timer/timer.c.obj
                0x0000000010001b58                busy_wait_until
 .text.hardware_alarm_set_callback
                0x0000000010001b80       0x90 CMakeFiles/silnik.dir/Users/jakubkloczko/pico/pico-sdk/src/rp2_common/hardware_timer/timer.c.obj
                0x0000000010001b80                hardware_alarm_set_callback
 .text.hardware_alarm_set_target
                0x0000000010001c10       0xe8 CMakeFiles/silnik.dir/Users/jakubkloczko/pico/pico-sdk/src/rp2_common/hardware_timer/timer.c.obj
                0x0000000010001c10                hardware_alarm_set_target
 .text.hardware_alarm_cancel
                0x0000000010001cf8       0x40 CMakeFiles/silnik.dir/Users/jakubkloczko/pico/pico-sdk/src/rp2_common/hardware_timer/timer.c.obj
                0x0000000010001cf8                hardware_alarm_cancel
 .text.ph_add_child_node
                0x0000000010001d38       0xa4 CMakeFiles/silnik.dir/Users/jakubkloczko/pico/pico-sdk/src/common/pico_util/pheap.c.obj
 .text.ph_merge_nodes
                0x0000000010001ddc       0x3e CMakeFiles/silnik.dir/Users/jakubkloczko/pico/pico-sdk/src/common/pico_util/pheap.c.obj
 *fill*         0x0000000010001e1a        0x2 
 .text.ph_clear
                0x0000000010001e1c       0x70 CMakeFiles/silnik.dir/Users/jakubkloczko/pico/pico-sdk/src/common/pico_util/pheap.c.obj
                0x0000000010001e1c                ph_clear
 .text.ph_post_alloc_init
                0x0000000010001e8c        0xe CMakeFiles/silnik.dir/Users/jakubkloczko/pico/pico-sdk/src/common/pico_util/pheap.c.obj
                0x0000000010001e8c                ph_post_alloc_init
 *fill*         0x0000000010001e9a        0x2 
 .text.ph_merge_two_pass
                0x0000000010001e9c       0xa8 CMakeFiles/silnik.dir/Users/jakubkloczko/pico/pico-sdk/src/common/pico_util/pheap.c.obj
                0x0000000010001e9c                ph_merge_two_pass
 .text.ph_remove_any_head
                0x0000000010001f44      0x128 CMakeFiles/silnik.dir/Users/jakubkloczko/pico/pico-sdk/src/common/pico_util/pheap.c.obj
 .text.ph_remove_head
                0x000000001000206c       0x14 CMakeFiles/silnik.dir/Users/jakubkloczko/pico/pico-sdk/src/common/pico_util/pheap.c.obj
                0x000000001000206c                ph_remove_head
 .text.ph_remove_and_free_node
                0x0000000010002080       0xf8 CMakeFiles/silnik.dir/Users/jakubkloczko/pico/pico-sdk/src/common/pico_util/pheap.c.obj
                0x0000000010002080                ph_remove_and_free_node
 .text.uart_set_baudrate
                0x0000000010002178       0x5c CMakeFiles/silnik.dir/Users/jakubkloczko/pico/pico-sdk/src/rp2_common/hardware_uart/uart.c.obj
                0x0000000010002178                uart_set_baudrate
 .text.uart_set_translate_crlf
                0x00000000100021d4       0x28 CMakeFiles/silnik.dir/Users/jakubkloczko/pico/pico-sdk/src/rp2_common/hardware_uart/uart.c.obj
                0x00000000100021d4                uart_set_translate_crlf
 .text.uart_init
                0x00000000100021fc       0x80 CMakeFiles/silnik.dir/Users/jakubkloczko/pico/pico-sdk/src/rp2_common/hardware_uart/uart.c.obj
                0x00000000100021fc                uart_init
 .text.clock_configure
                0x000000001000227c      0x104 CMakeFiles/silnik.dir/Users/jakubkloczko/pico/pico-sdk/src/rp2_common/hardware_clocks/clocks.c.obj
                0x000000001000227c                clock_configure
 .text.clocks_init
                0x0000000010002380      0x100 CMakeFiles/silnik.dir/Users/jakubkloczko/pico/pico-sdk/src/rp2_common/hardware_clocks/clocks.c.obj
                0x0000000010002380                clocks_init
 .text.clock_get_hz
                0x0000000010002480        0xc CMakeFiles/silnik.dir/Users/jakubkloczko/pico/pico-sdk/src/rp2_common/hardware_clocks/clocks.c.obj
                0x0000000010002480                clock_get_hz
 .text.pll_init
                0x000000001000248c      0x12c CMakeFiles/silnik.dir/Users/jakubkloczko/pico/pico-sdk/src/rp2_common/hardware_pll/pll.c.obj
                0x000000001000248c                pll_init
 .text.watchdog_start_tick
                0x00000000100025b8       0x10 CMakeFiles/silnik.dir/Users/jakubkloczko/pico/pico-sdk/src/rp2_common/hardware_watchdog/watchdog.c.obj
                0x00000000100025b8                watchdog_start_tick
 .text.watchdog_update
                0x00000000100025c8       0x14 CMakeFiles/silnik.dir/Users/jakubkloczko/pico/pico-sdk/src/rp2_common/hardware_watchdog/watchdog.c.obj
                0x00000000100025c8                watchdog_update
 .text._watchdog_enable
                0x00000000100025dc       0x78 CMakeFiles/silnik.dir/Users/jakubkloczko/pico/pico-sdk/src/rp2_common/hardware_watchdog/watchdog.c.obj
                0x00000000100025dc                _watchdog_enable
 .text.watchdog_reboot
                0x0000000010002654       0x48 CMakeFiles/silnik.dir/Users/jakubkloczko/pico/pico-sdk/src/rp2_common/hardware_watchdog/watchdog.c.obj
                0x0000000010002654                watchdog_reboot
 .text.xosc_init
                0x000000001000269c       0x28 CMakeFiles/silnik.dir/Users/jakubkloczko/pico/pico-sdk/src/rp2_common/hardware_xosc/xosc.c.obj
                0x000000001000269c                xosc_init
 .text._exit    0x00000000100026c4        0x4 CMakeFiles/silnik.dir/Users/jakubkloczko/pico/pico-sdk/src/rp2_common/pico_runtime/runtime.c.obj
                0x00000000100026c4                _exit
 .text.exit     0x00000000100026c8        0x6 CMakeFiles/silnik.dir/Users/jakubkloczko/pico/pico-sdk/src/rp2_common/pico_runtime/runtime.c.obj
                0x00000000100026c8                exit
 *fill*         0x00000000100026ce        0x2 
 .text.__assert_func
                0x00000000100026d0       0x3c CMakeFiles/silnik.dir/Users/jakubkloczko/pico/pico-sdk/src/rp2_common/pico_runtime/runtime.c.obj
                0x00000000100026d0                __assert_func
 .text.runtime_init
                0x000000001000270c       0xf8 CMakeFiles/silnik.dir/Users/jakubkloczko/pico/pico-sdk/src/rp2_common/pico_runtime/runtime.c.obj
                0x000000001000270c                runtime_init
 .text.panic    0x0000000010002804       0x30 CMakeFiles/silnik.dir/Users/jakubkloczko/pico/pico-sdk/src/rp2_common/pico_runtime/runtime.c.obj
                0x0000000010002804                panic
 .text._out_null
                0x0000000010002834        0x2 CMakeFiles/silnik.dir/Users/jakubkloczko/pico/pico-sdk/src/rp2_common/pico_printf/printf.c.obj
 .text._out_fct
                0x0000000010002836        0xe CMakeFiles/silnik.dir/Users/jakubkloczko/pico/pico-sdk/src/rp2_common/pico_printf/printf.c.obj
 .text._atoi    0x0000000010002844       0x24 CMakeFiles/silnik.dir/Users/jakubkloczko/pico/pico-sdk/src/rp2_common/pico_printf/printf.c.obj
 .text._out_rev
                0x0000000010002868       0xae CMakeFiles/silnik.dir/Users/jakubkloczko/pico/pico-sdk/src/rp2_common/pico_printf/printf.c.obj
 .text._ntoa_format
                0x0000000010002916      0x112 CMakeFiles/silnik.dir/Users/jakubkloczko/pico/pico-sdk/src/rp2_common/pico_printf/printf.c.obj
 .text._ntoa_long
                0x0000000010002a28       0xbc CMakeFiles/silnik.dir/Users/jakubkloczko/pico/pico-sdk/src/rp2_common/pico_printf/printf.c.obj
 .text._ntoa_long_long
                0x0000000010002ae4       0xe2 CMakeFiles/silnik.dir/Users/jakubkloczko/pico/pico-sdk/src/rp2_common/pico_printf/printf.c.obj
 *fill*         0x0000000010002bc6        0x2 
 .text._etoa    0x0000000010002bc8      0x414 CMakeFiles/silnik.dir/Users/jakubkloczko/pico/pico-sdk/src/rp2_common/pico_printf/printf.c.obj
 .text._ftoa    0x0000000010002fdc      0x354 CMakeFiles/silnik.dir/Users/jakubkloczko/pico/pico-sdk/src/rp2_common/pico_printf/printf.c.obj
 .text._vsnprintf
                0x0000000010003330      0x624 CMakeFiles/silnik.dir/Users/jakubkloczko/pico/pico-sdk/src/rp2_common/pico_printf/printf.c.obj
 .text.vfctprintf
                0x0000000010003954       0x20 CMakeFiles/silnik.dir/Users/jakubkloczko/pico/pico-sdk/src/rp2_common/pico_printf/printf.c.obj
                0x0000000010003954                vfctprintf
 .text          0x0000000010003974       0x10 CMakeFiles/silnik.dir/Users/jakubkloczko/pico/pico-sdk/src/rp2_common/pico_bit_ops/bit_ops_aeabi.S.obj
 .text.rom_func_lookup
                0x0000000010003984       0x10 CMakeFiles/silnik.dir/Users/jakubkloczko/pico/pico-sdk/src/rp2_common/pico_bootrom/bootrom.c.obj
                0x0000000010003984                rom_func_lookup
 .text.rom_data_lookup
                0x0000000010003994       0x10 CMakeFiles/silnik.dir/Users/jakubkloczko/pico/pico-sdk/src/rp2_common/pico_bootrom/bootrom.c.obj
                0x0000000010003994                rom_data_lookup
 .text.rom_funcs_lookup
                0x00000000100039a4       0x36 CMakeFiles/silnik.dir/Users/jakubkloczko/pico/pico-sdk/src/rp2_common/pico_bootrom/bootrom.c.obj
                0x00000000100039a4                rom_funcs_lookup
 *fill*         0x00000000100039da        0x2 
 .text.__wrap___aeabi_idiv
                0x00000000100039dc       0x50 CMakeFiles/silnik.dir/Users/jakubkloczko/pico/pico-sdk/src/rp2_common/pico_divider/divider.S.obj
                0x00000000100039dc                __wrap___aeabi_idivmod
                0x00000000100039dc                divmod_s32s32
                0x00000000100039dc                div_s32s32
                0x00000000100039dc                __wrap___aeabi_idiv
                0x00000000100039e4                divmod_s32s32_unsafe
                0x0000000010003a10                divmod_s32s32_savestate
 .text.__wrap___aeabi_uidiv
                0x0000000010003a2c       0x4c CMakeFiles/silnik.dir/Users/jakubkloczko/pico/pico-sdk/src/rp2_common/pico_divider/divider.S.obj
                0x0000000010003a2c                __wrap___aeabi_uidiv
                0x0000000010003a2c                __wrap___aeabi_uidivmod
                0x0000000010003a2c                div_u32u32
                0x0000000010003a2c                divmod_u32u32
                0x0000000010003a34                divmod_u32u32_unsafe
                0x0000000010003a5c                divmod_u32u32_savestate
 .text.__wrap___aeabi_ldiv
                0x0000000010003a78      0x424 CMakeFiles/silnik.dir/Users/jakubkloczko/pico/pico-sdk/src/rp2_common/pico_divider/divider.S.obj
                0x0000000010003a78                __wrap___aeabi_ldivmod
                0x0000000010003a78                div_s64s64
                0x0000000010003a78                divmod_s64s64
                0x0000000010003aa8                divmod_u64u64
                0x0000000010003aa8                div_u64u64
                0x0000000010003aa8                __wrap___aeabi_uldivmod
                0x0000000010003ab8                divmod_u64u64_savestate
                0x0000000010003ad8                divmod_s64s64_unsafe
                0x0000000010003b60                divmod_u64u64_unsafe
 .text.__wrap___aeabi_darithmetic
                0x0000000010003e9c       0x80 CMakeFiles/silnik.dir/Users/jakubkloczko/pico/pico-sdk/src/rp2_common/pico_double/double_aeabi.S.obj
                0x0000000010003e9c                __wrap___aeabi_drsub
                0x0000000010003ea2                __wrap___aeabi_dsub
                0x0000000010003eb4                __wrap___aeabi_dadd
                0x0000000010003ec6                __wrap___aeabi_ddiv
                0x0000000010003f02                __wrap___aeabi_dmul
 .text.__wrap___aeabi_cdcmple
                0x0000000010003f1c       0x6c CMakeFiles/silnik.dir/Users/jakubkloczko/pico/pico-sdk/src/rp2_common/pico_double/double_aeabi.S.obj
                0x0000000010003f1c                __wrap___aeabi_cdrcmple
                0x0000000010003f2c                __wrap___aeabi_cdcmple
                0x0000000010003f2c                __wrap___aeabi_cdcmpeq
 .text.__wrap___aeabi_dcmplt
                0x0000000010003f88        0xc CMakeFiles/silnik.dir/Users/jakubkloczko/pico/pico-sdk/src/rp2_common/pico_double/double_aeabi.S.obj
                0x0000000010003f88                __wrap___aeabi_dcmplt
 .text.__wrap___aeabi_dcmple
                0x0000000010003f94       0x10 CMakeFiles/silnik.dir/Users/jakubkloczko/pico/pico-sdk/src/rp2_common/pico_double/double_aeabi.S.obj
                0x0000000010003f94                __wrap___aeabi_dcmple
 .text.__wrap___aeabi_dcmpge
                0x0000000010003fa4       0x10 CMakeFiles/silnik.dir/Users/jakubkloczko/pico/pico-sdk/src/rp2_common/pico_double/double_aeabi.S.obj
                0x0000000010003fa4                __wrap___aeabi_dcmpge
 .text.__wrap___aeabi_dcmpgt
                0x0000000010003fb4        0xa CMakeFiles/silnik.dir/Users/jakubkloczko/pico/pico-sdk/src/rp2_common/pico_double/double_aeabi.S.obj
                0x0000000010003fb4                __wrap___aeabi_dcmpgt
 .text.__wrap___aeabi_dcmpun
                0x0000000010003fbe       0x1c CMakeFiles/silnik.dir/Users/jakubkloczko/pico/pico-sdk/src/rp2_common/pico_double/double_aeabi.S.obj
                0x0000000010003fbe                __wrap___aeabi_dcmpun
 *fill*         0x0000000010003fda        0x2 
 .text.__wrap___aeabi_i2d
                0x0000000010003fdc       0x38 CMakeFiles/silnik.dir/Users/jakubkloczko/pico/pico-sdk/src/rp2_common/pico_double/double_aeabi.S.obj
                0x0000000010003fdc                __wrap___aeabi_ui2d
                0x0000000010003fe4                __wrap___aeabi_i2d
 .text.__wrap___aeabi_d2iz
                0x0000000010004014       0x48 CMakeFiles/silnik.dir/Users/jakubkloczko/pico/pico-sdk/src/rp2_common/pico_double/double_aeabi.S.obj
                0x0000000010004014                __wrap___aeabi_d2iz
                0x0000000010004014                double2int_z
 .text.__wrap___aeabi_d2uiz
                0x000000001000405c       0x18 CMakeFiles/silnik.dir/Users/jakubkloczko/pico/pico-sdk/src/rp2_common/pico_double/double_aeabi.S.obj
                0x000000001000405c                double2uint
                0x000000001000405c                __wrap___aeabi_d2uiz
 .text.__aeabi_double_init
                0x0000000010004074       0xc8 CMakeFiles/silnik.dir/Users/jakubkloczko/pico/pico-sdk/src/rp2_common/pico_double/double_init_rom.c.obj
                0x0000000010004074                __aeabi_double_init
 .text.double_table_shim_on_use_helper
                0x000000001000413c       0x34 CMakeFiles/silnik.dir/Users/jakubkloczko/pico/pico-sdk/src/rp2_common/pico_double/double_v1_rom_shim.S.obj
                0x000000001000413c                double_table_shim_on_use_helper
 .text.__wrap___aeabi_dsub
                0x0000000010004170       0x10 CMakeFiles/silnik.dir/Users/jakubkloczko/pico/pico-sdk/src/rp2_common/pico_double/double_v1_rom_shim.S.obj
                0x0000000010004170                drsub_shim
                0x0000000010004176                dsub_shim
 .text.dadd_shim
                0x0000000010004180      0x15c CMakeFiles/silnik.dir/Users/jakubkloczko/pico/pico-sdk/src/rp2_common/pico_double/double_v1_rom_shim.S.obj
                0x0000000010004180                dadd_shim
 .text.dmul_shim
                0x00000000100042dc      0x15c CMakeFiles/silnik.dir/Users/jakubkloczko/pico/pico-sdk/src/rp2_common/pico_double/double_v1_rom_shim.S.obj
                0x00000000100042dc                dmul_shim
 .text.ddiv_shim
                0x0000000010004438      0x1b0 CMakeFiles/silnik.dir/Users/jakubkloczko/pico/pico-sdk/src/rp2_common/pico_double/double_v1_rom_shim.S.obj
                0x0000000010004438                ddiv_shim
 .text.double2uint_shim
                0x00000000100045e8        0xe CMakeFiles/silnik.dir/Users/jakubkloczko/pico/pico-sdk/src/rp2_common/pico_double/double_v1_rom_shim.S.obj
                0x00000000100045e8                double2uint_shim
                0x00000000100045ea                double2ufix_shim
 *fill*         0x00000000100045f6        0x2 
 .text.double2uint64_shim
                0x00000000100045f8       0x70 CMakeFiles/silnik.dir/Users/jakubkloczko/pico/pico-sdk/src/rp2_common/pico_double/double_v1_rom_shim.S.obj
                0x00000000100045f8                double2uint64_shim
                0x00000000100045fa                double2ufix64_shim
                0x000000001000461a                d2fix_a
 .text.dunpacks
                0x0000000010004668       0x3c CMakeFiles/silnik.dir/Users/jakubkloczko/pico/pico-sdk/src/rp2_common/pico_double/double_v1_rom_shim.S.obj
                0x0000000010004668                dunpacks
 .text.__aeabi_lmul
                0x00000000100046a4       0x32 CMakeFiles/silnik.dir/Users/jakubkloczko/pico/pico-sdk/src/rp2_common/pico_int64_ops/pico_int64_ops_aeabi.S.obj
                0x00000000100046a4                __wrap___aeabi_lmul
 *fill*         0x00000000100046d6        0x2 
 .text.__aeabi_float_init
                0x00000000100046d8       0xfc CMakeFiles/silnik.dir/Users/jakubkloczko/pico/pico-sdk/src/rp2_common/pico_float/float_init_rom.c.obj
                0x00000000100046d8                __aeabi_float_init
 .text.float_table_shim_on_use_helper
                0x00000000100047d4       0x34 CMakeFiles/silnik.dir/Users/jakubkloczko/pico/pico-sdk/src/rp2_common/pico_float/float_v1_rom_shim.S.obj
                0x00000000100047d4                float_table_shim_on_use_helper
 .text          0x0000000010004808       0x10 CMakeFiles/silnik.dir/Users/jakubkloczko/pico/pico-sdk/src/rp2_common/pico_mem_ops/mem_ops_aeabi.S.obj
                0x0000000010004808                __aeabi_mem_init
 .text.memset   0x0000000010004818        0xc CMakeFiles/silnik.dir/Users/jakubkloczko/pico/pico-sdk/src/rp2_common/pico_mem_ops/mem_ops_aeabi.S.obj
                0x0000000010004818                __wrap_memset
 .text.memcpy   0x0000000010004824        0xc CMakeFiles/silnik.dir/Users/jakubkloczko/pico/pico-sdk/src/rp2_common/pico_mem_ops/mem_ops_aeabi.S.obj
                0x0000000010004824                __wrap___aeabi_memcpy
                0x0000000010004824                __wrap_memcpy
 .text.stdio_out_chars_no_crlf
                0x0000000010004830        0xe CMakeFiles/silnik.dir/Users/jakubkloczko/pico/pico-sdk/src/rp2_common/pico_stdio/stdio.c.obj
 *fill*         0x000000001000483e        0x2 
 .text.stdio_out_chars_crlf
                0x0000000010004840       0x80 CMakeFiles/silnik.dir/Users/jakubkloczko/pico/pico-sdk/src/rp2_common/pico_stdio/stdio.c.obj
 .text.stdio_stack_buffer_flush
                0x00000000100048c0       0x44 CMakeFiles/silnik.dir/Users/jakubkloczko/pico/pico-sdk/src/rp2_common/pico_stdio/stdio.c.obj
 .text.stdio_buffered_printer
                0x0000000010004904       0x20 CMakeFiles/silnik.dir/Users/jakubkloczko/pico/pico-sdk/src/rp2_common/pico_stdio/stdio.c.obj
 .text.stdout_serialize_begin
                0x0000000010004924       0x5c CMakeFiles/silnik.dir/Users/jakubkloczko/pico/pico-sdk/src/rp2_common/pico_stdio/stdio.c.obj
                0x0000000010004924                stdout_serialize_begin
 .text.stdout_serialize_end
                0x0000000010004980       0x10 CMakeFiles/silnik.dir/Users/jakubkloczko/pico/pico-sdk/src/rp2_common/pico_stdio/stdio.c.obj
                0x0000000010004980                stdout_serialize_end
 .text.stdio_put_string
                0x0000000010004990       0x98 CMakeFiles/silnik.dir/Users/jakubkloczko/pico/pico-sdk/src/rp2_common/pico_stdio/stdio.c.obj
 .text.stdio_set_driver_enabled
                0x0000000010004a28       0x2c CMakeFiles/silnik.dir/Users/jakubkloczko/pico/pico-sdk/src/rp2_common/pico_stdio/stdio.c.obj
                0x0000000010004a28                stdio_set_driver_enabled
 .text.stdio_flush
                0x0000000010004a54       0x20 CMakeFiles/silnik.dir/Users/jakubkloczko/pico/pico-sdk/src/rp2_common/pico_stdio/stdio.c.obj
                0x0000000010004a54                stdio_flush
 .text.__wrap_puts
                0x0000000010004a74       0x1e CMakeFiles/silnik.dir/Users/jakubkloczko/pico/pico-sdk/src/rp2_common/pico_stdio/stdio.c.obj
                0x0000000010004a74                __wrap_puts
 *fill*         0x0000000010004a92        0x2 
 .text.__wrap_vprintf
                0x0000000010004a94       0x40 CMakeFiles/silnik.dir/Users/jakubkloczko/pico/pico-sdk/src/rp2_common/pico_stdio/stdio.c.obj
                0x0000000010004a94                __wrap_vprintf
 .text.__wrap_printf
                0x0000000010004ad4       0x18 CMakeFiles/silnik.dir/Users/jakubkloczko/pico/pico-sdk/src/rp2_common/pico_stdio/stdio.c.obj
                0x0000000010004ad4                __wrap_printf
 .text.stdio_init_all
                0x0000000010004aec        0xe CMakeFiles/silnik.dir/Users/jakubkloczko/pico/pico-sdk/src/rp2_common/pico_stdio/stdio.c.obj
                0x0000000010004aec                stdio_init_all
 *fill*         0x0000000010004afa        0x2 
 .text.stdio_uart_out_chars
                0x0000000010004afc       0x74 CMakeFiles/silnik.dir/Users/jakubkloczko/pico/pico-sdk/src/rp2_common/pico_stdio_uart/stdio_uart.c.obj
 .text.stdio_uart_in_chars
                0x0000000010004b70       0x80 CMakeFiles/silnik.dir/Users/jakubkloczko/pico/pico-sdk/src/rp2_common/pico_stdio_uart/stdio_uart.c.obj
                0x0000000010004b70                stdio_uart_in_chars
 .text.on_uart_rx
                0x0000000010004bf0       0x28 CMakeFiles/silnik.dir/Users/jakubkloczko/pico/pico-sdk/src/rp2_common/pico_stdio_uart/stdio_uart.c.obj
 .text.stdio_uart_set_chars_available_callback
                0x0000000010004c18       0x8c CMakeFiles/silnik.dir/Users/jakubkloczko/pico/pico-sdk/src/rp2_common/pico_stdio_uart/stdio_uart.c.obj
 .text.stdio_uart_init_full
                0x0000000010004ca4       0x44 CMakeFiles/silnik.dir/Users/jakubkloczko/pico/pico-sdk/src/rp2_common/pico_stdio_uart/stdio_uart.c.obj
                0x0000000010004ca4                stdio_uart_init_full
 .text.stdio_uart_init
                0x0000000010004ce8       0x28 CMakeFiles/silnik.dir/Users/jakubkloczko/pico/pico-sdk/src/rp2_common/pico_stdio_uart/stdio_uart.c.obj
                0x0000000010004ce8                stdio_uart_init
 .text.resetd_init
                0x0000000010004d10        0x2 CMakeFiles/silnik.dir/Users/jakubkloczko/pico/pico-sdk/src/rp2_common/pico_stdio_usb/reset_interface.c.obj
 *fill*         0x0000000010004d12        0x2 
 .text.resetd_reset
                0x0000000010004d14        0xc CMakeFiles/silnik.dir/Users/jakubkloczko/pico/pico-sdk/src/rp2_common/pico_stdio_usb/reset_interface.c.obj
 .text.resetd_open
                0x0000000010004d20       0x34 CMakeFiles/silnik.dir/Users/jakubkloczko/pico/pico-sdk/src/rp2_common/pico_stdio_usb/reset_interface.c.obj
 .text.resetd_xfer_cb
                0x0000000010004d54        0x4 CMakeFiles/silnik.dir/Users/jakubkloczko/pico/pico-sdk/src/rp2_common/pico_stdio_usb/reset_interface.c.obj
 .text.reset_usb_boot
                0x0000000010004d58       0x18 CMakeFiles/silnik.dir/Users/jakubkloczko/pico/pico-sdk/src/rp2_common/pico_stdio_usb/reset_interface.c.obj
 .text.resetd_control_xfer_cb
                0x0000000010004d70       0x5c CMakeFiles/silnik.dir/Users/jakubkloczko/pico/pico-sdk/src/rp2_common/pico_stdio_usb/reset_interface.c.obj
 .text.usbd_app_driver_get_cb
                0x0000000010004dcc        0xc CMakeFiles/silnik.dir/Users/jakubkloczko/pico/pico-sdk/src/rp2_common/pico_stdio_usb/reset_interface.c.obj
                0x0000000010004dcc                usbd_app_driver_get_cb
 .text.tud_cdc_line_coding_cb
                0x0000000010004dd8       0x28 CMakeFiles/silnik.dir/Users/jakubkloczko/pico/pico-sdk/src/rp2_common/pico_stdio_usb/reset_interface.c.obj
                0x0000000010004dd8                tud_cdc_line_coding_cb
 .text.stdio_usb_set_chars_available_callback
                0x0000000010004e00       0x14 CMakeFiles/silnik.dir/Users/jakubkloczko/pico/pico-sdk/src/rp2_common/pico_stdio_usb/stdio_usb.c.obj
                0x0000000010004e00                stdio_usb_set_chars_available_callback
 .text.usb_irq  0x0000000010004e14       0x10 CMakeFiles/silnik.dir/Users/jakubkloczko/pico/pico-sdk/src/rp2_common/pico_stdio_usb/stdio_usb.c.obj
 .text.timer_task
                0x0000000010004e24       0x58 CMakeFiles/silnik.dir/Users/jakubkloczko/pico/pico-sdk/src/rp2_common/pico_stdio_usb/stdio_usb.c.obj
 .text.low_priority_worker_irq
                0x0000000010004e7c       0xd8 CMakeFiles/silnik.dir/Users/jakubkloczko/pico/pico-sdk/src/rp2_common/pico_stdio_usb/stdio_usb.c.obj
 .text.tud_cdc_rx_cb
                0x0000000010004f54       0x20 CMakeFiles/silnik.dir/Users/jakubkloczko/pico/pico-sdk/src/rp2_common/pico_stdio_usb/stdio_usb.c.obj
                0x0000000010004f54                tud_cdc_rx_cb
 .text.stdio_usb_init
                0x0000000010004f74      0x12c CMakeFiles/silnik.dir/Users/jakubkloczko/pico/pico-sdk/src/rp2_common/pico_stdio_usb/stdio_usb.c.obj
                0x0000000010004f74                stdio_usb_init
 .text.stdio_usb_connected
                0x00000000100050a0        0xa CMakeFiles/silnik.dir/Users/jakubkloczko/pico/pico-sdk/src/rp2_common/pico_stdio_usb/stdio_usb.c.obj
                0x00000000100050a0                stdio_usb_connected
 *fill*         0x00000000100050aa        0x2 
 .text.stdio_usb_in_chars
                0x00000000100050ac       0xc4 CMakeFiles/silnik.dir/Users/jakubkloczko/pico/pico-sdk/src/rp2_common/pico_stdio_usb/stdio_usb.c.obj
                0x00000000100050ac                stdio_usb_in_chars
 .text.stdio_usb_out_chars
                0x0000000010005170      0x114 CMakeFiles/silnik.dir/Users/jakubkloczko/pico/pico-sdk/src/rp2_common/pico_stdio_usb/stdio_usb.c.obj
 .text.tud_descriptor_device_cb
                0x0000000010005284        0x8 CMakeFiles/silnik.dir/Users/jakubkloczko/pico/pico-sdk/src/rp2_common/pico_stdio_usb/stdio_usb_descriptors.c.obj
                0x0000000010005284                tud_descriptor_device_cb
 .text.tud_descriptor_configuration_cb
                0x000000001000528c        0x8 CMakeFiles/silnik.dir/Users/jakubkloczko/pico/pico-sdk/src/rp2_common/pico_stdio_usb/stdio_usb_descriptors.c.obj
                0x000000001000528c                tud_descriptor_configuration_cb
 .text.tud_descriptor_string_cb
                0x0000000010005294       0x6c CMakeFiles/silnik.dir/Users/jakubkloczko/pico/pico-sdk/src/rp2_common/pico_stdio_usb/stdio_usb_descriptors.c.obj
                0x0000000010005294                tud_descriptor_string_cb
 .text._retrieve_unique_id_on_boot
                0x0000000010005300       0x10 CMakeFiles/silnik.dir/Users/jakubkloczko/pico/pico-sdk/src/rp2_common/pico_unique_id/unique_id.c.obj
 .text.pico_get_unique_board_id_string
                0x0000000010005310       0x60 CMakeFiles/silnik.dir/Users/jakubkloczko/pico/pico-sdk/src/rp2_common/pico_unique_id/unique_id.c.obj
                0x0000000010005310                pico_get_unique_board_id_string
 .text.flash_get_unique_id
                0x0000000010005370       0x46 CMakeFiles/silnik.dir/Users/jakubkloczko/pico/pico-sdk/src/rp2_common/hardware_flash/flash.c.obj
                0x0000000010005370                flash_get_unique_id
 *fill*         0x00000000100053b6        0x2 
 .text.hw_endpoint_get_by_addr
                0x00000000100053b8       0x18 CMakeFiles/silnik.dir/Users/jakubkloczko/pico/pico-sdk/lib/tinyusb/src/portable/raspberrypi/rp2040/dcd_rp2040.c.obj
 .text._hw_endpoint_alloc
                0x00000000100053d0       0x70 CMakeFiles/silnik.dir/Users/jakubkloczko/pico/pico-sdk/lib/tinyusb/src/portable/raspberrypi/rp2040/dcd_rp2040.c.obj
 .text.hw_endpoint_init
                0x0000000010005440       0x88 CMakeFiles/silnik.dir/Users/jakubkloczko/pico/pico-sdk/lib/tinyusb/src/portable/raspberrypi/rp2040/dcd_rp2040.c.obj
 .text.hw_endpoint_xfer
                0x00000000100054c8       0x14 CMakeFiles/silnik.dir/Users/jakubkloczko/pico/pico-sdk/lib/tinyusb/src/portable/raspberrypi/rp2040/dcd_rp2040.c.obj
 .text.dcd_int_enable
                0x00000000100054dc       0x2c CMakeFiles/silnik.dir/Users/jakubkloczko/pico/pico-sdk/lib/tinyusb/src/portable/raspberrypi/rp2040/dcd_rp2040.c.obj
                0x00000000100054dc                dcd_int_enable
 .text.dcd_set_address
                0x0000000010005508       0x2c CMakeFiles/silnik.dir/Users/jakubkloczko/pico/pico-sdk/lib/tinyusb/src/portable/raspberrypi/rp2040/dcd_rp2040.c.obj
                0x0000000010005508                dcd_set_address
 .text.dcd_connect
                0x0000000010005534       0x10 CMakeFiles/silnik.dir/Users/jakubkloczko/pico/pico-sdk/lib/tinyusb/src/portable/raspberrypi/rp2040/dcd_rp2040.c.obj
                0x0000000010005534                dcd_connect
 .text.dcd_init
                0x0000000010005544       0x80 CMakeFiles/silnik.dir/Users/jakubkloczko/pico/pico-sdk/lib/tinyusb/src/portable/raspberrypi/rp2040/dcd_rp2040.c.obj
                0x0000000010005544                dcd_init
 .text.dcd_edpt0_status_complete
                0x00000000100055c4       0x1c CMakeFiles/silnik.dir/Users/jakubkloczko/pico/pico-sdk/lib/tinyusb/src/portable/raspberrypi/rp2040/dcd_rp2040.c.obj
                0x00000000100055c4                dcd_edpt0_status_complete
 .text.dcd_edpt_open
                0x00000000100055e0       0x40 CMakeFiles/silnik.dir/Users/jakubkloczko/pico/pico-sdk/lib/tinyusb/src/portable/raspberrypi/rp2040/dcd_rp2040.c.obj
                0x00000000100055e0                dcd_edpt_open
 .text.dcd_edpt_close_all
                0x0000000010005620        0x8 CMakeFiles/silnik.dir/Users/jakubkloczko/pico/pico-sdk/lib/tinyusb/src/portable/raspberrypi/rp2040/dcd_rp2040.c.obj
                0x0000000010005620                dcd_edpt_close_all
 .text.dcd_edpt_xfer
                0x0000000010005628       0x34 CMakeFiles/silnik.dir/Users/jakubkloczko/pico/pico-sdk/lib/tinyusb/src/portable/raspberrypi/rp2040/dcd_rp2040.c.obj
                0x0000000010005628                dcd_edpt_xfer
 .text.dcd_edpt_stall
                0x000000001000565c       0x2c CMakeFiles/silnik.dir/Users/jakubkloczko/pico/pico-sdk/lib/tinyusb/src/portable/raspberrypi/rp2040/dcd_rp2040.c.obj
                0x000000001000565c                dcd_edpt_stall
 .text.dcd_edpt_clear_stall
                0x0000000010005688       0x20 CMakeFiles/silnik.dir/Users/jakubkloczko/pico/pico-sdk/lib/tinyusb/src/portable/raspberrypi/rp2040/dcd_rp2040.c.obj
                0x0000000010005688                dcd_edpt_clear_stall
 .text.rp2040_usb_init
                0x00000000100056a8       0x4c CMakeFiles/silnik.dir/Users/jakubkloczko/pico/pico-sdk/lib/tinyusb/src/portable/raspberrypi/rp2040/rp2040_usb.c.obj
                0x00000000100056a8                rp2040_usb_init
 .text.hw_endpoint_xfer_start
                0x00000000100056f4       0x50 CMakeFiles/silnik.dir/Users/jakubkloczko/pico/pico-sdk/lib/tinyusb/src/portable/raspberrypi/rp2040/rp2040_usb.c.obj
                0x00000000100056f4                hw_endpoint_xfer_start
 .text.configuration_reset
                0x0000000010005744       0x84 CMakeFiles/silnik.dir/Users/jakubkloczko/pico/pico-sdk/lib/tinyusb/src/device/usbd.c.obj
 .text.usbd_reset
                0x00000000100057c8        0xc CMakeFiles/silnik.dir/Users/jakubkloczko/pico/pico-sdk/lib/tinyusb/src/device/usbd.c.obj
 .text.invoke_class_control
                0x00000000100057d4       0x1a CMakeFiles/silnik.dir/Users/jakubkloczko/pico/pico-sdk/lib/tinyusb/src/device/usbd.c.obj
 *fill*         0x00000000100057ee        0x2 
 .text.process_set_config
                0x00000000100057f0      0x178 CMakeFiles/silnik.dir/Users/jakubkloczko/pico/pico-sdk/lib/tinyusb/src/device/usbd.c.obj
 .text.process_get_descriptor
                0x0000000010005968       0xdc CMakeFiles/silnik.dir/Users/jakubkloczko/pico/pico-sdk/lib/tinyusb/src/device/usbd.c.obj
 .text.tud_mounted
                0x0000000010005a44       0x10 CMakeFiles/silnik.dir/Users/jakubkloczko/pico/pico-sdk/lib/tinyusb/src/device/usbd.c.obj
                0x0000000010005a44                tud_mounted
 .text.tud_suspended
                0x0000000010005a54       0x10 CMakeFiles/silnik.dir/Users/jakubkloczko/pico/pico-sdk/lib/tinyusb/src/device/usbd.c.obj
                0x0000000010005a54                tud_suspended
 .text.tud_inited
                0x0000000010005a64       0x14 CMakeFiles/silnik.dir/Users/jakubkloczko/pico/pico-sdk/lib/tinyusb/src/device/usbd.c.obj
                0x0000000010005a64                tud_inited
 .text.tud_init
                0x0000000010005a78       0xcc CMakeFiles/silnik.dir/Users/jakubkloczko/pico/pico-sdk/lib/tinyusb/src/device/usbd.c.obj
                0x0000000010005a78                tud_init
 .text.usbd_defer_func
                0x0000000010005b44       0x2a CMakeFiles/silnik.dir/Users/jakubkloczko/pico/pico-sdk/lib/tinyusb/src/device/usbd.c.obj
                0x0000000010005b44                usbd_defer_func
 *fill*         0x0000000010005b6e        0x2 
 .text.usbd_edpt_open
                0x0000000010005b70       0x34 CMakeFiles/silnik.dir/Users/jakubkloczko/pico/pico-sdk/lib/tinyusb/src/device/usbd.c.obj
                0x0000000010005b70                usbd_edpt_open
 .text.usbd_open_edpt_pair
                0x0000000010005ba4       0x62 CMakeFiles/silnik.dir/Users/jakubkloczko/pico/pico-sdk/lib/tinyusb/src/device/usbd.c.obj
                0x0000000010005ba4                usbd_open_edpt_pair
 *fill*         0x0000000010005c06        0x2 
 .text.usbd_edpt_claim
                0x0000000010005c08       0x28 CMakeFiles/silnik.dir/Users/jakubkloczko/pico/pico-sdk/lib/tinyusb/src/device/usbd.c.obj
                0x0000000010005c08                usbd_edpt_claim
 .text.usbd_edpt_release
                0x0000000010005c30       0x28 CMakeFiles/silnik.dir/Users/jakubkloczko/pico/pico-sdk/lib/tinyusb/src/device/usbd.c.obj
                0x0000000010005c30                usbd_edpt_release
 .text.usbd_edpt_xfer
                0x0000000010005c58       0x78 CMakeFiles/silnik.dir/Users/jakubkloczko/pico/pico-sdk/lib/tinyusb/src/device/usbd.c.obj
                0x0000000010005c58                usbd_edpt_xfer
 .text.usbd_edpt_stall
                0x0000000010005cd0       0x48 CMakeFiles/silnik.dir/Users/jakubkloczko/pico/pico-sdk/lib/tinyusb/src/device/usbd.c.obj
                0x0000000010005cd0                usbd_edpt_stall
 .text.usbd_edpt_clear_stall
                0x0000000010005d18       0x48 CMakeFiles/silnik.dir/Users/jakubkloczko/pico/pico-sdk/lib/tinyusb/src/device/usbd.c.obj
                0x0000000010005d18                usbd_edpt_clear_stall
 .text.usbd_edpt_stalled
                0x0000000010005d60       0x1c CMakeFiles/silnik.dir/Users/jakubkloczko/pico/pico-sdk/lib/tinyusb/src/device/usbd.c.obj
                0x0000000010005d60                usbd_edpt_stalled
 .text.process_control_request
                0x0000000010005d7c      0x37c CMakeFiles/silnik.dir/Users/jakubkloczko/pico/pico-sdk/lib/tinyusb/src/device/usbd.c.obj
 .text.tud_task_ext
                0x00000000100060f8      0x1b4 CMakeFiles/silnik.dir/Users/jakubkloczko/pico/pico-sdk/lib/tinyusb/src/device/usbd.c.obj
                0x00000000100060f8                tud_task_ext
 .text._data_stage_xact
                0x00000000100062ac       0x58 CMakeFiles/silnik.dir/Users/jakubkloczko/pico/pico-sdk/lib/tinyusb/src/device/usbd_control.c.obj
 .text.tud_control_status
                0x0000000010006304       0x38 CMakeFiles/silnik.dir/Users/jakubkloczko/pico/pico-sdk/lib/tinyusb/src/device/usbd_control.c.obj
                0x0000000010006304                tud_control_status
 .text.tud_control_xfer
                0x000000001000633c       0x74 CMakeFiles/silnik.dir/Users/jakubkloczko/pico/pico-sdk/lib/tinyusb/src/device/usbd_control.c.obj
                0x000000001000633c                tud_control_xfer
 .text.usbd_control_reset
                0x00000000100063b0       0x14 CMakeFiles/silnik.dir/Users/jakubkloczko/pico/pico-sdk/lib/tinyusb/src/device/usbd_control.c.obj
                0x00000000100063b0                usbd_control_reset
 .text.usbd_control_set_complete_callback
                0x00000000100063c4        0xc CMakeFiles/silnik.dir/Users/jakubkloczko/pico/pico-sdk/lib/tinyusb/src/device/usbd_control.c.obj
                0x00000000100063c4                usbd_control_set_complete_callback
 .text.usbd_control_set_request
                0x00000000100063d0       0x1c CMakeFiles/silnik.dir/Users/jakubkloczko/pico/pico-sdk/lib/tinyusb/src/device/usbd_control.c.obj
                0x00000000100063d0                usbd_control_set_request
 .text.usbd_control_xfer_cb
                0x00000000100063ec       0xcc CMakeFiles/silnik.dir/Users/jakubkloczko/pico/pico-sdk/lib/tinyusb/src/device/usbd_control.c.obj
                0x00000000100063ec                usbd_control_xfer_cb
 .text._prep_out_transaction
                0x00000000100064b8       0x4a CMakeFiles/silnik.dir/Users/jakubkloczko/pico/pico-sdk/lib/tinyusb/src/class/cdc/cdc_device.c.obj
 *fill*         0x0000000010006502        0x2 
 .text.tud_cdc_n_connected
                0x0000000010006504       0x44 CMakeFiles/silnik.dir/Users/jakubkloczko/pico/pico-sdk/lib/tinyusb/src/class/cdc/cdc_device.c.obj
                0x0000000010006504                tud_cdc_n_connected
 .text.tud_cdc_n_available
                0x0000000010006548       0x18 CMakeFiles/silnik.dir/Users/jakubkloczko/pico/pico-sdk/lib/tinyusb/src/class/cdc/cdc_device.c.obj
                0x0000000010006548                tud_cdc_n_available
 .text.tud_cdc_n_read
                0x0000000010006560       0x28 CMakeFiles/silnik.dir/Users/jakubkloczko/pico/pico-sdk/lib/tinyusb/src/class/cdc/cdc_device.c.obj
                0x0000000010006560                tud_cdc_n_read
 .text.tud_cdc_n_write_flush
                0x0000000010006588       0xb8 CMakeFiles/silnik.dir/Users/jakubkloczko/pico/pico-sdk/lib/tinyusb/src/class/cdc/cdc_device.c.obj
                0x0000000010006588                tud_cdc_n_write_flush
 .text.tud_cdc_n_write
                0x0000000010006640       0x38 CMakeFiles/silnik.dir/Users/jakubkloczko/pico/pico-sdk/lib/tinyusb/src/class/cdc/cdc_device.c.obj
                0x0000000010006640                tud_cdc_n_write
 .text.tud_cdc_n_write_available
                0x0000000010006678       0x1c CMakeFiles/silnik.dir/Users/jakubkloczko/pico/pico-sdk/lib/tinyusb/src/class/cdc/cdc_device.c.obj
                0x0000000010006678                tud_cdc_n_write_available
 .text.cdcd_init
                0x0000000010006694       0xbc CMakeFiles/silnik.dir/Users/jakubkloczko/pico/pico-sdk/lib/tinyusb/src/class/cdc/cdc_device.c.obj
                0x0000000010006694                cdcd_init
 .text.cdcd_reset
                0x0000000010006750       0x44 CMakeFiles/silnik.dir/Users/jakubkloczko/pico/pico-sdk/lib/tinyusb/src/class/cdc/cdc_device.c.obj
                0x0000000010006750                cdcd_reset
 .text.cdcd_open
                0x0000000010006794       0xcc CMakeFiles/silnik.dir/Users/jakubkloczko/pico/pico-sdk/lib/tinyusb/src/class/cdc/cdc_device.c.obj
                0x0000000010006794                cdcd_open
 .text.cdcd_control_xfer_cb
                0x0000000010006860      0x134 CMakeFiles/silnik.dir/Users/jakubkloczko/pico/pico-sdk/lib/tinyusb/src/class/cdc/cdc_device.c.obj
                0x0000000010006860                cdcd_control_xfer_cb
 .text.cdcd_xfer_cb
                0x0000000010006994      0x130 CMakeFiles/silnik.dir/Users/jakubkloczko/pico/pico-sdk/lib/tinyusb/src/class/cdc/cdc_device.c.obj
                0x0000000010006994                cdcd_xfer_cb
 .text.tusb_init
                0x0000000010006ac4        0xa CMakeFiles/silnik.dir/Users/jakubkloczko/pico/pico-sdk/lib/tinyusb/src/tusb.c.obj
                0x0000000010006ac4                tusb_init
 .text.tusb_inited
                0x0000000010006ace        0xe CMakeFiles/silnik.dir/Users/jakubkloczko/pico/pico-sdk/lib/tinyusb/src/tusb.c.obj
                0x0000000010006ace                tusb_inited
 .text.tu_edpt_claim
                0x0000000010006adc       0x50 CMakeFiles/silnik.dir/Users/jakubkloczko/pico/pico-sdk/lib/tinyusb/src/tusb.c.obj
                0x0000000010006adc                tu_edpt_claim
 .text.tu_edpt_release
                0x0000000010006b2c       0x3c CMakeFiles/silnik.dir/Users/jakubkloczko/pico/pico-sdk/lib/tinyusb/src/tusb.c.obj
                0x0000000010006b2c                tu_edpt_release
 .text.tu_edpt_validate
                0x0000000010006b68       0x78 CMakeFiles/silnik.dir/Users/jakubkloczko/pico/pico-sdk/lib/tinyusb/src/tusb.c.obj
                0x0000000010006b68                tu_edpt_validate
 .text.tu_edpt_bind_driver
                0x0000000010006be0       0x26 CMakeFiles/silnik.dir/Users/jakubkloczko/pico/pico-sdk/lib/tinyusb/src/tusb.c.obj
                0x0000000010006be0                tu_edpt_bind_driver
 .text.advance_index
                0x0000000010006c06       0x1a CMakeFiles/silnik.dir/Users/jakubkloczko/pico/pico-sdk/lib/tinyusb/src/common/tusb_fifo.c.obj
 .text._tu_fifo_peek
                0x0000000010006c20       0x56 CMakeFiles/silnik.dir/Users/jakubkloczko/pico/pico-sdk/lib/tinyusb/src/common/tusb_fifo.c.obj
 .text._ff_pull_const_addr
                0x0000000010006c76       0x4c CMakeFiles/silnik.dir/Users/jakubkloczko/pico/pico-sdk/lib/tinyusb/src/common/tusb_fifo.c.obj
 .text._ff_pull_n
                0x0000000010006cc2      0x110 CMakeFiles/silnik.dir/Users/jakubkloczko/pico/pico-sdk/lib/tinyusb/src/common/tusb_fifo.c.obj
 .text._tu_fifo_peek_n
                0x0000000010006dd2       0x6a CMakeFiles/silnik.dir/Users/jakubkloczko/pico/pico-sdk/lib/tinyusb/src/common/tusb_fifo.c.obj
 .text._tu_fifo_read_n
                0x0000000010006e3c       0x4e CMakeFiles/silnik.dir/Users/jakubkloczko/pico/pico-sdk/lib/tinyusb/src/common/tusb_fifo.c.obj
 .text._ff_push_const_addr
                0x0000000010006e8a       0x40 CMakeFiles/silnik.dir/Users/jakubkloczko/pico/pico-sdk/lib/tinyusb/src/common/tusb_fifo.c.obj
 .text._ff_push_n
                0x0000000010006eca      0x10c CMakeFiles/silnik.dir/Users/jakubkloczko/pico/pico-sdk/lib/tinyusb/src/common/tusb_fifo.c.obj
 .text._tu_fifo_write_n
                0x0000000010006fd6       0xf0 CMakeFiles/silnik.dir/Users/jakubkloczko/pico/pico-sdk/lib/tinyusb/src/common/tusb_fifo.c.obj
 .text.tu_fifo_config
                0x00000000100070c6       0x7c CMakeFiles/silnik.dir/Users/jakubkloczko/pico/pico-sdk/lib/tinyusb/src/common/tusb_fifo.c.obj
                0x00000000100070c6                tu_fifo_config
 .text.tu_fifo_count
                0x0000000010007142       0x2a CMakeFiles/silnik.dir/Users/jakubkloczko/pico/pico-sdk/lib/tinyusb/src/common/tusb_fifo.c.obj
                0x0000000010007142                tu_fifo_count
 .text.tu_fifo_empty
                0x000000001000716c       0x10 CMakeFiles/silnik.dir/Users/jakubkloczko/pico/pico-sdk/lib/tinyusb/src/common/tusb_fifo.c.obj
                0x000000001000716c                tu_fifo_empty
 .text.tu_fifo_full
                0x000000001000717c       0x28 CMakeFiles/silnik.dir/Users/jakubkloczko/pico/pico-sdk/lib/tinyusb/src/common/tusb_fifo.c.obj
                0x000000001000717c                tu_fifo_full
 .text.tu_fifo_remaining
                0x00000000100071a4       0x2c CMakeFiles/silnik.dir/Users/jakubkloczko/pico/pico-sdk/lib/tinyusb/src/common/tusb_fifo.c.obj
                0x00000000100071a4                tu_fifo_remaining
 .text.tu_fifo_read
                0x00000000100071d0       0x42 CMakeFiles/silnik.dir/Users/jakubkloczko/pico/pico-sdk/lib/tinyusb/src/common/tusb_fifo.c.obj
                0x00000000100071d0                tu_fifo_read
 .text.tu_fifo_read_n
                0x0000000010007212        0xa CMakeFiles/silnik.dir/Users/jakubkloczko/pico/pico-sdk/lib/tinyusb/src/common/tusb_fifo.c.obj
                0x0000000010007212                tu_fifo_read_n
 .text.tu_fifo_write
                0x000000001000721c       0x64 CMakeFiles/silnik.dir/Users/jakubkloczko/pico/pico-sdk/lib/tinyusb/src/common/tusb_fifo.c.obj
                0x000000001000721c                tu_fifo_write
 .text.tu_fifo_write_n
                0x0000000010007280        0xa CMakeFiles/silnik.dir/Users/jakubkloczko/pico/pico-sdk/lib/tinyusb/src/common/tusb_fifo.c.obj
                0x0000000010007280                tu_fifo_write_n
 .text.tu_fifo_clear
                0x000000001000728a       0x3e CMakeFiles/silnik.dir/Users/jakubkloczko/pico/pico-sdk/lib/tinyusb/src/common/tusb_fifo.c.obj
                0x000000001000728a                tu_fifo_clear
 .text.tu_fifo_set_overwritable
                0x00000000100072c8       0x46 CMakeFiles/silnik.dir/Users/jakubkloczko/pico/pico-sdk/lib/tinyusb/src/common/tusb_fifo.c.obj
                0x00000000100072c8                tu_fifo_set_overwritable
 *fill*         0x000000001000730e        0x2 
 .text.strlen   0x0000000010007310       0x5c /usr/local/Cellar/arm-none-eabi-gcc/10.3-2021.07/gcc/bin/../lib/gcc/arm-none-eabi/10.3.1/../../../../arm-none-eabi/lib/thumb/v6-m/nofp/libg.a(lib_a-strlen-stub.o)
                0x0000000010007310                strlen
 *(.fini)
 .fini          0x000000001000736c        0x4 /usr/local/Cellar/arm-none-eabi-gcc/10.3-2021.07/gcc/bin/../lib/gcc/arm-none-eabi/10.3.1/thumb/v6-m/nofp/crti.o
                0x000000001000736c                _fini
 .fini.__stub   0x0000000010007370       0xe0 linker stubs
 *crtbegin.o(.ctors)
 *crtbegin?.o(.ctors)
 *(EXCLUDE_FILE(*crtend.o *crtend?.o) .ctors)
 *(SORT_BY_NAME(.ctors.*))
 *(.ctors)
 *crtbegin.o(.dtors)
 *crtbegin?.o(.dtors)
 *(EXCLUDE_FILE(*crtend.o *crtend?.o) .dtors)
 *(SORT_BY_NAME(.dtors.*))
 *(.dtors)
 *(.eh_frame*)
 .eh_frame      0x0000000010007450        0x0 /usr/local/Cellar/arm-none-eabi-gcc/10.3-2021.07/gcc/bin/../lib/gcc/arm-none-eabi/10.3.1/thumb/v6-m/nofp/crtbegin.o
                0x0000000010007450                . = ALIGN (0x4)

.glue_7         0x0000000010007450        0x0
 .glue_7        0x0000000010007450        0x0 linker stubs

.glue_7t        0x0000000010007450        0x0
 .glue_7t       0x0000000010007450        0x0 linker stubs

.vfp11_veneer   0x0000000010007450        0x0
 .vfp11_veneer  0x0000000010007450        0x0 linker stubs

.v4_bx          0x0000000010007450        0x0
 .v4_bx         0x0000000010007450        0x0 linker stubs

.iplt           0x0000000010007450        0x0
 .iplt          0x0000000010007450        0x0 /usr/local/Cellar/arm-none-eabi-gcc/10.3-2021.07/gcc/bin/../lib/gcc/arm-none-eabi/10.3.1/thumb/v6-m/nofp/crtbegin.o

.rodata         0x0000000010007450     0x1658
 *(EXCLUDE_FILE(*libm.a: *libc.a:*lib_a-mem*.o *libgcc.a:) .rodata*)
 .rodata.call_back.str1.4
                0x0000000010007450       0x1a CMakeFiles/silnik.dir/main.c.obj
 *fill*         0x000000001000746a        0x2 
 .rodata.control_tab1
                0x000000001000746c       0x10 CMakeFiles/silnik.dir/main.c.obj
                0x000000001000746c                control_tab1
 .rodata.control_tab2
                0x000000001000747c       0x10 CMakeFiles/silnik.dir/main.c.obj
                0x000000001000747c                control_tab2
 .rodata.control_tab3
                0x000000001000748c       0x10 CMakeFiles/silnik.dir/main.c.obj
                0x000000001000748c                control_tab3
 .rodata.control_tab4
                0x000000001000749c       0x10 CMakeFiles/silnik.dir/main.c.obj
                0x000000001000749c                control_tab4
 .rodata.spin_lock_claim_unused.str1.4
                0x00000000100074ac       0x1b CMakeFiles/silnik.dir/Users/jakubkloczko/pico/pico-sdk/src/rp2_common/hardware_sync/sync.c.obj
 *fill*         0x00000000100074c7        0x1 
 .rodata.make_branch.str1.4
                0x00000000100074c8       0x74 CMakeFiles/silnik.dir/Users/jakubkloczko/pico/pico-sdk/src/rp2_common/hardware_irq/irq.c.obj
 .rodata.insert_branch_and_link.str1.4
                0x000000001000753c       0x10 CMakeFiles/silnik.dir/Users/jakubkloczko/pico/pico-sdk/src/rp2_common/hardware_irq/irq.c.obj
 .rodata.irq_set_exclusive_handler.str1.4
                0x000000001000754c       0x36 CMakeFiles/silnik.dir/Users/jakubkloczko/pico/pico-sdk/src/rp2_common/hardware_irq/irq.c.obj
 *fill*         0x0000000010007582        0x2 
 .rodata.irq_add_shared_handler.str1.4
                0x0000000010007584       0xd9 CMakeFiles/silnik.dir/Users/jakubkloczko/pico/pico-sdk/src/rp2_common/hardware_irq/irq.c.obj
 *fill*         0x000000001000765d        0x3 
 .rodata.irq_remove_handler.str1.4
                0x0000000010007660       0x3a CMakeFiles/silnik.dir/Users/jakubkloczko/pico/pico-sdk/src/rp2_common/hardware_irq/irq.c.obj
 *fill*         0x000000001000769a        0x2 
 .rodata.irq_add_tail_to_free_list.str1.4
                0x000000001000769c       0x3a CMakeFiles/silnik.dir/Users/jakubkloczko/pico/pico-sdk/src/rp2_common/hardware_irq/irq.c.obj
 *fill*         0x00000000100076d6        0x2 
 .rodata.user_irq_claim_unused.str1.4
                0x00000000100076d8       0x1b CMakeFiles/silnik.dir/Users/jakubkloczko/pico/pico-sdk/src/rp2_common/hardware_irq/irq.c.obj
 *fill*         0x00000000100076f3        0x1 
 .rodata.__func__.0
                0x00000000100076f4       0x1a CMakeFiles/silnik.dir/Users/jakubkloczko/pico/pico-sdk/src/rp2_common/hardware_irq/irq.c.obj
 *fill*         0x000000001000770e        0x2 
 .rodata.__func__.1
                0x0000000010007710       0x17 CMakeFiles/silnik.dir/Users/jakubkloczko/pico/pico-sdk/src/rp2_common/hardware_irq/irq.c.obj
 *fill*         0x0000000010007727        0x1 
 .rodata.__func__.2
                0x0000000010007728       0x13 CMakeFiles/silnik.dir/Users/jakubkloczko/pico/pico-sdk/src/rp2_common/hardware_irq/irq.c.obj
 *fill*         0x000000001000773b        0x1 
 .rodata.__func__.3
                0x000000001000773c        0xc CMakeFiles/silnik.dir/Users/jakubkloczko/pico/pico-sdk/src/rp2_common/hardware_irq/irq.c.obj
 .rodata.__func__.4
                0x0000000010007748        0xf CMakeFiles/silnik.dir/Users/jakubkloczko/pico/pico-sdk/src/rp2_common/hardware_irq/irq.c.obj
 *fill*         0x0000000010007757        0x1 
 .rodata.__func__.5
                0x0000000010007758       0x17 CMakeFiles/silnik.dir/Users/jakubkloczko/pico/pico-sdk/src/rp2_common/hardware_irq/irq.c.obj
 *fill*         0x000000001000776f        0x1 
 .rodata.__func__.6
                0x0000000010007770       0x1a CMakeFiles/silnik.dir/Users/jakubkloczko/pico/pico-sdk/src/rp2_common/hardware_irq/irq.c.obj
 *fill*         0x000000001000778a        0x2 
 .rodata.str1.4
                0x000000001000778c       0xf9 CMakeFiles/silnik.dir/Users/jakubkloczko/pico/pico-sdk/src/common/pico_sync/mutex.c.obj
 *fill*         0x0000000010007885        0x3 
 .rodata.__func__.1
                0x0000000010007888        0xb CMakeFiles/silnik.dir/Users/jakubkloczko/pico/pico-sdk/src/common/pico_sync/mutex.c.obj
 *fill*         0x0000000010007893        0x1 
 .rodata.__func__.3
                0x0000000010007894       0x18 CMakeFiles/silnik.dir/Users/jakubkloczko/pico/pico-sdk/src/common/pico_sync/mutex.c.obj
 .rodata.__func__.4
                0x00000000100078ac       0x15 CMakeFiles/silnik.dir/Users/jakubkloczko/pico/pico-sdk/src/common/pico_sync/mutex.c.obj
 *fill*         0x00000000100078c1        0x3 
 .rodata.repeating_timer_callback.str1.4
                0x00000000100078c4       0x52 CMakeFiles/silnik.dir/Users/jakubkloczko/pico/pico-sdk/src/common/pico_time/time.c.obj
 *fill*         0x0000000010007916        0x2 
 .rodata.timer_pool_entry_comparator.str1.4
                0x0000000010007918       0x22 CMakeFiles/silnik.dir/Users/jakubkloczko/pico/pico-sdk/src/common/pico_time/time.c.obj
 *fill*         0x000000001000793a        0x2 
 .rodata.ph_add_child_node.str1.4
                0x000000001000793c       0x9e CMakeFiles/silnik.dir/Users/jakubkloczko/pico/pico-sdk/src/common/pico_time/time.c.obj
 *fill*         0x00000000100079da        0x2 
 .rodata.add_alarm_under_lock.str1.4
                0x00000000100079dc       0x28 CMakeFiles/silnik.dir/Users/jakubkloczko/pico/pico-sdk/src/common/pico_time/time.c.obj
                                         0x2b (size before relaxing)
 .rodata.alarm_pool_alarm_callback.str1.4
                0x0000000010007a04       0x98 CMakeFiles/silnik.dir/Users/jakubkloczko/pico/pico-sdk/src/common/pico_time/time.c.obj
                                        0x100 (size before relaxing)
 .rodata.alarm_pool_get_default.str1.4
                0x0000000010007a9c       0x21 CMakeFiles/silnik.dir/Users/jakubkloczko/pico/pico-sdk/src/common/pico_time/time.c.obj
 *fill*         0x0000000010007abd        0x3 
 .rodata.alarm_pool_cancel_alarm.str1.4
                0x0000000010007ac0       0x27 CMakeFiles/silnik.dir/Users/jakubkloczko/pico/pico-sdk/src/common/pico_time/time.c.obj
 *fill*         0x0000000010007ae7        0x1 
 .rodata.sleep_until.str1.4
                0x0000000010007ae8       0x4d CMakeFiles/silnik.dir/Users/jakubkloczko/pico/pico-sdk/src/common/pico_time/time.c.obj
 *fill*         0x0000000010007b35        0x3 
 .rodata.__func__.1
                0x0000000010007b38       0x18 CMakeFiles/silnik.dir/Users/jakubkloczko/pico/pico-sdk/src/common/pico_time/time.c.obj
 .rodata.__func__.10
                0x0000000010007b50       0x15 CMakeFiles/silnik.dir/Users/jakubkloczko/pico/pico-sdk/src/common/pico_time/time.c.obj
 *fill*         0x0000000010007b65        0x3 
 .rodata.__func__.11
                0x0000000010007b68       0x1a CMakeFiles/silnik.dir/Users/jakubkloczko/pico/pico-sdk/src/common/pico_time/time.c.obj
 *fill*         0x0000000010007b82        0x2 
 .rodata.__func__.12
                0x0000000010007b84        0xa CMakeFiles/silnik.dir/Users/jakubkloczko/pico/pico-sdk/src/common/pico_time/time.c.obj
 *fill*         0x0000000010007b8e        0x2 
 .rodata.__func__.3
                0x0000000010007b90       0x17 CMakeFiles/silnik.dir/Users/jakubkloczko/pico/pico-sdk/src/common/pico_time/time.c.obj
 *fill*         0x0000000010007ba7        0x1 
 .rodata.__func__.4
                0x0000000010007ba8       0x12 CMakeFiles/silnik.dir/Users/jakubkloczko/pico/pico-sdk/src/common/pico_time/time.c.obj
 *fill*         0x0000000010007bba        0x2 
 .rodata.__func__.5
                0x0000000010007bbc        0xd CMakeFiles/silnik.dir/Users/jakubkloczko/pico/pico-sdk/src/common/pico_time/time.c.obj
 *fill*         0x0000000010007bc9        0x3 
 .rodata.__func__.6
                0x0000000010007bcc       0x12 CMakeFiles/silnik.dir/Users/jakubkloczko/pico/pico-sdk/src/common/pico_time/time.c.obj
 *fill*         0x0000000010007bde        0x2 
 .rodata.__func__.7
                0x0000000010007be0        0xf CMakeFiles/silnik.dir/Users/jakubkloczko/pico/pico-sdk/src/common/pico_time/time.c.obj
 *fill*         0x0000000010007bef        0x1 
 .rodata.__func__.8
                0x0000000010007bf0        0xc CMakeFiles/silnik.dir/Users/jakubkloczko/pico/pico-sdk/src/common/pico_time/time.c.obj
 .rodata.__func__.9
                0x0000000010007bfc       0x15 CMakeFiles/silnik.dir/Users/jakubkloczko/pico/pico-sdk/src/common/pico_time/time.c.obj
 *fill*         0x0000000010007c11        0x3 
 .rodata.hardware_alarm_claim.str1.4
                0x0000000010007c14       0x22 CMakeFiles/silnik.dir/Users/jakubkloczko/pico/pico-sdk/src/rp2_common/hardware_timer/timer.c.obj
 *fill*         0x0000000010007c36        0x2 
 .rodata.hardware_alarm_set_target.str1.4
                0x0000000010007c38       0x6c CMakeFiles/silnik.dir/Users/jakubkloczko/pico/pico-sdk/src/rp2_common/hardware_timer/timer.c.obj
 .rodata.__func__.0
                0x0000000010007ca4       0x1a CMakeFiles/silnik.dir/Users/jakubkloczko/pico/pico-sdk/src/rp2_common/hardware_timer/timer.c.obj
 .rodata.ph_add_child_node.str1.4
                0x0000000010007cbe       0x9e CMakeFiles/silnik.dir/Users/jakubkloczko/pico/pico-sdk/src/common/pico_util/pheap.c.obj
 *fill*         0x0000000010007cbe        0x2 
 .rodata.ph_remove_any_head.str1.4
                0x0000000010007cc0       0x94 CMakeFiles/silnik.dir/Users/jakubkloczko/pico/pico-sdk/src/common/pico_util/pheap.c.obj
                                         0xa8 (size before relaxing)
 .rodata.ph_remove_and_free_node.str1.4
                0x0000000010007d54       0x1e CMakeFiles/silnik.dir/Users/jakubkloczko/pico/pico-sdk/src/common/pico_util/pheap.c.obj
                                         0x26 (size before relaxing)
 *fill*         0x0000000010007d72        0x2 
 .rodata.__func__.0
                0x0000000010007d74       0x18 CMakeFiles/silnik.dir/Users/jakubkloczko/pico/pico-sdk/src/common/pico_util/pheap.c.obj
 .rodata.__func__.1
                0x0000000010007d8c       0x13 CMakeFiles/silnik.dir/Users/jakubkloczko/pico/pico-sdk/src/common/pico_util/pheap.c.obj
 *fill*         0x0000000010007d9f        0x1 
 .rodata.__func__.2
                0x0000000010007da0       0x12 CMakeFiles/silnik.dir/Users/jakubkloczko/pico/pico-sdk/src/common/pico_util/pheap.c.obj
 *fill*         0x0000000010007db2        0x2 
 .rodata.__func__.3
                0x0000000010007db4        0xc CMakeFiles/silnik.dir/Users/jakubkloczko/pico/pico-sdk/src/common/pico_util/pheap.c.obj
 .rodata.clock_configure.str1.4
                0x0000000010007dc0       0x5e CMakeFiles/silnik.dir/Users/jakubkloczko/pico/pico-sdk/src/rp2_common/hardware_clocks/clocks.c.obj
 *fill*         0x0000000010007e1e        0x2 
 .rodata.__func__.1
                0x0000000010007e20       0x10 CMakeFiles/silnik.dir/Users/jakubkloczko/pico/pico-sdk/src/rp2_common/hardware_clocks/clocks.c.obj
 .rodata.pll_init.str1.4
                0x0000000010007e30      0x127 CMakeFiles/silnik.dir/Users/jakubkloczko/pico/pico-sdk/src/rp2_common/hardware_pll/pll.c.obj
 *fill*         0x0000000010007f57        0x1 
 .rodata.__func__.0
                0x0000000010007f58        0x9 CMakeFiles/silnik.dir/Users/jakubkloczko/pico/pico-sdk/src/rp2_common/hardware_pll/pll.c.obj
 *fill*         0x0000000010007f61        0x3 
 .rodata.__assert_func.str1.4
                0x0000000010007f64       0x3f CMakeFiles/silnik.dir/Users/jakubkloczko/pico/pico-sdk/src/rp2_common/pico_runtime/runtime.c.obj
                                         0x43 (size before relaxing)
 *fill*         0x0000000010007fa3        0x1 
 .rodata.runtime_init.str1.4
                0x0000000010007fa4       0x68 CMakeFiles/silnik.dir/Users/jakubkloczko/pico/pico-sdk/src/rp2_common/pico_runtime/runtime.c.obj
 .rodata.panic.str1.4
                0x000000001000800c       0x12 CMakeFiles/silnik.dir/Users/jakubkloczko/pico/pico-sdk/src/rp2_common/pico_runtime/runtime.c.obj
 *fill*         0x000000001000801e        0x2 
 .rodata.__func__.2
                0x0000000010008020        0xd CMakeFiles/silnik.dir/Users/jakubkloczko/pico/pico-sdk/src/rp2_common/pico_runtime/runtime.c.obj
 *fill*         0x000000001000802d        0x3 
 .rodata._ftoa.str1.4
                0x0000000010008030       0x15 CMakeFiles/silnik.dir/Users/jakubkloczko/pico/pico-sdk/src/rp2_common/pico_printf/printf.c.obj
 *fill*         0x0000000010008045        0x3 
 .rodata._vsnprintf
                0x0000000010008048      0x1e0 CMakeFiles/silnik.dir/Users/jakubkloczko/pico/pico-sdk/src/rp2_common/pico_printf/printf.c.obj
 .rodata.pow10.0
                0x0000000010008228       0x50 CMakeFiles/silnik.dir/Users/jakubkloczko/pico/pico-sdk/src/rp2_common/pico_printf/printf.c.obj
 .rodata.__aeabi_double_init.str1.4
                0x0000000010008278       0xaf CMakeFiles/silnik.dir/Users/jakubkloczko/pico/pico-sdk/src/rp2_common/pico_double/double_init_rom.c.obj
 *fill*         0x0000000010008327        0x1 
 .rodata.__func__.0
                0x0000000010008328       0x14 CMakeFiles/silnik.dir/Users/jakubkloczko/pico/pico-sdk/src/rp2_common/pico_double/double_init_rom.c.obj
 .rodata.__aeabi_float_init.str1.4
                0x000000001000833c       0x81 CMakeFiles/silnik.dir/Users/jakubkloczko/pico/pico-sdk/src/rp2_common/pico_float/float_init_rom.c.obj
                                         0x85 (size before relaxing)
 *fill*         0x00000000100083bd        0x3 
 .rodata.__func__.0
                0x00000000100083c0       0x13 CMakeFiles/silnik.dir/Users/jakubkloczko/pico/pico-sdk/src/rp2_common/pico_float/float_init_rom.c.obj
 *fill*         0x00000000100083d3        0x1 
 .rodata.str1.4
                0x00000000100083d4       0x3c CMakeFiles/silnik.dir/Users/jakubkloczko/pico/pico-sdk/src/rp2_common/pico_standard_link/binary_info.c.obj
 .rodata.__bi_44
                0x0000000010008410        0xc CMakeFiles/silnik.dir/Users/jakubkloczko/pico/pico-sdk/src/rp2_common/pico_standard_link/binary_info.c.obj
 .rodata.__bi_75
                0x000000001000841c        0xc CMakeFiles/silnik.dir/Users/jakubkloczko/pico/pico-sdk/src/rp2_common/pico_standard_link/binary_info.c.obj
 .rodata.__bi_81
                0x0000000010008428        0xc CMakeFiles/silnik.dir/Users/jakubkloczko/pico/pico-sdk/src/rp2_common/pico_standard_link/binary_info.c.obj
 .rodata.stdout_serialize_begin.str1.4
                0x0000000010008434       0x68 CMakeFiles/silnik.dir/Users/jakubkloczko/pico/pico-sdk/src/rp2_common/pico_stdio/stdio.c.obj
 .rodata.__func__.3
                0x0000000010008434       0x15 CMakeFiles/silnik.dir/Users/jakubkloczko/pico/pico-sdk/src/rp2_common/pico_stdio/stdio.c.obj
 *fill*         0x0000000010008449        0x3 
 .rodata.crlf_str.2
                0x000000001000844c        0x2 CMakeFiles/silnik.dir/Users/jakubkloczko/pico/pico-sdk/src/rp2_common/pico_stdio/stdio.c.obj
 *fill*         0x000000001000844e        0x2 
 .rodata.str1.4
                0x0000000010008450       0x2c CMakeFiles/silnik.dir/Users/jakubkloczko/pico/pico-sdk/src/rp2_common/pico_stdio_uart/stdio_uart.c.obj
 .rodata.__bi_33.4
                0x000000001000847c        0xc CMakeFiles/silnik.dir/Users/jakubkloczko/pico/pico-sdk/src/rp2_common/pico_stdio_uart/stdio_uart.c.obj
 .rodata.__bi_34.5
                0x0000000010008488        0x8 CMakeFiles/silnik.dir/Users/jakubkloczko/pico/pico-sdk/src/rp2_common/pico_stdio_uart/stdio_uart.c.obj
 .rodata._resetd_driver
                0x0000000010008490       0x18 CMakeFiles/silnik.dir/Users/jakubkloczko/pico/pico-sdk/src/rp2_common/pico_stdio_usb/reset_interface.c.obj
 .rodata.low_priority_worker_irq.str1.4
                0x00000000100084a8       0x68 CMakeFiles/silnik.dir/Users/jakubkloczko/pico/pico-sdk/src/rp2_common/pico_stdio_usb/stdio_usb.c.obj
 .rodata.stdio_usb_init.str1.4
                0x00000000100084a8       0x4c CMakeFiles/silnik.dir/Users/jakubkloczko/pico/pico-sdk/src/rp2_common/pico_stdio_usb/stdio_usb.c.obj
                                         0x54 (size before relaxing)
 .rodata.str1.4
                0x00000000100084f4       0x13 CMakeFiles/silnik.dir/Users/jakubkloczko/pico/pico-sdk/src/rp2_common/pico_stdio_usb/stdio_usb.c.obj
 *fill*         0x0000000010008507        0x1 
 .rodata.__bi_188.0
                0x0000000010008508        0xc CMakeFiles/silnik.dir/Users/jakubkloczko/pico/pico-sdk/src/rp2_common/pico_stdio_usb/stdio_usb.c.obj
 .rodata.__func__.1
                0x0000000010008514        0xf CMakeFiles/silnik.dir/Users/jakubkloczko/pico/pico-sdk/src/rp2_common/pico_stdio_usb/stdio_usb.c.obj
 *fill*         0x0000000010008523        0x1 
 .rodata.__func__.3
                0x0000000010008524       0x15 CMakeFiles/silnik.dir/Users/jakubkloczko/pico/pico-sdk/src/rp2_common/pico_stdio_usb/stdio_usb.c.obj
 *fill*         0x0000000010008539        0x3 
 .rodata.str1.4
                0x000000001000853c       0x2a CMakeFiles/silnik.dir/Users/jakubkloczko/pico/pico-sdk/src/rp2_common/pico_stdio_usb/stdio_usb_descriptors.c.obj
 *fill*         0x0000000010008566        0x2 
 .rodata.usbd_desc_cfg
                0x0000000010008568       0x54 CMakeFiles/silnik.dir/Users/jakubkloczko/pico/pico-sdk/src/rp2_common/pico_stdio_usb/stdio_usb_descriptors.c.obj
 .rodata.usbd_desc_device
                0x00000000100085bc       0x12 CMakeFiles/silnik.dir/Users/jakubkloczko/pico/pico-sdk/src/rp2_common/pico_stdio_usb/stdio_usb_descriptors.c.obj
 *fill*         0x00000000100085ce        0x2 
 .rodata.usbd_desc_str
                0x00000000100085d0       0x18 CMakeFiles/silnik.dir/Users/jakubkloczko/pico/pico-sdk/src/rp2_common/pico_stdio_usb/stdio_usb_descriptors.c.obj
 .rodata.pico_get_unique_board_id_string.str1.4
                0x00000000100085e8       0x54 CMakeFiles/silnik.dir/Users/jakubkloczko/pico/pico-sdk/src/rp2_common/pico_unique_id/unique_id.c.obj
 .rodata.__func__.0
                0x000000001000863c       0x20 CMakeFiles/silnik.dir/Users/jakubkloczko/pico/pico-sdk/src/rp2_common/pico_unique_id/unique_id.c.obj
 .rodata.str1.4
                0x000000001000865c      0x15e CMakeFiles/silnik.dir/Users/jakubkloczko/pico/pico-sdk/src/rp2_common/hardware_flash/flash.c.obj
 *fill*         0x00000000100087ba        0x2 
 .rodata.__func__.0
                0x00000000100087bc        0xd CMakeFiles/silnik.dir/Users/jakubkloczko/pico/pico-sdk/src/rp2_common/hardware_flash/flash.c.obj
 *fill*         0x00000000100087c9        0x3 
 .rodata._hw_endpoint_alloc.str1.4
                0x00000000100087cc       0xbd CMakeFiles/silnik.dir/Users/jakubkloczko/pico/pico-sdk/lib/tinyusb/src/portable/raspberrypi/rp2040/dcd_rp2040.c.obj
 *fill*         0x0000000010008889        0x3 
 .rodata.str1.4
                0x000000001000888c       0x14 CMakeFiles/silnik.dir/Users/jakubkloczko/pico/pico-sdk/lib/tinyusb/src/portable/raspberrypi/rp2040/dcd_rp2040.c.obj
 .rodata.dcd_int_enable.str1.4
                0x00000000100088a0        0xc CMakeFiles/silnik.dir/Users/jakubkloczko/pico/pico-sdk/lib/tinyusb/src/portable/raspberrypi/rp2040/dcd_rp2040.c.obj
 .rodata.__func__.0
                0x00000000100088ac        0xe CMakeFiles/silnik.dir/Users/jakubkloczko/pico/pico-sdk/lib/tinyusb/src/portable/raspberrypi/rp2040/dcd_rp2040.c.obj
 *fill*         0x00000000100088ba        0x2 
 .rodata.__func__.1
                0x00000000100088bc        0xe CMakeFiles/silnik.dir/Users/jakubkloczko/pico/pico-sdk/lib/tinyusb/src/portable/raspberrypi/rp2040/dcd_rp2040.c.obj
 *fill*         0x00000000100088ca        0x2 
 .rodata.__func__.3
                0x00000000100088cc       0x10 CMakeFiles/silnik.dir/Users/jakubkloczko/pico/pico-sdk/lib/tinyusb/src/portable/raspberrypi/rp2040/dcd_rp2040.c.obj
 .rodata.__func__.5
                0x00000000100088dc        0xf CMakeFiles/silnik.dir/Users/jakubkloczko/pico/pico-sdk/lib/tinyusb/src/portable/raspberrypi/rp2040/dcd_rp2040.c.obj
 *fill*         0x00000000100088eb        0x1 
 .rodata.__func__.6
                0x00000000100088ec       0x13 CMakeFiles/silnik.dir/Users/jakubkloczko/pico/pico-sdk/lib/tinyusb/src/portable/raspberrypi/rp2040/dcd_rp2040.c.obj
 *fill*         0x00000000100088ff        0x1 
 .rodata.__func__.7
                0x0000000010008900        0x9 CMakeFiles/silnik.dir/Users/jakubkloczko/pico/pico-sdk/lib/tinyusb/src/portable/raspberrypi/rp2040/dcd_rp2040.c.obj
 *fill*         0x0000000010008909        0x3 
 .rodata.str1.4
                0x000000001000890c       0xe5 CMakeFiles/silnik.dir/Users/jakubkloczko/pico/pico-sdk/lib/tinyusb/src/portable/raspberrypi/rp2040/rp2040_usb.c.obj
                                         0xef (size before relaxing)
 *fill*         0x00000000100089f1        0x3 
 .rodata.__func__.0
                0x00000000100089f4        0xf CMakeFiles/silnik.dir/Users/jakubkloczko/pico/pico-sdk/lib/tinyusb/src/portable/raspberrypi/rp2040/rp2040_usb.c.obj
 *fill*         0x0000000010008a03        0x1 
 .rodata.process_get_descriptor
                0x0000000010008a04       0x40 CMakeFiles/silnik.dir/Users/jakubkloczko/pico/pico-sdk/lib/tinyusb/src/device/usbd.c.obj
 .rodata.process_control_request
                0x0000000010008a44       0x28 CMakeFiles/silnik.dir/Users/jakubkloczko/pico/pico-sdk/lib/tinyusb/src/device/usbd.c.obj
 .rodata.tud_task_ext
                0x0000000010008a6c       0x24 CMakeFiles/silnik.dir/Users/jakubkloczko/pico/pico-sdk/lib/tinyusb/src/device/usbd.c.obj
 .rodata._usbd_driver
                0x0000000010008a90       0x18 CMakeFiles/silnik.dir/Users/jakubkloczko/pico/pico-sdk/lib/tinyusb/src/device/usbd.c.obj
                0x0000000010008aa8                . = ALIGN (0x4)
 *(SORT_BY_ALIGNMENT(SORT_BY_NAME(.flashdata*)))
                0x0000000010008aa8                . = ALIGN (0x4)

.rel.dyn        0x0000000010008aa8        0x0
 .rel.iplt      0x0000000010008aa8        0x0 /usr/local/Cellar/arm-none-eabi-gcc/10.3-2021.07/gcc/bin/../lib/gcc/arm-none-eabi/10.3.1/thumb/v6-m/nofp/crtbegin.o

.ARM.extab
 *(.ARM.extab* .gnu.linkonce.armextab.*)
                0x0000000010008aa8                __exidx_start = .

.ARM.exidx
 *(.ARM.exidx* .gnu.linkonce.armexidx.*)
                0x0000000010008aa8                __exidx_end = .
                0x0000000010008aa8                . = ALIGN (0x4)
                0x0000000010008aa8                __binary_info_start = .

.binary_info    0x0000000010008aa8       0x28
 *(.binary_info.keep.*)
 .binary_info.keep.__bi_ptr22
                0x0000000010008aa8        0x4 CMakeFiles/silnik.dir/Users/jakubkloczko/pico/pico-sdk/src/rp2_common/pico_standard_link/binary_info.c.obj
 .binary_info.keep.__bi_ptr30
                0x0000000010008aac        0x4 CMakeFiles/silnik.dir/Users/jakubkloczko/pico/pico-sdk/src/rp2_common/pico_standard_link/binary_info.c.obj
 .binary_info.keep.__bi_ptr38
                0x0000000010008ab0        0x4 CMakeFiles/silnik.dir/Users/jakubkloczko/pico/pico-sdk/src/rp2_common/pico_standard_link/binary_info.c.obj
 .binary_info.keep.__bi_ptr44
                0x0000000010008ab4        0x4 CMakeFiles/silnik.dir/Users/jakubkloczko/pico/pico-sdk/src/rp2_common/pico_standard_link/binary_info.c.obj
 .binary_info.keep.__bi_ptr50
                0x0000000010008ab8        0x4 CMakeFiles/silnik.dir/Users/jakubkloczko/pico/pico-sdk/src/rp2_common/pico_standard_link/binary_info.c.obj
 .binary_info.keep.__bi_ptr75
                0x0000000010008abc        0x4 CMakeFiles/silnik.dir/Users/jakubkloczko/pico/pico-sdk/src/rp2_common/pico_standard_link/binary_info.c.obj
 .binary_info.keep.__bi_ptr81
                0x0000000010008ac0        0x4 CMakeFiles/silnik.dir/Users/jakubkloczko/pico/pico-sdk/src/rp2_common/pico_standard_link/binary_info.c.obj
 *(.binary_info.*)
 .binary_info.__bi_ptr33
                0x0000000010008ac4        0x4 CMakeFiles/silnik.dir/Users/jakubkloczko/pico/pico-sdk/src/rp2_common/pico_stdio_uart/stdio_uart.c.obj
 .binary_info.__bi_ptr34
                0x0000000010008ac8        0x4 CMakeFiles/silnik.dir/Users/jakubkloczko/pico/pico-sdk/src/rp2_common/pico_stdio_uart/stdio_uart.c.obj
 .binary_info.__bi_ptr188
                0x0000000010008acc        0x4 CMakeFiles/silnik.dir/Users/jakubkloczko/pico/pico-sdk/src/rp2_common/pico_stdio_usb/stdio_usb.c.obj
                0x0000000010008ad0                __binary_info_end = .
                0x0000000010008ad0                . = ALIGN (0x4)
                0x0000000010008ad0                __etext = .

.ram_vector_table
                0x0000000020000000       0xc0
 *(.ram_vector_table)
 .ram_vector_table
                0x0000000020000000       0xc0 CMakeFiles/silnik.dir/Users/jakubkloczko/pico/pico-sdk/src/rp2_common/pico_runtime/runtime.c.obj
                0x0000000020000000                ram_vector_table

.data           0x00000000200000c0      0xbf8 load address 0x0000000010008ad0
                0x00000000200000c0                __data_start__ = .
 *(vtable)
 *(.time_critical*)
 .time_critical.mutex_try_enter
                0x00000000200000c0       0x46 CMakeFiles/silnik.dir/Users/jakubkloczko/pico/pico-sdk/src/common/pico_sync/mutex.c.obj
                0x00000000200000c0                mutex_try_enter
 *fill*         0x0000000020000106        0x2 
 .time_critical.mutex_enter_block_until
                0x0000000020000108       0x8c CMakeFiles/silnik.dir/Users/jakubkloczko/pico/pico-sdk/src/common/pico_sync/mutex.c.obj
                0x0000000020000108                mutex_enter_block_until
 .time_critical.mutex_try_enter_block_until
                0x0000000020000194       0x34 CMakeFiles/silnik.dir/Users/jakubkloczko/pico/pico-sdk/src/common/pico_sync/mutex.c.obj
                0x0000000020000194                mutex_try_enter_block_until
 .time_critical.mutex_enter_timeout_ms
                0x00000000200001c8       0x68 CMakeFiles/silnik.dir/Users/jakubkloczko/pico/pico-sdk/src/common/pico_sync/mutex.c.obj
                0x00000000200001c8                mutex_enter_timeout_ms
 .time_critical.mutex_exit
                0x0000000020000230       0x4c CMakeFiles/silnik.dir/Users/jakubkloczko/pico/pico-sdk/src/common/pico_sync/mutex.c.obj
                0x0000000020000230                mutex_exit
 .time_critical.flash_init_boot2_copyout
                0x000000002000027c       0x30 CMakeFiles/silnik.dir/Users/jakubkloczko/pico/pico-sdk/src/rp2_common/hardware_flash/flash.c.obj
 .time_critical.flash_enable_xip_via_boot2
                0x00000000200002ac       0x10 CMakeFiles/silnik.dir/Users/jakubkloczko/pico/pico-sdk/src/rp2_common/hardware_flash/flash.c.obj
 .time_critical.flash_cs_force
                0x00000000200002bc       0x28 CMakeFiles/silnik.dir/Users/jakubkloczko/pico/pico-sdk/src/rp2_common/hardware_flash/flash.c.obj
 .time_critical.flash_do_cmd
                0x00000000200002e4       0xd8 CMakeFiles/silnik.dir/Users/jakubkloczko/pico/pico-sdk/src/rp2_common/hardware_flash/flash.c.obj
                0x00000000200002e4                flash_do_cmd
 .time_critical.reset_non_control_endpoints
                0x00000000200003bc       0x40 CMakeFiles/silnik.dir/Users/jakubkloczko/pico/pico-sdk/lib/tinyusb/src/portable/raspberrypi/rp2040/dcd_rp2040.c.obj
 .time_critical.hw_handle_buff_status
                0x00000000200003fc       0xa4 CMakeFiles/silnik.dir/Users/jakubkloczko/pico/pico-sdk/lib/tinyusb/src/portable/raspberrypi/rp2040/dcd_rp2040.c.obj
 .time_critical.dcd_rp2040_irq
                0x00000000200004a0      0x1cc CMakeFiles/silnik.dir/Users/jakubkloczko/pico/pico-sdk/lib/tinyusb/src/portable/raspberrypi/rp2040/dcd_rp2040.c.obj
 .time_critical.e15_is_bulkin_ep
                0x000000002000066c       0x2c CMakeFiles/silnik.dir/Users/jakubkloczko/pico/pico-sdk/lib/tinyusb/src/portable/raspberrypi/rp2040/rp2040_usb.c.obj
 .time_critical.e15_is_critical_frame_period
                0x0000000020000698       0x30 CMakeFiles/silnik.dir/Users/jakubkloczko/pico/pico-sdk/lib/tinyusb/src/portable/raspberrypi/rp2040/rp2040_usb.c.obj
 .time_critical.prepare_ep_buffer
                0x00000000200006c8       0x70 CMakeFiles/silnik.dir/Users/jakubkloczko/pico/pico-sdk/lib/tinyusb/src/portable/raspberrypi/rp2040/rp2040_usb.c.obj
 .time_critical.sync_ep_buffer
                0x0000000020000738       0x80 CMakeFiles/silnik.dir/Users/jakubkloczko/pico/pico-sdk/lib/tinyusb/src/portable/raspberrypi/rp2040/rp2040_usb.c.obj
 .time_critical._hw_endpoint_xfer_sync
                0x00000000200007b8       0x28 CMakeFiles/silnik.dir/Users/jakubkloczko/pico/pico-sdk/lib/tinyusb/src/portable/raspberrypi/rp2040/rp2040_usb.c.obj
 .time_critical.hw_endpoint_reset_transfer
                0x00000000200007e0        0xc CMakeFiles/silnik.dir/Users/jakubkloczko/pico/pico-sdk/lib/tinyusb/src/portable/raspberrypi/rp2040/rp2040_usb.c.obj
                0x00000000200007e0                hw_endpoint_reset_transfer
 .time_critical._hw_endpoint_buffer_control_update32
                0x00000000200007ec       0x58 CMakeFiles/silnik.dir/Users/jakubkloczko/pico/pico-sdk/lib/tinyusb/src/portable/raspberrypi/rp2040/rp2040_usb.c.obj
                0x00000000200007ec                _hw_endpoint_buffer_control_update32
 .time_critical.hw_endpoint_start_next_buffer
                0x0000000020000844       0x88 CMakeFiles/silnik.dir/Users/jakubkloczko/pico/pico-sdk/lib/tinyusb/src/portable/raspberrypi/rp2040/rp2040_usb.c.obj
                0x0000000020000844                hw_endpoint_start_next_buffer
 .time_critical.hw_endpoint_xfer_continue